[2026-09-18T14:45:57.656+0000] {taskinstance.py:1956} INFO - Dependencies all met for dep_context=non-requeueable deps ti=<TaskInstance: wifi_livre_sp_pipeline.transformar_pyspark manual__2026-09-18T14:45:54.199341+00:00 [queued]>
[2026-09-18T14:45:57.669+0000] {taskinstance.py:1956} INFO - Dependencies all met for dep_context=requeueable deps ti=<TaskInstance: wifi_livre_sp_pipeline.transformar_pyspark manual__2026-09-18T14:45:54.199341+00:00 [queued]>
[2026-09-18T14:45:57.670+0000] {taskinstance.py:2170} INFO - Starting attempt 1 of 1
[2026-09-18T14:45:57.699+0000] {taskinstance.py:2191} INFO - Executing <Task(BashOperator): transformar_pyspark> on 2026-09-18 14:45:54.199341+00:00
[2026-09-18T14:45:57.709+0000] {standard_task_runner.py:60} INFO - Started process 201 to run task
[2026-09-18T14:45:57.712+0000] {standard_task_runner.py:87} INFO - Running: ['airflow', 'tasks', 'run', 'wifi_livre_sp_pipeline', 'transformar_pyspark', 'manual__2026-09-18T14:45:54.199341+00:00', '--job-id', '13', '--raw', '--subdir', 'DAGS_FOLDER/wifi_pipeline_dag.py', '--cfg-path', '/tmp/tmpej6nbn5u']
[2026-09-18T14:45:57.714+0000] {standard_task_runner.py:88} INFO - Job 13: Subtask transformar_pyspark
[2026-09-18T14:45:57.732+0000] {logging_mixin.py:188} WARNING - /home/airflow/.local/lib/python3.8/site-packages/airflow/settings.py:194 DeprecationWarning: The sql_alchemy_conn option in [core] has been moved to the sql_alchemy_conn option in [database] - the old setting has been used, but please update your config.
[2026-09-18T14:45:57.775+0000] {task_command.py:423} INFO - Running <TaskInstance: wifi_livre_sp_pipeline.transformar_pyspark manual__2026-09-18T14:45:54.199341+00:00 [running]> on host 34b4a84f9b0e
[2026-09-18T14:45:57.862+0000] {taskinstance.py:2480} INFO - Exporting env vars: AIRFLOW_CTX_DAG_OWNER='infrasaber' AIRFLOW_CTX_DAG_ID='wifi_livre_sp_pipeline' AIRFLOW_CTX_TASK_ID='transformar_pyspark' AIRFLOW_CTX_EXECUTION_DATE='2026-09-18T14:45:54.199341+00:00' AIRFLOW_CTX_TRY_NUMBER='1' AIRFLOW_CTX_DAG_RUN_ID='manual__2026-09-18T14:45:54.199341+00:00'
[2026-09-18T14:45:57.863+0000] {subprocess.py:63} INFO - Tmp dir root location: /tmp
[2026-09-18T14:45:57.864+0000] {subprocess.py:75} INFO - Running command: ['/usr/bin/bash', '-c', 'python /opt/airflow/spark_jobs/wifi_transform.py']
[2026-09-18T14:45:57.877+0000] {subprocess.py:86} INFO - Output:
[2026-09-18T14:45:59.374+0000] {subprocess.py:93} INFO - :: loading settings :: url = jar:file:/home/airflow/.local/lib/python3.8/site-packages/pyspark/jars/ivy-2.5.1.jar!/org/apache/ivy/core/settings/ivysettings.xml
[2026-09-18T14:45:59.442+0000] {subprocess.py:93} INFO - Ivy Default Cache set to: /home/airflow/.ivy2/cache
[2026-09-18T14:45:59.443+0000] {subprocess.py:93} INFO - The jars for the packages stored in: /home/airflow/.ivy2/jars
[2026-09-18T14:45:59.447+0000] {subprocess.py:93} INFO - org.postgresql#postgresql added as a dependency
[2026-09-18T14:45:59.448+0000] {subprocess.py:93} INFO - :: resolving dependencies :: org.apache.spark#spark-submit-parent-c8cf9909-3429-4f1b-94c7-357b51687109;1.0
[2026-09-18T14:45:59.449+0000] {subprocess.py:93} INFO - 	confs: [default]
[2026-09-18T14:45:59.901+0000] {subprocess.py:93} INFO - 	found org.postgresql#postgresql;42.7.3 in central
[2026-09-18T14:45:59.975+0000] {subprocess.py:93} INFO - 	found org.checkerframework#checker-qual;3.42.0 in central
[2026-09-18T14:46:00.008+0000] {subprocess.py:93} INFO - downloading https://repo1.maven.org/maven2/org/postgresql/postgresql/42.7.3/postgresql-42.7.3.jar ...
[2026-09-18T14:46:00.112+0000] {subprocess.py:93} INFO - 	[SUCCESSFUL ] org.postgresql#postgresql;42.7.3!postgresql.jar (122ms)
[2026-09-18T14:46:00.137+0000] {subprocess.py:93} INFO - downloading https://repo1.maven.org/maven2/org/checkerframework/checker-qual/3.42.0/checker-qual-3.42.0.jar ...
[2026-09-18T14:46:00.173+0000] {subprocess.py:93} INFO - 	[SUCCESSFUL ] org.checkerframework#checker-qual;3.42.0!checker-qual.jar (57ms)
[2026-09-18T14:46:00.174+0000] {subprocess.py:93} INFO - :: resolution report :: resolve 538ms :: artifacts dl 188ms
[2026-09-18T14:46:00.174+0000] {subprocess.py:93} INFO - 	:: modules in use:
[2026-09-18T14:46:00.174+0000] {subprocess.py:93} INFO - 	org.checkerframework#checker-qual;3.42.0 from central in [default]
[2026-09-18T14:46:00.174+0000] {subprocess.py:93} INFO - 	org.postgresql#postgresql;42.7.3 from central in [default]
[2026-09-18T14:46:00.174+0000] {subprocess.py:93} INFO - 	---------------------------------------------------------------------
[2026-09-18T14:46:00.175+0000] {subprocess.py:93} INFO - 	|                  |            modules            ||   artifacts   |
[2026-09-18T14:46:00.175+0000] {subprocess.py:93} INFO - 	|       conf       | number| search|dwnlded|evicted|| number|dwnlded|
[2026-09-18T14:46:00.175+0000] {subprocess.py:93} INFO - 	---------------------------------------------------------------------
[2026-09-18T14:46:00.175+0000] {subprocess.py:93} INFO - 	|      default     |   2   |   2   |   2   |   0   ||   2   |   2   |
[2026-09-18T14:46:00.175+0000] {subprocess.py:93} INFO - 	---------------------------------------------------------------------
[2026-09-18T14:46:00.178+0000] {subprocess.py:93} INFO - :: retrieving :: org.apache.spark#spark-submit-parent-c8cf9909-3429-4f1b-94c7-357b51687109
[2026-09-18T14:46:00.178+0000] {subprocess.py:93} INFO - 	confs: [default]
[2026-09-18T14:46:00.187+0000] {subprocess.py:93} INFO - 	2 artifacts copied, 0 already retrieved (1289kB/10ms)
[2026-09-18T14:46:00.365+0000] {subprocess.py:93} INFO - 26/09/18 14:46:00 WARN NativeCodeLoader: Unable to load native-hadoop library for your platform... using builtin-java classes where applicable
[2026-09-18T14:46:00.515+0000] {subprocess.py:93} INFO - Setting default log level to "WARN".
[2026-09-18T14:46:00.515+0000] {subprocess.py:93} INFO - To adjust logging level use sc.setLogLevel(newLevel). For SparkR, use setLogLevel(newLevel).
[2026-09-18T14:46:03.830+0000] {subprocess.py:93} INFO - 26/09/18 14:46:03 WARN SparkStringUtils: Truncated the string representation of a plan since it was too large. This behavior can be adjusted by setting 'spark.sql.debug.maxToStringFields'.
[2026-09-18T14:46:07.250+0000] {subprocess.py:93} INFO - [Stage 0:>                                                          (0 + 1) / 1][Stage 2:>                                                          (0 + 1) / 1]                                                                                Traceback (most recent call last):
[2026-09-18T14:46:07.251+0000] {subprocess.py:93} INFO -   File "/opt/airflow/spark_jobs/wifi_transform.py", line 107, in <module>
[2026-09-18T14:46:07.252+0000] {subprocess.py:93} INFO -     main()
[2026-09-18T14:46:07.252+0000] {subprocess.py:93} INFO -   File "/opt/airflow/spark_jobs/wifi_transform.py", line 100, in main
[2026-09-18T14:46:07.253+0000] {subprocess.py:93} INFO -     write_analytics(df_agg)
[2026-09-18T14:46:07.253+0000] {subprocess.py:93} INFO -   File "/opt/airflow/spark_jobs/wifi_transform.py", line 83, in write_analytics
[2026-09-18T14:46:07.253+0000] {subprocess.py:93} INFO -     df_agg.write.jdbc(
[2026-09-18T14:46:07.254+0000] {subprocess.py:93} INFO -   File "/home/airflow/.local/lib/python3.8/site-packages/pyspark/sql/readwriter.py", line 1984, in jdbc
[2026-09-18T14:46:07.254+0000] {subprocess.py:93} INFO -     self.mode(mode)._jwrite.jdbc(url, table, jprop)
[2026-09-18T14:46:07.254+0000] {subprocess.py:93} INFO -   File "/home/airflow/.local/lib/python3.8/site-packages/py4j/java_gateway.py", line 1322, in __call__
[2026-09-18T14:46:07.254+0000] {subprocess.py:93} INFO -     return_value = get_return_value(
[2026-09-18T14:46:07.254+0000] {subprocess.py:93} INFO -   File "/home/airflow/.local/lib/python3.8/site-packages/pyspark/errors/exceptions/captured.py", line 185, in deco
[2026-09-18T14:46:07.255+0000] {subprocess.py:93} INFO -     raise converted from None
[2026-09-18T14:46:07.255+0000] {subprocess.py:93} INFO - pyspark.errors.exceptions.captured.AnalysisException: Column total_manutencao not found in schema Some(StructType(StructField(id,IntegerType,false),StructField(bairro,StringType,true),StructField(regiao,StringType,true),StructField(total_pontos,IntegerType,true),StructField(total_ativos,IntegerType,true))).
[2026-09-18T14:46:07.799+0000] {subprocess.py:97} INFO - Command exited with return code 1
[2026-09-18T14:46:07.812+0000] {taskinstance.py:2698} ERROR - Task failed with exception
Traceback (most recent call last):
  File "/home/airflow/.local/lib/python3.8/site-packages/airflow/models/taskinstance.py", line 433, in _execute_task
    result = execute_callable(context=context, **execute_callable_kwargs)
  File "/home/airflow/.local/lib/python3.8/site-packages/airflow/operators/bash.py", line 212, in execute
    raise AirflowException(
airflow.exceptions.AirflowException: Bash command failed. The command returned a non-zero exit code 1.
[2026-09-18T14:46:07.815+0000] {taskinstance.py:1138} INFO - Marking task as FAILED. dag_id=wifi_livre_sp_pipeline, task_id=transformar_pyspark, execution_date=20260918T144554, start_date=20260918T144557, end_date=20260918T144607
[2026-09-18T14:46:07.829+0000] {standard_task_runner.py:107} ERROR - Failed to execute job 13 for task transformar_pyspark (Bash command failed. The command returned a non-zero exit code 1.; 201)
[2026-09-18T14:46:07.874+0000] {local_task_job_runner.py:234} INFO - Task exited with return code 1
[2026-09-18T14:46:07.891+0000] {taskinstance.py:3280} INFO - 0 downstream tasks scheduled from follow-on schedule check
