[2026-09-23T19:09:47.412+0000] {taskinstance.py:1956} INFO - Dependencies all met for dep_context=non-requeueable deps ti=<TaskInstance: wifi_livre_sp_pipeline.transformar_pyspark scheduled__2026-09-22T00:00:00+00:00 [queued]>
[2026-09-23T19:09:47.423+0000] {taskinstance.py:1956} INFO - Dependencies all met for dep_context=requeueable deps ti=<TaskInstance: wifi_livre_sp_pipeline.transformar_pyspark scheduled__2026-09-22T00:00:00+00:00 [queued]>
[2026-09-23T19:09:47.423+0000] {taskinstance.py:2170} INFO - Starting attempt 1 of 1
[2026-09-23T19:09:47.438+0000] {taskinstance.py:2191} INFO - Executing <Task(BashOperator): transformar_pyspark> on 2026-09-22 00:00:00+00:00
[2026-09-23T19:09:47.445+0000] {standard_task_runner.py:60} INFO - Started process 201 to run task
[2026-09-23T19:09:47.448+0000] {standard_task_runner.py:87} INFO - Running: ['airflow', 'tasks', 'run', 'wifi_livre_sp_pipeline', 'transformar_pyspark', 'scheduled__2026-09-22T00:00:00+00:00', '--job-id', '8', '--raw', '--subdir', 'DAGS_FOLDER/wifi_pipeline_dag.py', '--cfg-path', '/tmp/tmpku628j9i']
[2026-09-23T19:09:47.450+0000] {standard_task_runner.py:88} INFO - Job 8: Subtask transformar_pyspark
[2026-09-23T19:09:47.470+0000] {logging_mixin.py:188} WARNING - /home/airflow/.local/lib/python3.8/site-packages/airflow/settings.py:194 DeprecationWarning: The sql_alchemy_conn option in [core] has been moved to the sql_alchemy_conn option in [database] - the old setting has been used, but please update your config.
[2026-09-23T19:09:47.521+0000] {task_command.py:423} INFO - Running <TaskInstance: wifi_livre_sp_pipeline.transformar_pyspark scheduled__2026-09-22T00:00:00+00:00 [running]> on host 2361f2ee27d3
[2026-09-23T19:09:47.627+0000] {taskinstance.py:2480} INFO - Exporting env vars: AIRFLOW_CTX_DAG_OWNER='infrasaber' AIRFLOW_CTX_DAG_ID='wifi_livre_sp_pipeline' AIRFLOW_CTX_TASK_ID='transformar_pyspark' AIRFLOW_CTX_EXECUTION_DATE='2026-09-22T00:00:00+00:00' AIRFLOW_CTX_TRY_NUMBER='1' AIRFLOW_CTX_DAG_RUN_ID='scheduled__2026-09-22T00:00:00+00:00'
[2026-09-23T19:09:47.628+0000] {subprocess.py:63} INFO - Tmp dir root location: /tmp
[2026-09-23T19:09:47.629+0000] {subprocess.py:75} INFO - Running command: ['/usr/bin/bash', '-c', 'python /opt/airflow/spark_jobs/wifi_transform.py']
[2026-09-23T19:09:47.640+0000] {subprocess.py:86} INFO - Output:
[2026-09-23T19:09:49.920+0000] {subprocess.py:93} INFO - :: loading settings :: url = jar:file:/home/airflow/.local/lib/python3.8/site-packages/pyspark/jars/ivy-2.5.1.jar!/org/apache/ivy/core/settings/ivysettings.xml
[2026-09-23T19:09:50.007+0000] {subprocess.py:93} INFO - Ivy Default Cache set to: /home/airflow/.ivy2/cache
[2026-09-23T19:09:50.007+0000] {subprocess.py:93} INFO - The jars for the packages stored in: /home/airflow/.ivy2/jars
[2026-09-23T19:09:50.012+0000] {subprocess.py:93} INFO - org.postgresql#postgresql added as a dependency
[2026-09-23T19:09:50.013+0000] {subprocess.py:93} INFO - :: resolving dependencies :: org.apache.spark#spark-submit-parent-a1294575-f38c-4974-8cbc-24ade88c4a72;1.0
[2026-09-23T19:09:50.014+0000] {subprocess.py:93} INFO - 	confs: [default]
[2026-09-23T19:09:50.157+0000] {subprocess.py:93} INFO - 	found org.postgresql#postgresql;42.7.3 in central
[2026-09-23T19:09:50.190+0000] {subprocess.py:93} INFO - 	found org.checkerframework#checker-qual;3.42.0 in central
[2026-09-23T19:09:50.224+0000] {subprocess.py:93} INFO - :: resolution report :: resolve 201ms :: artifacts dl 9ms
[2026-09-23T19:09:50.225+0000] {subprocess.py:93} INFO - 	:: modules in use:
[2026-09-23T19:09:50.225+0000] {subprocess.py:93} INFO - 	org.checkerframework#checker-qual;3.42.0 from central in [default]
[2026-09-23T19:09:50.226+0000] {subprocess.py:93} INFO - 	org.postgresql#postgresql;42.7.3 from central in [default]
[2026-09-23T19:09:50.226+0000] {subprocess.py:93} INFO - 	---------------------------------------------------------------------
[2026-09-23T19:09:50.226+0000] {subprocess.py:93} INFO - 	|                  |            modules            ||   artifacts   |
[2026-09-23T19:09:50.226+0000] {subprocess.py:93} INFO - 	|       conf       | number| search|dwnlded|evicted|| number|dwnlded|
[2026-09-23T19:09:50.226+0000] {subprocess.py:93} INFO - 	---------------------------------------------------------------------
[2026-09-23T19:09:50.227+0000] {subprocess.py:93} INFO - 	|      default     |   2   |   0   |   0   |   0   ||   2   |   0   |
[2026-09-23T19:09:50.227+0000] {subprocess.py:93} INFO - 	---------------------------------------------------------------------
[2026-09-23T19:09:50.232+0000] {subprocess.py:93} INFO - :: retrieving :: org.apache.spark#spark-submit-parent-a1294575-f38c-4974-8cbc-24ade88c4a72
[2026-09-23T19:09:50.232+0000] {subprocess.py:93} INFO - 	confs: [default]
[2026-09-23T19:09:50.240+0000] {subprocess.py:93} INFO - 	0 artifacts copied, 2 already retrieved (0kB/8ms)
[2026-09-23T19:09:50.543+0000] {subprocess.py:93} INFO - 26/09/23 19:09:50 WARN NativeCodeLoader: Unable to load native-hadoop library for your platform... using builtin-java classes where applicable
[2026-09-23T19:09:50.809+0000] {subprocess.py:93} INFO - Setting default log level to "WARN".
[2026-09-23T19:09:50.810+0000] {subprocess.py:93} INFO - To adjust logging level use sc.setLogLevel(newLevel). For SparkR, use setLogLevel(newLevel).
[2026-09-23T19:09:55.395+0000] {subprocess.py:93} INFO - 26/09/23 19:09:55 WARN SparkStringUtils: Truncated the string representation of a plan since it was too large. This behavior can be adjusted by setting 'spark.sql.debug.maxToStringFields'.
[2026-09-23T19:10:00.635+0000] {subprocess.py:93} INFO - [Stage 0:>                                                          (0 + 1) / 1][Stage 2:>                                                          (0 + 1) / 1]                                                                                Concluído: 149 pontos tratados, 19 bairros agregados.
[2026-09-23T19:10:01.105+0000] {subprocess.py:97} INFO - Command exited with return code 0
[2026-09-23T19:10:01.132+0000] {taskinstance.py:1138} INFO - Marking task as SUCCESS. dag_id=wifi_livre_sp_pipeline, task_id=transformar_pyspark, execution_date=20260922T000000, start_date=20260923T190947, end_date=20260923T191001
[2026-09-23T19:10:01.155+0000] {local_task_job_runner.py:234} INFO - Task exited with return code 0
[2026-09-23T19:10:01.172+0000] {taskinstance.py:3280} INFO - 0 downstream tasks scheduled from follow-on schedule check
