[2026-09-18T15:08:28.550+0000] {taskinstance.py:1956} INFO - Dependencies all met for dep_context=non-requeueable deps ti=<TaskInstance: wifi_livre_sp_pipeline.transformar_pyspark manual__2026-09-18T15:08:25.850476+00:00 [queued]>
[2026-09-18T15:08:28.557+0000] {taskinstance.py:1956} INFO - Dependencies all met for dep_context=requeueable deps ti=<TaskInstance: wifi_livre_sp_pipeline.transformar_pyspark manual__2026-09-18T15:08:25.850476+00:00 [queued]>
[2026-09-18T15:08:28.557+0000] {taskinstance.py:2170} INFO - Starting attempt 1 of 1
[2026-09-18T15:08:28.568+0000] {taskinstance.py:2191} INFO - Executing <Task(BashOperator): transformar_pyspark> on 2026-09-18 15:08:25.850476+00:00
[2026-09-18T15:08:28.575+0000] {standard_task_runner.py:60} INFO - Started process 252 to run task
[2026-09-18T15:08:28.578+0000] {standard_task_runner.py:87} INFO - Running: ['airflow', 'tasks', 'run', 'wifi_livre_sp_pipeline', 'transformar_pyspark', 'manual__2026-09-18T15:08:25.850476+00:00', '--job-id', '4', '--raw', '--subdir', 'DAGS_FOLDER/wifi_pipeline_dag.py', '--cfg-path', '/tmp/tmpm_9u41ln']
[2026-09-18T15:08:28.580+0000] {standard_task_runner.py:88} INFO - Job 4: Subtask transformar_pyspark
[2026-09-18T15:08:28.598+0000] {logging_mixin.py:188} WARNING - /home/airflow/.local/lib/python3.8/site-packages/airflow/settings.py:194 DeprecationWarning: The sql_alchemy_conn option in [core] has been moved to the sql_alchemy_conn option in [database] - the old setting has been used, but please update your config.
[2026-09-18T15:08:28.632+0000] {task_command.py:423} INFO - Running <TaskInstance: wifi_livre_sp_pipeline.transformar_pyspark manual__2026-09-18T15:08:25.850476+00:00 [running]> on host 48d9b3badee2
[2026-09-18T15:08:28.705+0000] {taskinstance.py:2480} INFO - Exporting env vars: AIRFLOW_CTX_DAG_OWNER='infrasaber' AIRFLOW_CTX_DAG_ID='wifi_livre_sp_pipeline' AIRFLOW_CTX_TASK_ID='transformar_pyspark' AIRFLOW_CTX_EXECUTION_DATE='2026-09-18T15:08:25.850476+00:00' AIRFLOW_CTX_TRY_NUMBER='1' AIRFLOW_CTX_DAG_RUN_ID='manual__2026-09-18T15:08:25.850476+00:00'
[2026-09-18T15:08:28.706+0000] {subprocess.py:63} INFO - Tmp dir root location: /tmp
[2026-09-18T15:08:28.708+0000] {subprocess.py:75} INFO - Running command: ['/usr/bin/bash', '-c', 'python /opt/airflow/spark_jobs/wifi_transform.py']
[2026-09-18T15:08:28.719+0000] {subprocess.py:86} INFO - Output:
[2026-09-18T15:08:30.295+0000] {subprocess.py:93} INFO - :: loading settings :: url = jar:file:/home/airflow/.local/lib/python3.8/site-packages/pyspark/jars/ivy-2.5.1.jar!/org/apache/ivy/core/settings/ivysettings.xml
[2026-09-18T15:08:30.373+0000] {subprocess.py:93} INFO - Ivy Default Cache set to: /home/airflow/.ivy2/cache
[2026-09-18T15:08:30.374+0000] {subprocess.py:93} INFO - The jars for the packages stored in: /home/airflow/.ivy2/jars
[2026-09-18T15:08:30.380+0000] {subprocess.py:93} INFO - org.postgresql#postgresql added as a dependency
[2026-09-18T15:08:30.381+0000] {subprocess.py:93} INFO - :: resolving dependencies :: org.apache.spark#spark-submit-parent-594fae7e-814e-4c2b-9b41-42fbced88092;1.0
[2026-09-18T15:08:30.381+0000] {subprocess.py:93} INFO - 	confs: [default]
[2026-09-18T15:08:30.869+0000] {subprocess.py:93} INFO - 	found org.postgresql#postgresql;42.7.3 in central
[2026-09-18T15:08:30.946+0000] {subprocess.py:93} INFO - 	found org.checkerframework#checker-qual;3.42.0 in central
[2026-09-18T15:08:30.978+0000] {subprocess.py:93} INFO - downloading https://repo1.maven.org/maven2/org/postgresql/postgresql/42.7.3/postgresql-42.7.3.jar ...
[2026-09-18T15:08:31.072+0000] {subprocess.py:93} INFO - 	[SUCCESSFUL ] org.postgresql#postgresql;42.7.3!postgresql.jar (116ms)
[2026-09-18T15:08:31.100+0000] {subprocess.py:93} INFO - downloading https://repo1.maven.org/maven2/org/checkerframework/checker-qual/3.42.0/checker-qual-3.42.0.jar ...
[2026-09-18T15:08:31.139+0000] {subprocess.py:93} INFO - 	[SUCCESSFUL ] org.checkerframework#checker-qual;3.42.0!checker-qual.jar (63ms)
[2026-09-18T15:08:31.144+0000] {subprocess.py:93} INFO - :: resolution report :: resolve 572ms :: artifacts dl 191ms
[2026-09-18T15:08:31.145+0000] {subprocess.py:93} INFO - 	:: modules in use:
[2026-09-18T15:08:31.145+0000] {subprocess.py:93} INFO - 	org.checkerframework#checker-qual;3.42.0 from central in [default]
[2026-09-18T15:08:31.146+0000] {subprocess.py:93} INFO - 	org.postgresql#postgresql;42.7.3 from central in [default]
[2026-09-18T15:08:31.146+0000] {subprocess.py:93} INFO - 	---------------------------------------------------------------------
[2026-09-18T15:08:31.147+0000] {subprocess.py:93} INFO - 	|                  |            modules            ||   artifacts   |
[2026-09-18T15:08:31.147+0000] {subprocess.py:93} INFO - 	|       conf       | number| search|dwnlded|evicted|| number|dwnlded|
[2026-09-18T15:08:31.147+0000] {subprocess.py:93} INFO - 	---------------------------------------------------------------------
[2026-09-18T15:08:31.147+0000] {subprocess.py:93} INFO - 	|      default     |   2   |   2   |   2   |   0   ||   2   |   2   |
[2026-09-18T15:08:31.147+0000] {subprocess.py:93} INFO - 	---------------------------------------------------------------------
[2026-09-18T15:08:31.156+0000] {subprocess.py:93} INFO - :: retrieving :: org.apache.spark#spark-submit-parent-594fae7e-814e-4c2b-9b41-42fbced88092
[2026-09-18T15:08:31.156+0000] {subprocess.py:93} INFO - 	confs: [default]
[2026-09-18T15:08:31.179+0000] {subprocess.py:93} INFO - Exception in thread "main" java.lang.RuntimeException: problem during retrieve of org.apache.spark#spark-submit-parent-594fae7e-814e-4c2b-9b41-42fbced88092: java.io.FileNotFoundException: /home/airflow/.ivy2/cache/org.postgresql/postgresql/jars/postgresql-42.7.3.jar (No such file or directory)
[2026-09-18T15:08:31.180+0000] {subprocess.py:93} INFO - 	at org.apache.ivy.core.retrieve.RetrieveEngine.retrieve(RetrieveEngine.java:238)
[2026-09-18T15:08:31.181+0000] {subprocess.py:93} INFO - 	at org.apache.ivy.Ivy.retrieve(Ivy.java:561)
[2026-09-18T15:08:31.181+0000] {subprocess.py:93} INFO - 	at org.apache.spark.deploy.SparkSubmitUtils$.resolveMavenCoordinates(SparkSubmit.scala:1611)
[2026-09-18T15:08:31.181+0000] {subprocess.py:93} INFO - 	at org.apache.spark.util.DependencyUtils$.resolveMavenDependencies(DependencyUtils.scala:185)
[2026-09-18T15:08:31.182+0000] {subprocess.py:93} INFO - 	at org.apache.spark.deploy.SparkSubmit.prepareSubmitEnvironment(SparkSubmit.scala:334)
[2026-09-18T15:08:31.182+0000] {subprocess.py:93} INFO - 	at org.apache.spark.deploy.SparkSubmit.org$apache$spark$deploy$SparkSubmit$$runMain(SparkSubmit.scala:964)
[2026-09-18T15:08:31.182+0000] {subprocess.py:93} INFO - 	at org.apache.spark.deploy.SparkSubmit.doRunMain$1(SparkSubmit.scala:194)
[2026-09-18T15:08:31.182+0000] {subprocess.py:93} INFO - 	at org.apache.spark.deploy.SparkSubmit.submit(SparkSubmit.scala:217)
[2026-09-18T15:08:31.183+0000] {subprocess.py:93} INFO - 	at org.apache.spark.deploy.SparkSubmit.doSubmit(SparkSubmit.scala:91)
[2026-09-18T15:08:31.183+0000] {subprocess.py:93} INFO - 	at org.apache.spark.deploy.SparkSubmit$$anon$2.doSubmit(SparkSubmit.scala:1120)
[2026-09-18T15:08:31.183+0000] {subprocess.py:93} INFO - 	at org.apache.spark.deploy.SparkSubmit$.main(SparkSubmit.scala:1129)
[2026-09-18T15:08:31.183+0000] {subprocess.py:93} INFO - 	at org.apache.spark.deploy.SparkSubmit.main(SparkSubmit.scala)
[2026-09-18T15:08:31.183+0000] {subprocess.py:93} INFO - Caused by: java.io.FileNotFoundException: /home/airflow/.ivy2/cache/org.postgresql/postgresql/jars/postgresql-42.7.3.jar (No such file or directory)
[2026-09-18T15:08:31.184+0000] {subprocess.py:93} INFO - 	at java.base/java.io.FileInputStream.open0(Native Method)
[2026-09-18T15:08:31.184+0000] {subprocess.py:93} INFO - 	at java.base/java.io.FileInputStream.open(FileInputStream.java:216)
[2026-09-18T15:08:31.184+0000] {subprocess.py:93} INFO - 	at java.base/java.io.FileInputStream.<init>(FileInputStream.java:157)
[2026-09-18T15:08:31.184+0000] {subprocess.py:93} INFO - 	at org.apache.ivy.util.FileUtil.copy(FileUtil.java:190)
[2026-09-18T15:08:31.185+0000] {subprocess.py:93} INFO - 	at org.apache.ivy.core.retrieve.RetrieveEngine.retrieve(RetrieveEngine.java:171)
[2026-09-18T15:08:31.185+0000] {subprocess.py:93} INFO - 	... 11 more
[2026-09-18T15:08:31.298+0000] {subprocess.py:93} INFO - Traceback (most recent call last):
[2026-09-18T15:08:31.299+0000] {subprocess.py:93} INFO -   File "/opt/airflow/spark_jobs/wifi_transform.py", line 120, in <module>
[2026-09-18T15:08:31.299+0000] {subprocess.py:93} INFO -     main()
[2026-09-18T15:08:31.299+0000] {subprocess.py:93} INFO -   File "/opt/airflow/spark_jobs/wifi_transform.py", line 105, in main
[2026-09-18T15:08:31.299+0000] {subprocess.py:93} INFO -     spark = get_spark()
[2026-09-18T15:08:31.299+0000] {subprocess.py:93} INFO -   File "/opt/airflow/spark_jobs/wifi_transform.py", line 19, in get_spark
[2026-09-18T15:08:31.300+0000] {subprocess.py:93} INFO -     SparkSession.builder
[2026-09-18T15:08:31.300+0000] {subprocess.py:93} INFO -   File "/home/airflow/.local/lib/python3.8/site-packages/pyspark/sql/session.py", line 497, in getOrCreate
[2026-09-18T15:08:31.300+0000] {subprocess.py:93} INFO -     sc = SparkContext.getOrCreate(sparkConf)
[2026-09-18T15:08:31.300+0000] {subprocess.py:93} INFO -   File "/home/airflow/.local/lib/python3.8/site-packages/pyspark/context.py", line 515, in getOrCreate
[2026-09-18T15:08:31.300+0000] {subprocess.py:93} INFO -     SparkContext(conf=conf or SparkConf())
[2026-09-18T15:08:31.300+0000] {subprocess.py:93} INFO -   File "/home/airflow/.local/lib/python3.8/site-packages/pyspark/context.py", line 201, in __init__
[2026-09-18T15:08:31.300+0000] {subprocess.py:93} INFO -     SparkContext._ensure_initialized(self, gateway=gateway, conf=conf)
[2026-09-18T15:08:31.300+0000] {subprocess.py:93} INFO -   File "/home/airflow/.local/lib/python3.8/site-packages/pyspark/context.py", line 436, in _ensure_initialized
[2026-09-18T15:08:31.301+0000] {subprocess.py:93} INFO -     SparkContext._gateway = gateway or launch_gateway(conf)
[2026-09-18T15:08:31.301+0000] {subprocess.py:93} INFO -   File "/home/airflow/.local/lib/python3.8/site-packages/pyspark/java_gateway.py", line 107, in launch_gateway
[2026-09-18T15:08:31.301+0000] {subprocess.py:93} INFO -     raise PySparkRuntimeError(
[2026-09-18T15:08:31.301+0000] {subprocess.py:93} INFO - pyspark.errors.exceptions.base.PySparkRuntimeError: [JAVA_GATEWAY_EXITED] Java gateway process exited before sending its port number.
[2026-09-18T15:08:31.377+0000] {subprocess.py:97} INFO - Command exited with return code 1
[2026-09-18T15:08:31.397+0000] {taskinstance.py:2698} ERROR - Task failed with exception
Traceback (most recent call last):
  File "/home/airflow/.local/lib/python3.8/site-packages/airflow/models/taskinstance.py", line 433, in _execute_task
    result = execute_callable(context=context, **execute_callable_kwargs)
  File "/home/airflow/.local/lib/python3.8/site-packages/airflow/operators/bash.py", line 212, in execute
    raise AirflowException(
airflow.exceptions.AirflowException: Bash command failed. The command returned a non-zero exit code 1.
[2026-09-18T15:08:31.402+0000] {taskinstance.py:1138} INFO - Marking task as FAILED. dag_id=wifi_livre_sp_pipeline, task_id=transformar_pyspark, execution_date=20260918T150825, start_date=20260918T150828, end_date=20260918T150831
[2026-09-18T15:08:31.436+0000] {standard_task_runner.py:107} ERROR - Failed to execute job 4 for task transformar_pyspark (Bash command failed. The command returned a non-zero exit code 1.; 252)
[2026-09-18T15:08:31.478+0000] {local_task_job_runner.py:234} INFO - Task exited with return code 1
[2026-09-18T15:08:31.503+0000] {taskinstance.py:3280} INFO - 0 downstream tasks scheduled from follow-on schedule check
