[2026-09-22T20:39:05.259+0000] {taskinstance.py:1956} INFO - Dependencies all met for dep_context=non-requeueable deps ti=<TaskInstance: wifi_livre_sp_pipeline.extrair_ingerir_csv scheduled__2026-09-21T00:00:00+00:00 [queued]>
[2026-09-22T20:39:05.266+0000] {taskinstance.py:1956} INFO - Dependencies all met for dep_context=requeueable deps ti=<TaskInstance: wifi_livre_sp_pipeline.extrair_ingerir_csv scheduled__2026-09-21T00:00:00+00:00 [queued]>
[2026-09-22T20:39:05.267+0000] {taskinstance.py:2170} INFO - Starting attempt 1 of 1
[2026-09-22T20:39:05.280+0000] {taskinstance.py:2191} INFO - Executing <Task(BashOperator): extrair_ingerir_csv> on 2026-09-21 00:00:00+00:00
[2026-09-22T20:39:05.286+0000] {standard_task_runner.py:60} INFO - Started process 181 to run task
[2026-09-22T20:39:05.289+0000] {standard_task_runner.py:87} INFO - Running: ['airflow', 'tasks', 'run', 'wifi_livre_sp_pipeline', 'extrair_ingerir_csv', 'scheduled__2026-09-21T00:00:00+00:00', '--job-id', '2', '--raw', '--subdir', 'DAGS_FOLDER/wifi_pipeline_dag.py', '--cfg-path', '/tmp/tmpsg86wfnl']
[2026-09-22T20:39:05.292+0000] {standard_task_runner.py:88} INFO - Job 2: Subtask extrair_ingerir_csv
[2026-09-22T20:39:05.313+0000] {logging_mixin.py:188} WARNING - /home/airflow/.local/lib/python3.8/site-packages/airflow/settings.py:194 DeprecationWarning: The sql_alchemy_conn option in [core] has been moved to the sql_alchemy_conn option in [database] - the old setting has been used, but please update your config.
[2026-09-22T20:39:05.360+0000] {task_command.py:423} INFO - Running <TaskInstance: wifi_livre_sp_pipeline.extrair_ingerir_csv scheduled__2026-09-21T00:00:00+00:00 [running]> on host 543b075a0d8f
[2026-09-22T20:39:05.446+0000] {taskinstance.py:2480} INFO - Exporting env vars: AIRFLOW_CTX_DAG_OWNER='infrasaber' AIRFLOW_CTX_DAG_ID='wifi_livre_sp_pipeline' AIRFLOW_CTX_TASK_ID='extrair_ingerir_csv' AIRFLOW_CTX_EXECUTION_DATE='2026-09-21T00:00:00+00:00' AIRFLOW_CTX_TRY_NUMBER='1' AIRFLOW_CTX_DAG_RUN_ID='scheduled__2026-09-21T00:00:00+00:00'
[2026-09-22T20:39:05.447+0000] {subprocess.py:63} INFO - Tmp dir root location: /tmp
[2026-09-22T20:39:05.448+0000] {subprocess.py:75} INFO - Running command: ['/usr/bin/bash', '-c', 'cd /opt/airflow/backend_app && python run_ingest_wifi.py /opt/airflow/data/brutos/pontos_internet_carapicuiba_400.csv']
[2026-09-22T20:39:05.460+0000] {subprocess.py:86} INFO - Output:
[2026-09-22T20:39:07.157+0000] {subprocess.py:93} INFO - Lendo o arquivo bruto em: /opt/airflow/data/brutos/pontos_internet_carapicuiba_400.csv
[2026-09-22T20:39:07.157+0000] {subprocess.py:93} INFO - Carga de staging foi concluída com sucesso! O total de registros procssados: 149
[2026-09-22T20:39:07.158+0000] {subprocess.py:93} INFO - OK: 149 registros inseridos no staging.
[2026-09-22T20:39:07.494+0000] {subprocess.py:97} INFO - Command exited with return code 0
[2026-09-22T20:39:07.562+0000] {taskinstance.py:1138} INFO - Marking task as SUCCESS. dag_id=wifi_livre_sp_pipeline, task_id=extrair_ingerir_csv, execution_date=20260921T000000, start_date=20260922T203905, end_date=20260922T203907
[2026-09-22T20:39:07.633+0000] {local_task_job_runner.py:234} INFO - Task exited with return code 0
[2026-09-22T20:39:07.668+0000] {taskinstance.py:3280} INFO - 1 downstream tasks scheduled from follow-on schedule check
[2026-09-22T21:05:34.802+0000] {taskinstance.py:1956} INFO - Dependencies all met for dep_context=non-requeueable deps ti=<TaskInstance: wifi_livre_sp_pipeline.extrair_ingerir_csv scheduled__2026-09-21T00:00:00+00:00 [queued]>
[2026-09-22T21:05:34.809+0000] {taskinstance.py:1956} INFO - Dependencies all met for dep_context=requeueable deps ti=<TaskInstance: wifi_livre_sp_pipeline.extrair_ingerir_csv scheduled__2026-09-21T00:00:00+00:00 [queued]>
[2026-09-22T21:05:34.810+0000] {taskinstance.py:2170} INFO - Starting attempt 1 of 1
[2026-09-22T21:05:34.822+0000] {taskinstance.py:2191} INFO - Executing <Task(BashOperator): extrair_ingerir_csv> on 2026-09-21 00:00:00+00:00
[2026-09-22T21:05:34.828+0000] {standard_task_runner.py:60} INFO - Started process 201 to run task
[2026-09-22T21:05:34.831+0000] {standard_task_runner.py:87} INFO - Running: ['airflow', 'tasks', 'run', 'wifi_livre_sp_pipeline', 'extrair_ingerir_csv', 'scheduled__2026-09-21T00:00:00+00:00', '--job-id', '2', '--raw', '--subdir', 'DAGS_FOLDER/wifi_pipeline_dag.py', '--cfg-path', '/tmp/tmp5n1aguv_']
[2026-09-22T21:05:34.833+0000] {standard_task_runner.py:88} INFO - Job 2: Subtask extrair_ingerir_csv
[2026-09-22T21:05:34.853+0000] {logging_mixin.py:188} WARNING - /home/airflow/.local/lib/python3.8/site-packages/airflow/settings.py:194 DeprecationWarning: The sql_alchemy_conn option in [core] has been moved to the sql_alchemy_conn option in [database] - the old setting has been used, but please update your config.
[2026-09-22T21:05:34.895+0000] {task_command.py:423} INFO - Running <TaskInstance: wifi_livre_sp_pipeline.extrair_ingerir_csv scheduled__2026-09-21T00:00:00+00:00 [running]> on host 2361f2ee27d3
[2026-09-22T21:05:34.990+0000] {taskinstance.py:2480} INFO - Exporting env vars: AIRFLOW_CTX_DAG_OWNER='infrasaber' AIRFLOW_CTX_DAG_ID='wifi_livre_sp_pipeline' AIRFLOW_CTX_TASK_ID='extrair_ingerir_csv' AIRFLOW_CTX_EXECUTION_DATE='2026-09-21T00:00:00+00:00' AIRFLOW_CTX_TRY_NUMBER='1' AIRFLOW_CTX_DAG_RUN_ID='scheduled__2026-09-21T00:00:00+00:00'
[2026-09-22T21:05:34.991+0000] {subprocess.py:63} INFO - Tmp dir root location: /tmp
[2026-09-22T21:05:34.992+0000] {subprocess.py:75} INFO - Running command: ['/usr/bin/bash', '-c', 'cd /opt/airflow/backend_app && python run_ingest_wifi.py /opt/airflow/data/brutos/pontos_internet_carapicuiba_400.csv']
[2026-09-22T21:05:35.005+0000] {subprocess.py:86} INFO - Output:
[2026-09-22T21:05:36.371+0000] {subprocess.py:93} INFO - Lendo o arquivo bruto em: /opt/airflow/data/brutos/pontos_internet_carapicuiba_400.csv
[2026-09-22T21:05:36.372+0000] {subprocess.py:93} INFO - Carga de staging foi concluída com sucesso! O total de registros procssados: 149
[2026-09-22T21:05:36.372+0000] {subprocess.py:93} INFO - OK: 149 registros inseridos no staging.
[2026-09-22T21:05:36.479+0000] {subprocess.py:97} INFO - Command exited with return code 0
[2026-09-22T21:05:36.506+0000] {taskinstance.py:1138} INFO - Marking task as SUCCESS. dag_id=wifi_livre_sp_pipeline, task_id=extrair_ingerir_csv, execution_date=20260921T000000, start_date=20260922T210534, end_date=20260922T210536
[2026-09-22T21:05:36.524+0000] {local_task_job_runner.py:234} INFO - Task exited with return code 0
[2026-09-22T21:05:36.545+0000] {taskinstance.py:3280} INFO - 1 downstream tasks scheduled from follow-on schedule check
