[2026-09-18T14:16:10.935+0000] {taskinstance.py:1956} INFO - Dependencies all met for dep_context=non-requeueable deps ti=<TaskInstance: wifi_livre_sp_pipeline.transformar_pyspark manual__2026-09-18T14:16:08.141584+00:00 [queued]>
[2026-09-18T14:16:10.943+0000] {taskinstance.py:1956} INFO - Dependencies all met for dep_context=requeueable deps ti=<TaskInstance: wifi_livre_sp_pipeline.transformar_pyspark manual__2026-09-18T14:16:08.141584+00:00 [queued]>
[2026-09-18T14:16:10.943+0000] {taskinstance.py:2170} INFO - Starting attempt 1 of 1
[2026-09-18T14:16:10.956+0000] {taskinstance.py:2191} INFO - Executing <Task(BashOperator): transformar_pyspark> on 2026-09-18 14:16:08.141584+00:00
[2026-09-18T14:16:10.962+0000] {standard_task_runner.py:60} INFO - Started process 313 to run task
[2026-09-18T14:16:10.966+0000] {standard_task_runner.py:87} INFO - Running: ['airflow', 'tasks', 'run', 'wifi_livre_sp_pipeline', 'transformar_pyspark', 'manual__2026-09-18T14:16:08.141584+00:00', '--job-id', '5', '--raw', '--subdir', 'DAGS_FOLDER/wifi_pipeline_dag.py', '--cfg-path', '/tmp/tmpcog7tipi']
[2026-09-18T14:16:10.968+0000] {standard_task_runner.py:88} INFO - Job 5: Subtask transformar_pyspark
[2026-09-18T14:16:10.986+0000] {logging_mixin.py:188} WARNING - /home/airflow/.local/lib/python3.8/site-packages/airflow/settings.py:194 DeprecationWarning: The sql_alchemy_conn option in [core] has been moved to the sql_alchemy_conn option in [database] - the old setting has been used, but please update your config.
[2026-09-18T14:16:11.026+0000] {task_command.py:423} INFO - Running <TaskInstance: wifi_livre_sp_pipeline.transformar_pyspark manual__2026-09-18T14:16:08.141584+00:00 [running]> on host ec3e628142ce
[2026-09-18T14:16:11.115+0000] {taskinstance.py:2480} INFO - Exporting env vars: AIRFLOW_CTX_DAG_OWNER='infrasaber' AIRFLOW_CTX_DAG_ID='wifi_livre_sp_pipeline' AIRFLOW_CTX_TASK_ID='transformar_pyspark' AIRFLOW_CTX_EXECUTION_DATE='2026-09-18T14:16:08.141584+00:00' AIRFLOW_CTX_TRY_NUMBER='1' AIRFLOW_CTX_DAG_RUN_ID='manual__2026-09-18T14:16:08.141584+00:00'
[2026-09-18T14:16:11.116+0000] {subprocess.py:63} INFO - Tmp dir root location: /tmp
[2026-09-18T14:16:11.117+0000] {subprocess.py:75} INFO - Running command: ['/usr/bin/bash', '-c', 'python /opt/airflow/spark_jobs/wifi_transform.py']
[2026-09-18T14:16:11.132+0000] {subprocess.py:86} INFO - Output:
[2026-09-18T14:16:13.024+0000] {subprocess.py:93} INFO - :: loading settings :: url = jar:file:/home/airflow/.local/lib/python3.8/site-packages/pyspark/jars/ivy-2.5.1.jar!/org/apache/ivy/core/settings/ivysettings.xml
[2026-09-18T14:16:13.110+0000] {subprocess.py:93} INFO - Ivy Default Cache set to: /home/airflow/.ivy2/cache
[2026-09-18T14:16:13.111+0000] {subprocess.py:93} INFO - The jars for the packages stored in: /home/airflow/.ivy2/jars
[2026-09-18T14:16:13.116+0000] {subprocess.py:93} INFO - org.postgresql#postgresql added as a dependency
[2026-09-18T14:16:13.117+0000] {subprocess.py:93} INFO - :: resolving dependencies :: org.apache.spark#spark-submit-parent-37c6f4da-83c2-4f60-86a5-5db696d33a84;1.0
[2026-09-18T14:16:13.118+0000] {subprocess.py:93} INFO - 	confs: [default]
[2026-09-18T14:16:13.252+0000] {subprocess.py:93} INFO - 	found org.postgresql#postgresql;42.7.3 in central
[2026-09-18T14:16:13.280+0000] {subprocess.py:93} INFO - 	found org.checkerframework#checker-qual;3.42.0 in central
[2026-09-18T14:16:13.302+0000] {subprocess.py:93} INFO - :: resolution report :: resolve 178ms :: artifacts dl 7ms
[2026-09-18T14:16:13.303+0000] {subprocess.py:93} INFO - 	:: modules in use:
[2026-09-18T14:16:13.303+0000] {subprocess.py:93} INFO - 	org.checkerframework#checker-qual;3.42.0 from central in [default]
[2026-09-18T14:16:13.303+0000] {subprocess.py:93} INFO - 	org.postgresql#postgresql;42.7.3 from central in [default]
[2026-09-18T14:16:13.303+0000] {subprocess.py:93} INFO - 	---------------------------------------------------------------------
[2026-09-18T14:16:13.303+0000] {subprocess.py:93} INFO - 	|                  |            modules            ||   artifacts   |
[2026-09-18T14:16:13.304+0000] {subprocess.py:93} INFO - 	|       conf       | number| search|dwnlded|evicted|| number|dwnlded|
[2026-09-18T14:16:13.304+0000] {subprocess.py:93} INFO - 	---------------------------------------------------------------------
[2026-09-18T14:16:13.304+0000] {subprocess.py:93} INFO - 	|      default     |   2   |   0   |   0   |   0   ||   2   |   0   |
[2026-09-18T14:16:13.304+0000] {subprocess.py:93} INFO - 	---------------------------------------------------------------------
[2026-09-18T14:16:13.307+0000] {subprocess.py:93} INFO - :: retrieving :: org.apache.spark#spark-submit-parent-37c6f4da-83c2-4f60-86a5-5db696d33a84
[2026-09-18T14:16:13.308+0000] {subprocess.py:93} INFO - 	confs: [default]
[2026-09-18T14:16:13.313+0000] {subprocess.py:93} INFO - 	0 artifacts copied, 2 already retrieved (0kB/6ms)
[2026-09-18T14:16:13.501+0000] {subprocess.py:93} INFO - 26/09/18 14:16:13 WARN NativeCodeLoader: Unable to load native-hadoop library for your platform... using builtin-java classes where applicable
[2026-09-18T14:16:13.720+0000] {subprocess.py:93} INFO - Setting default log level to "WARN".
[2026-09-18T14:16:13.721+0000] {subprocess.py:93} INFO - To adjust logging level use sc.setLogLevel(newLevel). For SparkR, use setLogLevel(newLevel).
[2026-09-18T14:16:14.521+0000] {subprocess.py:93} INFO - 26/09/18 14:16:14 WARN Utils: Service 'SparkUI' could not bind on port 4040. Attempting port 4041.
[2026-09-18T14:16:17.717+0000] {subprocess.py:93} INFO - 26/09/18 14:16:17 WARN SparkStringUtils: Truncated the string representation of a plan since it was too large. This behavior can be adjusted by setting 'spark.sql.debug.maxToStringFields'.
[2026-09-18T14:16:21.516+0000] {subprocess.py:93} INFO - [Stage 0:>                                                          (0 + 1) / 1][Stage 2:>                                                          (0 + 1) / 1]26/09/18 14:16:21 ERROR Executor: Exception in task 0.0 in stage 2.0 (TID 1)
[2026-09-18T14:16:21.517+0000] {subprocess.py:93} INFO - java.sql.BatchUpdateException: Batch entry 0 INSERT INTO trusted.pontos_wifi_prefeitura ("id_ponto_externo","nome_local","tipo","endereco","bairro","subprefeitura","regiao","latitude","longitude","status","horario_funcionamento","descricao","link","cleaned_at") VALUES (('EXT-0001'),('Unidade de Serviços - Jardim Silviania'),('CABO'),('Rua Irani, 19'),('Jardim Silviania'),('Carapicuíba'),('Carapicuíba'),('-23.52220470'::numeric),('-46.84379960'::numeric),('manutencao'),('STR 09:00-21:00'),('Ponto de acesso por cabo. Conecte o equipamento à porta de rede identificada, aguarde a obtenção automática do endereço IP e abra o navegador para autenticação, se solicitada.'),('https://www.youtube.com/'),('2026-09-18 14:16:17.432109+00'::timestamp with time zone)) was aborted: ERROR: duplicate key value violates unique constraint "pontos_wifi_prefeitura_pkey"
[2026-09-18T14:16:21.518+0000] {subprocess.py:93} INFO -   Detail: Key (id_ponto_externo)=(EXT-0001) already exists.  Call getNextException to see other errors in the batch.
[2026-09-18T14:16:21.518+0000] {subprocess.py:93} INFO - 	at org.postgresql.jdbc.BatchResultHandler.handleError(BatchResultHandler.java:165)
[2026-09-18T14:16:21.518+0000] {subprocess.py:93} INFO - 	at org.postgresql.core.v3.QueryExecutorImpl.processResults(QueryExecutorImpl.java:2413)
[2026-09-18T14:16:21.518+0000] {subprocess.py:93} INFO - 	at org.postgresql.core.v3.QueryExecutorImpl.execute(QueryExecutorImpl.java:579)
[2026-09-18T14:16:21.519+0000] {subprocess.py:93} INFO - 	at org.postgresql.jdbc.PgStatement.internalExecuteBatch(PgStatement.java:912)
[2026-09-18T14:16:21.519+0000] {subprocess.py:93} INFO - 	at org.postgresql.jdbc.PgStatement.executeBatch(PgStatement.java:936)
[2026-09-18T14:16:21.519+0000] {subprocess.py:93} INFO - 	at org.postgresql.jdbc.PgPreparedStatement.executeBatch(PgPreparedStatement.java:1733)
[2026-09-18T14:16:21.519+0000] {subprocess.py:93} INFO - 	at org.apache.spark.sql.execution.datasources.jdbc.JdbcUtils$.savePartition(JdbcUtils.scala:751)
[2026-09-18T14:16:21.519+0000] {subprocess.py:93} INFO - 	at org.apache.spark.sql.execution.datasources.jdbc.JdbcUtils$.$anonfun$saveTable$1(JdbcUtils.scala:902)
[2026-09-18T14:16:21.520+0000] {subprocess.py:93} INFO - 	at org.apache.spark.sql.execution.datasources.jdbc.JdbcUtils$.$anonfun$saveTable$1$adapted(JdbcUtils.scala:901)
[2026-09-18T14:16:21.520+0000] {subprocess.py:93} INFO - 	at org.apache.spark.rdd.RDD.$anonfun$foreachPartition$2(RDD.scala:1039)
[2026-09-18T14:16:21.520+0000] {subprocess.py:93} INFO - 	at org.apache.spark.rdd.RDD.$anonfun$foreachPartition$2$adapted(RDD.scala:1039)
[2026-09-18T14:16:21.520+0000] {subprocess.py:93} INFO - 	at org.apache.spark.SparkContext.$anonfun$runJob$5(SparkContext.scala:2438)
[2026-09-18T14:16:21.520+0000] {subprocess.py:93} INFO - 	at org.apache.spark.scheduler.ResultTask.runTask(ResultTask.scala:93)
[2026-09-18T14:16:21.521+0000] {subprocess.py:93} INFO - 	at org.apache.spark.TaskContext.runTaskWithListeners(TaskContext.scala:166)
[2026-09-18T14:16:21.521+0000] {subprocess.py:93} INFO - 	at org.apache.spark.scheduler.Task.run(Task.scala:141)
[2026-09-18T14:16:21.521+0000] {subprocess.py:93} INFO - 	at org.apache.spark.executor.Executor$TaskRunner.$anonfun$run$4(Executor.scala:620)
[2026-09-18T14:16:21.521+0000] {subprocess.py:93} INFO - 	at org.apache.spark.util.SparkErrorUtils.tryWithSafeFinally(SparkErrorUtils.scala:64)
[2026-09-18T14:16:21.522+0000] {subprocess.py:93} INFO - 	at org.apache.spark.util.SparkErrorUtils.tryWithSafeFinally$(SparkErrorUtils.scala:61)
[2026-09-18T14:16:21.522+0000] {subprocess.py:93} INFO - 	at org.apache.spark.util.Utils$.tryWithSafeFinally(Utils.scala:94)
[2026-09-18T14:16:21.522+0000] {subprocess.py:93} INFO - 	at org.apache.spark.executor.Executor$TaskRunner.run(Executor.scala:623)
[2026-09-18T14:16:21.522+0000] {subprocess.py:93} INFO - 	at java.base/java.util.concurrent.ThreadPoolExecutor.runWorker(ThreadPoolExecutor.java:1136)
[2026-09-18T14:16:21.522+0000] {subprocess.py:93} INFO - 	at java.base/java.util.concurrent.ThreadPoolExecutor$Worker.run(ThreadPoolExecutor.java:635)
[2026-09-18T14:16:21.523+0000] {subprocess.py:93} INFO - 	at java.base/java.lang.Thread.run(Thread.java:840)
[2026-09-18T14:16:21.523+0000] {subprocess.py:93} INFO - Caused by: org.postgresql.util.PSQLException: ERROR: duplicate key value violates unique constraint "pontos_wifi_prefeitura_pkey"
[2026-09-18T14:16:21.523+0000] {subprocess.py:93} INFO -   Detail: Key (id_ponto_externo)=(EXT-0001) already exists.
[2026-09-18T14:16:21.523+0000] {subprocess.py:93} INFO - 	at org.postgresql.core.v3.QueryExecutorImpl.receiveErrorResponse(QueryExecutorImpl.java:2725)
[2026-09-18T14:16:21.524+0000] {subprocess.py:93} INFO - 	at org.postgresql.core.v3.QueryExecutorImpl.processResults(QueryExecutorImpl.java:2412)
[2026-09-18T14:16:21.524+0000] {subprocess.py:93} INFO - 	... 21 more
[2026-09-18T14:16:21.576+0000] {subprocess.py:93} INFO - 26/09/18 14:16:21 WARN TaskSetManager: Lost task 0.0 in stage 2.0 (TID 1) (ec3e628142ce executor driver): java.sql.BatchUpdateException: Batch entry 0 INSERT INTO trusted.pontos_wifi_prefeitura ("id_ponto_externo","nome_local","tipo","endereco","bairro","subprefeitura","regiao","latitude","longitude","status","horario_funcionamento","descricao","link","cleaned_at") VALUES (('EXT-0001'),('Unidade de Serviços - Jardim Silviania'),('CABO'),('Rua Irani, 19'),('Jardim Silviania'),('Carapicuíba'),('Carapicuíba'),('-23.52220470'::numeric),('-46.84379960'::numeric),('manutencao'),('STR 09:00-21:00'),('Ponto de acesso por cabo. Conecte o equipamento à porta de rede identificada, aguarde a obtenção automática do endereço IP e abra o navegador para autenticação, se solicitada.'),('https://www.youtube.com/'),('2026-09-18 14:16:17.432109+00'::timestamp with time zone)) was aborted: ERROR: duplicate key value violates unique constraint "pontos_wifi_prefeitura_pkey"
[2026-09-18T14:16:21.577+0000] {subprocess.py:93} INFO -   Detail: Key (id_ponto_externo)=(EXT-0001) already exists.  Call getNextException to see other errors in the batch.
[2026-09-18T14:16:21.577+0000] {subprocess.py:93} INFO - 	at org.postgresql.jdbc.BatchResultHandler.handleError(BatchResultHandler.java:165)
[2026-09-18T14:16:21.578+0000] {subprocess.py:93} INFO - 	at org.postgresql.core.v3.QueryExecutorImpl.processResults(QueryExecutorImpl.java:2413)
[2026-09-18T14:16:21.578+0000] {subprocess.py:93} INFO - 	at org.postgresql.core.v3.QueryExecutorImpl.execute(QueryExecutorImpl.java:579)
[2026-09-18T14:16:21.579+0000] {subprocess.py:93} INFO - 	at org.postgresql.jdbc.PgStatement.internalExecuteBatch(PgStatement.java:912)
[2026-09-18T14:16:21.579+0000] {subprocess.py:93} INFO - 	at org.postgresql.jdbc.PgStatement.executeBatch(PgStatement.java:936)
[2026-09-18T14:16:21.580+0000] {subprocess.py:93} INFO - 	at org.postgresql.jdbc.PgPreparedStatement.executeBatch(PgPreparedStatement.java:1733)
[2026-09-18T14:16:21.580+0000] {subprocess.py:93} INFO - 	at org.apache.spark.sql.execution.datasources.jdbc.JdbcUtils$.savePartition(JdbcUtils.scala:751)
[2026-09-18T14:16:21.580+0000] {subprocess.py:93} INFO - 	at org.apache.spark.sql.execution.datasources.jdbc.JdbcUtils$.$anonfun$saveTable$1(JdbcUtils.scala:902)
[2026-09-18T14:16:21.581+0000] {subprocess.py:93} INFO - 	at org.apache.spark.sql.execution.datasources.jdbc.JdbcUtils$.$anonfun$saveTable$1$adapted(JdbcUtils.scala:901)
[2026-09-18T14:16:21.585+0000] {subprocess.py:93} INFO - 	at org.apache.spark.rdd.RDD.$anonfun$foreachPartition$2(RDD.scala:1039)
[2026-09-18T14:16:21.586+0000] {subprocess.py:93} INFO - 	at org.apache.spark.rdd.RDD.$anonfun$foreachPartition$2$adapted(RDD.scala:1039)
[2026-09-18T14:16:21.587+0000] {subprocess.py:93} INFO - 	at org.apache.spark.SparkContext.$anonfun$runJob$5(SparkContext.scala:2438)
[2026-09-18T14:16:21.587+0000] {subprocess.py:93} INFO - 	at org.apache.spark.scheduler.ResultTask.runTask(ResultTask.scala:93)
[2026-09-18T14:16:21.588+0000] {subprocess.py:93} INFO - 	at org.apache.spark.TaskContext.runTaskWithListeners(TaskContext.scala:166)
[2026-09-18T14:16:21.589+0000] {subprocess.py:93} INFO - 	at org.apache.spark.scheduler.Task.run(Task.scala:141)
[2026-09-18T14:16:21.590+0000] {subprocess.py:93} INFO - 	at org.apache.spark.executor.Executor$TaskRunner.$anonfun$run$4(Executor.scala:620)
[2026-09-18T14:16:21.591+0000] {subprocess.py:93} INFO - 	at org.apache.spark.util.SparkErrorUtils.tryWithSafeFinally(SparkErrorUtils.scala:64)
[2026-09-18T14:16:21.591+0000] {subprocess.py:93} INFO - 	at org.apache.spark.util.SparkErrorUtils.tryWithSafeFinally$(SparkErrorUtils.scala:61)
[2026-09-18T14:16:21.592+0000] {subprocess.py:93} INFO - 	at org.apache.spark.util.Utils$.tryWithSafeFinally(Utils.scala:94)
[2026-09-18T14:16:21.592+0000] {subprocess.py:93} INFO - 	at org.apache.spark.executor.Executor$TaskRunner.run(Executor.scala:623)
[2026-09-18T14:16:21.593+0000] {subprocess.py:93} INFO - 	at java.base/java.util.concurrent.ThreadPoolExecutor.runWorker(ThreadPoolExecutor.java:1136)
[2026-09-18T14:16:21.593+0000] {subprocess.py:93} INFO - 	at java.base/java.util.concurrent.ThreadPoolExecutor$Worker.run(ThreadPoolExecutor.java:635)
[2026-09-18T14:16:21.594+0000] {subprocess.py:93} INFO - 	at java.base/java.lang.Thread.run(Thread.java:840)
[2026-09-18T14:16:21.594+0000] {subprocess.py:93} INFO - Caused by: org.postgresql.util.PSQLException: ERROR: duplicate key value violates unique constraint "pontos_wifi_prefeitura_pkey"
[2026-09-18T14:16:21.594+0000] {subprocess.py:93} INFO -   Detail: Key (id_ponto_externo)=(EXT-0001) already exists.
[2026-09-18T14:16:21.595+0000] {subprocess.py:93} INFO - 	at org.postgresql.core.v3.QueryExecutorImpl.receiveErrorResponse(QueryExecutorImpl.java:2725)
[2026-09-18T14:16:21.595+0000] {subprocess.py:93} INFO - 	at org.postgresql.core.v3.QueryExecutorImpl.processResults(QueryExecutorImpl.java:2412)
[2026-09-18T14:16:21.595+0000] {subprocess.py:93} INFO - 	... 21 more
[2026-09-18T14:16:21.596+0000] {subprocess.py:93} INFO - 
[2026-09-18T14:16:21.596+0000] {subprocess.py:93} INFO - 26/09/18 14:16:21 ERROR TaskSetManager: Task 0 in stage 2.0 failed 1 times; aborting job
[2026-09-18T14:16:22.127+0000] {subprocess.py:93} INFO - Traceback (most recent call last):
[2026-09-18T14:16:22.128+0000] {subprocess.py:93} INFO -   File "/opt/airflow/spark_jobs/wifi_transform.py", line 105, in <module>
[2026-09-18T14:16:22.128+0000] {subprocess.py:93} INFO -     main()
[2026-09-18T14:16:22.128+0000] {subprocess.py:93} INFO -   File "/opt/airflow/spark_jobs/wifi_transform.py", line 95, in main
[2026-09-18T14:16:22.129+0000] {subprocess.py:93} INFO -     write_trusted(df_clean)
[2026-09-18T14:16:22.129+0000] {subprocess.py:93} INFO -   File "/opt/airflow/spark_jobs/wifi_transform.py", line 59, in write_trusted
[2026-09-18T14:16:22.129+0000] {subprocess.py:93} INFO -     df
[2026-09-18T14:16:22.129+0000] {subprocess.py:93} INFO -   File "/home/airflow/.local/lib/python3.8/site-packages/pyspark/sql/readwriter.py", line 1984, in jdbc
[2026-09-18T14:16:22.129+0000] {subprocess.py:93} INFO -     self.mode(mode)._jwrite.jdbc(url, table, jprop)
[2026-09-18T14:16:22.129+0000] {subprocess.py:93} INFO -   File "/home/airflow/.local/lib/python3.8/site-packages/py4j/java_gateway.py", line 1322, in __call__
[2026-09-18T14:16:22.130+0000] {subprocess.py:93} INFO -     return_value = get_return_value(
[2026-09-18T14:16:22.130+0000] {subprocess.py:93} INFO -   File "/home/airflow/.local/lib/python3.8/site-packages/pyspark/errors/exceptions/captured.py", line 179, in deco
[2026-09-18T14:16:22.130+0000] {subprocess.py:93} INFO -     return f(*a, **kw)
[2026-09-18T14:16:22.130+0000] {subprocess.py:93} INFO -   File "/home/airflow/.local/lib/python3.8/site-packages/py4j/protocol.py", line 326, in get_return_value
[2026-09-18T14:16:22.130+0000] {subprocess.py:93} INFO -     raise Py4JJavaError(
[2026-09-18T14:16:22.131+0000] {subprocess.py:93} INFO - py4j.protocol.Py4JJavaError: An error occurred while calling o56.jdbc.
[2026-09-18T14:16:22.131+0000] {subprocess.py:93} INFO - : org.apache.spark.SparkException: Job aborted due to stage failure: Task 0 in stage 2.0 failed 1 times, most recent failure: Lost task 0.0 in stage 2.0 (TID 1) (ec3e628142ce executor driver): java.sql.BatchUpdateException: Batch entry 0 INSERT INTO trusted.pontos_wifi_prefeitura ("id_ponto_externo","nome_local","tipo","endereco","bairro","subprefeitura","regiao","latitude","longitude","status","horario_funcionamento","descricao","link","cleaned_at") VALUES (('EXT-0001'),('Unidade de Serviços - Jardim Silviania'),('CABO'),('Rua Irani, 19'),('Jardim Silviania'),('Carapicuíba'),('Carapicuíba'),('-23.52220470'::numeric),('-46.84379960'::numeric),('manutencao'),('STR 09:00-21:00'),('Ponto de acesso por cabo. Conecte o equipamento à porta de rede identificada, aguarde a obtenção automática do endereço IP e abra o navegador para autenticação, se solicitada.'),('https://www.youtube.com/'),('2026-09-18 14:16:17.432109+00'::timestamp with time zone)) was aborted: ERROR: duplicate key value violates unique constraint "pontos_wifi_prefeitura_pkey"
[2026-09-18T14:16:22.131+0000] {subprocess.py:93} INFO -   Detail: Key (id_ponto_externo)=(EXT-0001) already exists.  Call getNextException to see other errors in the batch.
[2026-09-18T14:16:22.131+0000] {subprocess.py:93} INFO - 	at org.postgresql.jdbc.BatchResultHandler.handleError(BatchResultHandler.java:165)
[2026-09-18T14:16:22.131+0000] {subprocess.py:93} INFO - 	at org.postgresql.core.v3.QueryExecutorImpl.processResults(QueryExecutorImpl.java:2413)
[2026-09-18T14:16:22.131+0000] {subprocess.py:93} INFO - 	at org.postgresql.core.v3.QueryExecutorImpl.execute(QueryExecutorImpl.java:579)
[2026-09-18T14:16:22.132+0000] {subprocess.py:93} INFO - 	at org.postgresql.jdbc.PgStatement.internalExecuteBatch(PgStatement.java:912)
[2026-09-18T14:16:22.132+0000] {subprocess.py:93} INFO - 	at org.postgresql.jdbc.PgStatement.executeBatch(PgStatement.java:936)
[2026-09-18T14:16:22.132+0000] {subprocess.py:93} INFO - 	at org.postgresql.jdbc.PgPreparedStatement.executeBatch(PgPreparedStatement.java:1733)
[2026-09-18T14:16:22.132+0000] {subprocess.py:93} INFO - 	at org.apache.spark.sql.execution.datasources.jdbc.JdbcUtils$.savePartition(JdbcUtils.scala:751)
[2026-09-18T14:16:22.132+0000] {subprocess.py:93} INFO - 	at org.apache.spark.sql.execution.datasources.jdbc.JdbcUtils$.$anonfun$saveTable$1(JdbcUtils.scala:902)
[2026-09-18T14:16:22.132+0000] {subprocess.py:93} INFO - 	at org.apache.spark.sql.execution.datasources.jdbc.JdbcUtils$.$anonfun$saveTable$1$adapted(JdbcUtils.scala:901)
[2026-09-18T14:16:22.133+0000] {subprocess.py:93} INFO - 	at org.apache.spark.rdd.RDD.$anonfun$foreachPartition$2(RDD.scala:1039)
[2026-09-18T14:16:22.133+0000] {subprocess.py:93} INFO - 	at org.apache.spark.rdd.RDD.$anonfun$foreachPartition$2$adapted(RDD.scala:1039)
[2026-09-18T14:16:22.133+0000] {subprocess.py:93} INFO - 	at org.apache.spark.SparkContext.$anonfun$runJob$5(SparkContext.scala:2438)
[2026-09-18T14:16:22.133+0000] {subprocess.py:93} INFO - 	at org.apache.spark.scheduler.ResultTask.runTask(ResultTask.scala:93)
[2026-09-18T14:16:22.133+0000] {subprocess.py:93} INFO - 	at org.apache.spark.TaskContext.runTaskWithListeners(TaskContext.scala:166)
[2026-09-18T14:16:22.133+0000] {subprocess.py:93} INFO - 	at org.apache.spark.scheduler.Task.run(Task.scala:141)
[2026-09-18T14:16:22.134+0000] {subprocess.py:93} INFO - 	at org.apache.spark.executor.Executor$TaskRunner.$anonfun$run$4(Executor.scala:620)
[2026-09-18T14:16:22.134+0000] {subprocess.py:93} INFO - 	at org.apache.spark.util.SparkErrorUtils.tryWithSafeFinally(SparkErrorUtils.scala:64)
[2026-09-18T14:16:22.134+0000] {subprocess.py:93} INFO - 	at org.apache.spark.util.SparkErrorUtils.tryWithSafeFinally$(SparkErrorUtils.scala:61)
[2026-09-18T14:16:22.134+0000] {subprocess.py:93} INFO - 	at org.apache.spark.util.Utils$.tryWithSafeFinally(Utils.scala:94)
[2026-09-18T14:16:22.134+0000] {subprocess.py:93} INFO - 	at org.apache.spark.executor.Executor$TaskRunner.run(Executor.scala:623)
[2026-09-18T14:16:22.135+0000] {subprocess.py:93} INFO - 	at java.base/java.util.concurrent.ThreadPoolExecutor.runWorker(ThreadPoolExecutor.java:1136)
[2026-09-18T14:16:22.135+0000] {subprocess.py:93} INFO - 	at java.base/java.util.concurrent.ThreadPoolExecutor$Worker.run(ThreadPoolExecutor.java:635)
[2026-09-18T14:16:22.135+0000] {subprocess.py:93} INFO - 	at java.base/java.lang.Thread.run(Thread.java:840)
[2026-09-18T14:16:22.135+0000] {subprocess.py:93} INFO - Caused by: org.postgresql.util.PSQLException: ERROR: duplicate key value violates unique constraint "pontos_wifi_prefeitura_pkey"
[2026-09-18T14:16:22.135+0000] {subprocess.py:93} INFO -   Detail: Key (id_ponto_externo)=(EXT-0001) already exists.
[2026-09-18T14:16:22.136+0000] {subprocess.py:93} INFO - 	at org.postgresql.core.v3.QueryExecutorImpl.receiveErrorResponse(QueryExecutorImpl.java:2725)
[2026-09-18T14:16:22.136+0000] {subprocess.py:93} INFO - 	at org.postgresql.core.v3.QueryExecutorImpl.processResults(QueryExecutorImpl.java:2412)
[2026-09-18T14:16:22.136+0000] {subprocess.py:93} INFO - 	... 21 more
[2026-09-18T14:16:22.136+0000] {subprocess.py:93} INFO - 
[2026-09-18T14:16:22.136+0000] {subprocess.py:93} INFO - Driver stacktrace:
[2026-09-18T14:16:22.136+0000] {subprocess.py:93} INFO - 	at org.apache.spark.scheduler.DAGScheduler.failJobAndIndependentStages(DAGScheduler.scala:2856)
[2026-09-18T14:16:22.137+0000] {subprocess.py:93} INFO - 	at org.apache.spark.scheduler.DAGScheduler.$anonfun$abortStage$2(DAGScheduler.scala:2792)
[2026-09-18T14:16:22.137+0000] {subprocess.py:93} INFO - 	at org.apache.spark.scheduler.DAGScheduler.$anonfun$abortStage$2$adapted(DAGScheduler.scala:2791)
[2026-09-18T14:16:22.137+0000] {subprocess.py:93} INFO - 	at scala.collection.mutable.ResizableArray.foreach(ResizableArray.scala:62)
[2026-09-18T14:16:22.137+0000] {subprocess.py:93} INFO - 	at scala.collection.mutable.ResizableArray.foreach$(ResizableArray.scala:55)
[2026-09-18T14:16:22.137+0000] {subprocess.py:93} INFO - 	at scala.collection.mutable.ArrayBuffer.foreach(ArrayBuffer.scala:49)
[2026-09-18T14:16:22.137+0000] {subprocess.py:93} INFO - 	at org.apache.spark.scheduler.DAGScheduler.abortStage(DAGScheduler.scala:2791)
[2026-09-18T14:16:22.138+0000] {subprocess.py:93} INFO - 	at org.apache.spark.scheduler.DAGScheduler.$anonfun$handleTaskSetFailed$1(DAGScheduler.scala:1247)
[2026-09-18T14:16:22.138+0000] {subprocess.py:93} INFO - 	at org.apache.spark.scheduler.DAGScheduler.$anonfun$handleTaskSetFailed$1$adapted(DAGScheduler.scala:1247)
[2026-09-18T14:16:22.138+0000] {subprocess.py:93} INFO - 	at scala.Option.foreach(Option.scala:407)
[2026-09-18T14:16:22.138+0000] {subprocess.py:93} INFO - 	at org.apache.spark.scheduler.DAGScheduler.handleTaskSetFailed(DAGScheduler.scala:1247)
[2026-09-18T14:16:22.138+0000] {subprocess.py:93} INFO - 	at org.apache.spark.scheduler.DAGSchedulerEventProcessLoop.doOnReceive(DAGScheduler.scala:3060)
[2026-09-18T14:16:22.139+0000] {subprocess.py:93} INFO - 	at org.apache.spark.scheduler.DAGSchedulerEventProcessLoop.onReceive(DAGScheduler.scala:2994)
[2026-09-18T14:16:22.139+0000] {subprocess.py:93} INFO - 	at org.apache.spark.scheduler.DAGSchedulerEventProcessLoop.onReceive(DAGScheduler.scala:2983)
[2026-09-18T14:16:22.139+0000] {subprocess.py:93} INFO - 	at org.apache.spark.util.EventLoop$$anon$1.run(EventLoop.scala:49)
[2026-09-18T14:16:22.139+0000] {subprocess.py:93} INFO - 	at org.apache.spark.scheduler.DAGScheduler.runJob(DAGScheduler.scala:989)
[2026-09-18T14:16:22.140+0000] {subprocess.py:93} INFO - 	at org.apache.spark.SparkContext.runJob(SparkContext.scala:2398)
[2026-09-18T14:16:22.140+0000] {subprocess.py:93} INFO - 	at org.apache.spark.SparkContext.runJob(SparkContext.scala:2419)
[2026-09-18T14:16:22.140+0000] {subprocess.py:93} INFO - 	at org.apache.spark.SparkContext.runJob(SparkContext.scala:2438)
[2026-09-18T14:16:22.140+0000] {subprocess.py:93} INFO - 	at org.apache.spark.SparkContext.runJob(SparkContext.scala:2463)
[2026-09-18T14:16:22.141+0000] {subprocess.py:93} INFO - 	at org.apache.spark.rdd.RDD.$anonfun$foreachPartition$1(RDD.scala:1039)
[2026-09-18T14:16:22.141+0000] {subprocess.py:93} INFO - 	at org.apache.spark.rdd.RDDOperationScope$.withScope(RDDOperationScope.scala:151)
[2026-09-18T14:16:22.141+0000] {subprocess.py:93} INFO - 	at org.apache.spark.rdd.RDDOperationScope$.withScope(RDDOperationScope.scala:112)
[2026-09-18T14:16:22.141+0000] {subprocess.py:93} INFO - 	at org.apache.spark.rdd.RDD.withScope(RDD.scala:410)
[2026-09-18T14:16:22.142+0000] {subprocess.py:93} INFO - 	at org.apache.spark.rdd.RDD.foreachPartition(RDD.scala:1037)
[2026-09-18T14:16:22.142+0000] {subprocess.py:93} INFO - 	at org.apache.spark.sql.Dataset.$anonfun$foreachPartition$1(Dataset.scala:3514)
[2026-09-18T14:16:22.142+0000] {subprocess.py:93} INFO - 	at scala.runtime.java8.JFunction0$mcV$sp.apply(JFunction0$mcV$sp.java:23)
[2026-09-18T14:16:22.143+0000] {subprocess.py:93} INFO - 	at org.apache.spark.sql.Dataset.$anonfun$withNewRDDExecutionId$1(Dataset.scala:4309)
[2026-09-18T14:16:22.143+0000] {subprocess.py:93} INFO - 	at org.apache.spark.sql.execution.SQLExecution$.$anonfun$withNewExecutionId$6(SQLExecution.scala:125)
[2026-09-18T14:16:22.143+0000] {subprocess.py:93} INFO - 	at org.apache.spark.sql.execution.SQLExecution$.withSQLConfPropagated(SQLExecution.scala:201)
[2026-09-18T14:16:22.143+0000] {subprocess.py:93} INFO - 	at org.apache.spark.sql.execution.SQLExecution$.$anonfun$withNewExecutionId$1(SQLExecution.scala:108)
[2026-09-18T14:16:22.143+0000] {subprocess.py:93} INFO - 	at org.apache.spark.sql.SparkSession.withActive(SparkSession.scala:900)
[2026-09-18T14:16:22.144+0000] {subprocess.py:93} INFO - 	at org.apache.spark.sql.execution.SQLExecution$.withNewExecutionId(SQLExecution.scala:66)
[2026-09-18T14:16:22.144+0000] {subprocess.py:93} INFO - 	at org.apache.spark.sql.Dataset.withNewRDDExecutionId(Dataset.scala:4307)
[2026-09-18T14:16:22.144+0000] {subprocess.py:93} INFO - 	at org.apache.spark.sql.Dataset.foreachPartition(Dataset.scala:3514)
[2026-09-18T14:16:22.144+0000] {subprocess.py:93} INFO - 	at org.apache.spark.sql.execution.datasources.jdbc.JdbcUtils$.saveTable(JdbcUtils.scala:901)
[2026-09-18T14:16:22.145+0000] {subprocess.py:93} INFO - 	at org.apache.spark.sql.execution.datasources.jdbc.JdbcRelationProvider.createRelation(JdbcRelationProvider.scala:70)
[2026-09-18T14:16:22.145+0000] {subprocess.py:93} INFO - 	at org.apache.spark.sql.execution.datasources.SaveIntoDataSourceCommand.run(SaveIntoDataSourceCommand.scala:48)
[2026-09-18T14:16:22.145+0000] {subprocess.py:93} INFO - 	at org.apache.spark.sql.execution.command.ExecutedCommandExec.sideEffectResult$lzycompute(commands.scala:75)
[2026-09-18T14:16:22.145+0000] {subprocess.py:93} INFO - 	at org.apache.spark.sql.execution.command.ExecutedCommandExec.sideEffectResult(commands.scala:73)
[2026-09-18T14:16:22.146+0000] {subprocess.py:93} INFO - 	at org.apache.spark.sql.execution.command.ExecutedCommandExec.executeCollect(commands.scala:84)
[2026-09-18T14:16:22.146+0000] {subprocess.py:93} INFO - 	at org.apache.spark.sql.execution.QueryExecution$$anonfun$eagerlyExecuteCommands$1.$anonfun$applyOrElse$1(QueryExecution.scala:107)
[2026-09-18T14:16:22.146+0000] {subprocess.py:93} INFO - 	at org.apache.spark.sql.execution.SQLExecution$.$anonfun$withNewExecutionId$6(SQLExecution.scala:125)
[2026-09-18T14:16:22.147+0000] {subprocess.py:93} INFO - 	at org.apache.spark.sql.execution.SQLExecution$.withSQLConfPropagated(SQLExecution.scala:201)
[2026-09-18T14:16:22.147+0000] {subprocess.py:93} INFO - 	at org.apache.spark.sql.execution.SQLExecution$.$anonfun$withNewExecutionId$1(SQLExecution.scala:108)
[2026-09-18T14:16:22.147+0000] {subprocess.py:93} INFO - 	at org.apache.spark.sql.SparkSession.withActive(SparkSession.scala:900)
[2026-09-18T14:16:22.147+0000] {subprocess.py:93} INFO - 	at org.apache.spark.sql.execution.SQLExecution$.withNewExecutionId(SQLExecution.scala:66)
[2026-09-18T14:16:22.147+0000] {subprocess.py:93} INFO - 	at org.apache.spark.sql.execution.QueryExecution$$anonfun$eagerlyExecuteCommands$1.applyOrElse(QueryExecution.scala:107)
[2026-09-18T14:16:22.148+0000] {subprocess.py:93} INFO - 	at org.apache.spark.sql.execution.QueryExecution$$anonfun$eagerlyExecuteCommands$1.applyOrElse(QueryExecution.scala:98)
[2026-09-18T14:16:22.148+0000] {subprocess.py:93} INFO - 	at org.apache.spark.sql.catalyst.trees.TreeNode.$anonfun$transformDownWithPruning$1(TreeNode.scala:461)
[2026-09-18T14:16:22.148+0000] {subprocess.py:93} INFO - 	at org.apache.spark.sql.catalyst.trees.CurrentOrigin$.withOrigin(origin.scala:76)
[2026-09-18T14:16:22.148+0000] {subprocess.py:93} INFO - 	at org.apache.spark.sql.catalyst.trees.TreeNode.transformDownWithPruning(TreeNode.scala:461)
[2026-09-18T14:16:22.149+0000] {subprocess.py:93} INFO - 	at org.apache.spark.sql.catalyst.plans.logical.LogicalPlan.org$apache$spark$sql$catalyst$plans$logical$AnalysisHelper$$super$transformDownWithPruning(LogicalPlan.scala:32)
[2026-09-18T14:16:22.149+0000] {subprocess.py:93} INFO - 	at org.apache.spark.sql.catalyst.plans.logical.AnalysisHelper.transformDownWithPruning(AnalysisHelper.scala:267)
[2026-09-18T14:16:22.149+0000] {subprocess.py:93} INFO - 	at org.apache.spark.sql.catalyst.plans.logical.AnalysisHelper.transformDownWithPruning$(AnalysisHelper.scala:263)
[2026-09-18T14:16:22.149+0000] {subprocess.py:93} INFO - 	at org.apache.spark.sql.catalyst.plans.logical.LogicalPlan.transformDownWithPruning(LogicalPlan.scala:32)
[2026-09-18T14:16:22.150+0000] {subprocess.py:93} INFO - 	at org.apache.spark.sql.catalyst.plans.logical.LogicalPlan.transformDownWithPruning(LogicalPlan.scala:32)
[2026-09-18T14:16:22.150+0000] {subprocess.py:93} INFO - 	at org.apache.spark.sql.catalyst.trees.TreeNode.transformDown(TreeNode.scala:437)
[2026-09-18T14:16:22.150+0000] {subprocess.py:93} INFO - 	at org.apache.spark.sql.execution.QueryExecution.eagerlyExecuteCommands(QueryExecution.scala:98)
[2026-09-18T14:16:22.150+0000] {subprocess.py:93} INFO - 	at org.apache.spark.sql.execution.QueryExecution.commandExecuted$lzycompute(QueryExecution.scala:85)
[2026-09-18T14:16:22.150+0000] {subprocess.py:93} INFO - 	at org.apache.spark.sql.execution.QueryExecution.commandExecuted(QueryExecution.scala:83)
[2026-09-18T14:16:22.151+0000] {subprocess.py:93} INFO - 	at org.apache.spark.sql.execution.QueryExecution.assertCommandExecuted(QueryExecution.scala:142)
[2026-09-18T14:16:22.151+0000] {subprocess.py:93} INFO - 	at org.apache.spark.sql.DataFrameWriter.runCommand(DataFrameWriter.scala:859)
[2026-09-18T14:16:22.151+0000] {subprocess.py:93} INFO - 	at org.apache.spark.sql.DataFrameWriter.saveToV1Source(DataFrameWriter.scala:388)
[2026-09-18T14:16:22.151+0000] {subprocess.py:93} INFO - 	at org.apache.spark.sql.DataFrameWriter.saveInternal(DataFrameWriter.scala:361)
[2026-09-18T14:16:22.151+0000] {subprocess.py:93} INFO - 	at org.apache.spark.sql.DataFrameWriter.save(DataFrameWriter.scala:248)
[2026-09-18T14:16:22.152+0000] {subprocess.py:93} INFO - 	at org.apache.spark.sql.DataFrameWriter.jdbc(DataFrameWriter.scala:756)
[2026-09-18T14:16:22.152+0000] {subprocess.py:93} INFO - 	at java.base/jdk.internal.reflect.NativeMethodAccessorImpl.invoke0(Native Method)
[2026-09-18T14:16:22.152+0000] {subprocess.py:93} INFO - 	at java.base/jdk.internal.reflect.NativeMethodAccessorImpl.invoke(NativeMethodAccessorImpl.java:77)
[2026-09-18T14:16:22.152+0000] {subprocess.py:93} INFO - 	at java.base/jdk.internal.reflect.DelegatingMethodAccessorImpl.invoke(DelegatingMethodAccessorImpl.java:43)
[2026-09-18T14:16:22.152+0000] {subprocess.py:93} INFO - 	at java.base/java.lang.reflect.Method.invoke(Method.java:569)
[2026-09-18T14:16:22.153+0000] {subprocess.py:93} INFO - 	at py4j.reflection.MethodInvoker.invoke(MethodInvoker.java:244)
[2026-09-18T14:16:22.153+0000] {subprocess.py:93} INFO - 	at py4j.reflection.ReflectionEngine.invoke(ReflectionEngine.java:374)
[2026-09-18T14:16:22.153+0000] {subprocess.py:93} INFO - 	at py4j.Gateway.invoke(Gateway.java:282)
[2026-09-18T14:16:22.153+0000] {subprocess.py:93} INFO - 	at py4j.commands.AbstractCommand.invokeMethod(AbstractCommand.java:132)
[2026-09-18T14:16:22.153+0000] {subprocess.py:93} INFO - 	at py4j.commands.CallCommand.execute(CallCommand.java:79)
[2026-09-18T14:16:22.154+0000] {subprocess.py:93} INFO - 	at py4j.ClientServerConnection.waitForCommands(ClientServerConnection.java:182)
[2026-09-18T14:16:22.154+0000] {subprocess.py:93} INFO - 	at py4j.ClientServerConnection.run(ClientServerConnection.java:106)
[2026-09-18T14:16:22.154+0000] {subprocess.py:93} INFO - 	at java.base/java.lang.Thread.run(Thread.java:840)
[2026-09-18T14:16:22.154+0000] {subprocess.py:93} INFO - Caused by: java.sql.BatchUpdateException: Batch entry 0 INSERT INTO trusted.pontos_wifi_prefeitura ("id_ponto_externo","nome_local","tipo","endereco","bairro","subprefeitura","regiao","latitude","longitude","status","horario_funcionamento","descricao","link","cleaned_at") VALUES (('EXT-0001'),('Unidade de Serviços - Jardim Silviania'),('CABO'),('Rua Irani, 19'),('Jardim Silviania'),('Carapicuíba'),('Carapicuíba'),('-23.52220470'::numeric),('-46.84379960'::numeric),('manutencao'),('STR 09:00-21:00'),('Ponto de acesso por cabo. Conecte o equipamento à porta de rede identificada, aguarde a obtenção automática do endereço IP e abra o navegador para autenticação, se solicitada.'),('https://www.youtube.com/'),('2026-09-18 14:16:17.432109+00'::timestamp with time zone)) was aborted: ERROR: duplicate key value violates unique constraint "pontos_wifi_prefeitura_pkey"
[2026-09-18T14:16:22.155+0000] {subprocess.py:93} INFO -   Detail: Key (id_ponto_externo)=(EXT-0001) already exists.  Call getNextException to see other errors in the batch.
[2026-09-18T14:16:22.155+0000] {subprocess.py:93} INFO - 	at org.postgresql.jdbc.BatchResultHandler.handleError(BatchResultHandler.java:165)
[2026-09-18T14:16:22.155+0000] {subprocess.py:93} INFO - 	at org.postgresql.core.v3.QueryExecutorImpl.processResults(QueryExecutorImpl.java:2413)
[2026-09-18T14:16:22.155+0000] {subprocess.py:93} INFO - 	at org.postgresql.core.v3.QueryExecutorImpl.execute(QueryExecutorImpl.java:579)
[2026-09-18T14:16:22.155+0000] {subprocess.py:93} INFO - 	at org.postgresql.jdbc.PgStatement.internalExecuteBatch(PgStatement.java:912)
[2026-09-18T14:16:22.156+0000] {subprocess.py:93} INFO - 	at org.postgresql.jdbc.PgStatement.executeBatch(PgStatement.java:936)
[2026-09-18T14:16:22.156+0000] {subprocess.py:93} INFO - 	at org.postgresql.jdbc.PgPreparedStatement.executeBatch(PgPreparedStatement.java:1733)
[2026-09-18T14:16:22.156+0000] {subprocess.py:93} INFO - 	at org.apache.spark.sql.execution.datasources.jdbc.JdbcUtils$.savePartition(JdbcUtils.scala:751)
[2026-09-18T14:16:22.157+0000] {subprocess.py:93} INFO - 	at org.apache.spark.sql.execution.datasources.jdbc.JdbcUtils$.$anonfun$saveTable$1(JdbcUtils.scala:902)
[2026-09-18T14:16:22.157+0000] {subprocess.py:93} INFO - 	at org.apache.spark.sql.execution.datasources.jdbc.JdbcUtils$.$anonfun$saveTable$1$adapted(JdbcUtils.scala:901)
[2026-09-18T14:16:22.158+0000] {subprocess.py:93} INFO - 	at org.apache.spark.rdd.RDD.$anonfun$foreachPartition$2(RDD.scala:1039)
[2026-09-18T14:16:22.158+0000] {subprocess.py:93} INFO - 	at org.apache.spark.rdd.RDD.$anonfun$foreachPartition$2$adapted(RDD.scala:1039)
[2026-09-18T14:16:22.158+0000] {subprocess.py:93} INFO - 	at org.apache.spark.SparkContext.$anonfun$runJob$5(SparkContext.scala:2438)
[2026-09-18T14:16:22.158+0000] {subprocess.py:93} INFO - 	at org.apache.spark.scheduler.ResultTask.runTask(ResultTask.scala:93)
[2026-09-18T14:16:22.158+0000] {subprocess.py:93} INFO - 	at org.apache.spark.TaskContext.runTaskWithListeners(TaskContext.scala:166)
[2026-09-18T14:16:22.159+0000] {subprocess.py:93} INFO - 	at org.apache.spark.scheduler.Task.run(Task.scala:141)
[2026-09-18T14:16:22.159+0000] {subprocess.py:93} INFO - 	at org.apache.spark.executor.Executor$TaskRunner.$anonfun$run$4(Executor.scala:620)
[2026-09-18T14:16:22.159+0000] {subprocess.py:93} INFO - 	at org.apache.spark.util.SparkErrorUtils.tryWithSafeFinally(SparkErrorUtils.scala:64)
[2026-09-18T14:16:22.159+0000] {subprocess.py:93} INFO - 	at org.apache.spark.util.SparkErrorUtils.tryWithSafeFinally$(SparkErrorUtils.scala:61)
[2026-09-18T14:16:22.159+0000] {subprocess.py:93} INFO - 	at org.apache.spark.util.Utils$.tryWithSafeFinally(Utils.scala:94)
[2026-09-18T14:16:22.160+0000] {subprocess.py:93} INFO - 	at org.apache.spark.executor.Executor$TaskRunner.run(Executor.scala:623)
[2026-09-18T14:16:22.160+0000] {subprocess.py:93} INFO - 	at java.base/java.util.concurrent.ThreadPoolExecutor.runWorker(ThreadPoolExecutor.java:1136)
[2026-09-18T14:16:22.160+0000] {subprocess.py:93} INFO - 	at java.base/java.util.concurrent.ThreadPoolExecutor$Worker.run(ThreadPoolExecutor.java:635)
[2026-09-18T14:16:22.160+0000] {subprocess.py:93} INFO - 	... 1 more
[2026-09-18T14:16:22.160+0000] {subprocess.py:93} INFO - Caused by: org.postgresql.util.PSQLException: ERROR: duplicate key value violates unique constraint "pontos_wifi_prefeitura_pkey"
[2026-09-18T14:16:22.161+0000] {subprocess.py:93} INFO -   Detail: Key (id_ponto_externo)=(EXT-0001) already exists.
[2026-09-18T14:16:22.161+0000] {subprocess.py:93} INFO - 	at org.postgresql.core.v3.QueryExecutorImpl.receiveErrorResponse(QueryExecutorImpl.java:2725)
[2026-09-18T14:16:22.161+0000] {subprocess.py:93} INFO - 	at org.postgresql.core.v3.QueryExecutorImpl.processResults(QueryExecutorImpl.java:2412)
[2026-09-18T14:16:22.161+0000] {subprocess.py:93} INFO - 	... 21 more
[2026-09-18T14:16:22.161+0000] {subprocess.py:93} INFO - 
[2026-09-18T14:16:22.788+0000] {subprocess.py:97} INFO - Command exited with return code 1
[2026-09-18T14:16:22.808+0000] {taskinstance.py:2698} ERROR - Task failed with exception
Traceback (most recent call last):
  File "/home/airflow/.local/lib/python3.8/site-packages/airflow/models/taskinstance.py", line 433, in _execute_task
    result = execute_callable(context=context, **execute_callable_kwargs)
  File "/home/airflow/.local/lib/python3.8/site-packages/airflow/operators/bash.py", line 212, in execute
    raise AirflowException(
airflow.exceptions.AirflowException: Bash command failed. The command returned a non-zero exit code 1.
[2026-09-18T14:16:22.813+0000] {taskinstance.py:1138} INFO - Marking task as FAILED. dag_id=wifi_livre_sp_pipeline, task_id=transformar_pyspark, execution_date=20260918T141608, start_date=20260918T141610, end_date=20260918T141622
[2026-09-18T14:16:22.834+0000] {standard_task_runner.py:107} ERROR - Failed to execute job 5 for task transformar_pyspark (Bash command failed. The command returned a non-zero exit code 1.; 313)
[2026-09-18T14:16:22.854+0000] {local_task_job_runner.py:234} INFO - Task exited with return code 1
[2026-09-18T14:16:22.883+0000] {taskinstance.py:3280} INFO - 0 downstream tasks scheduled from follow-on schedule check
