[2026-09-17T00:13:40.699+0000] {processor.py:161} INFO - Started process (PID=175) to work on /opt/airflow/dags/wifi_pipeline_dag.py
[2026-09-17T00:13:40.700+0000] {processor.py:830} INFO - Processing file /opt/airflow/dags/wifi_pipeline_dag.py for tasks to queue
[2026-09-17T00:13:40.701+0000] {logging_mixin.py:188} INFO - [2026-09-17T00:13:40.701+0000] {dagbag.py:538} INFO - Filling up the DagBag from /opt/airflow/dags/wifi_pipeline_dag.py
[2026-09-17T00:13:40.725+0000] {processor.py:840} INFO - DAG(s) 'wifi_livre_sp_pipeline' retrieved from /opt/airflow/dags/wifi_pipeline_dag.py
[2026-09-17T00:13:40.757+0000] {logging_mixin.py:188} INFO - [2026-09-17T00:13:40.757+0000] {dag.py:3036} INFO - Sync 1 DAGs
[2026-09-17T00:13:40.785+0000] {logging_mixin.py:188} INFO - [2026-09-17T00:13:40.785+0000] {dag.py:3823} INFO - Setting next_dagrun for wifi_livre_sp_pipeline to 2026-09-16 00:00:00+00:00, run_after=2026-09-17 00:00:00+00:00
[2026-09-17T00:13:40.804+0000] {processor.py:183} INFO - Processing /opt/airflow/dags/wifi_pipeline_dag.py took 0.108 seconds
[2026-09-17T00:14:11.664+0000] {processor.py:161} INFO - Started process (PID=186) to work on /opt/airflow/dags/wifi_pipeline_dag.py
[2026-09-17T00:14:11.705+0000] {processor.py:830} INFO - Processing file /opt/airflow/dags/wifi_pipeline_dag.py for tasks to queue
[2026-09-17T00:14:11.706+0000] {logging_mixin.py:188} INFO - [2026-09-17T00:14:11.706+0000] {dagbag.py:538} INFO - Filling up the DagBag from /opt/airflow/dags/wifi_pipeline_dag.py
[2026-09-17T00:14:11.720+0000] {processor.py:840} INFO - DAG(s) 'wifi_livre_sp_pipeline' retrieved from /opt/airflow/dags/wifi_pipeline_dag.py
[2026-09-17T00:14:11.893+0000] {logging_mixin.py:188} INFO - [2026-09-17T00:14:11.893+0000] {dag.py:3036} INFO - Sync 1 DAGs
[2026-09-17T00:14:11.912+0000] {logging_mixin.py:188} INFO - [2026-09-17T00:14:11.912+0000] {dag.py:3823} INFO - Setting next_dagrun for wifi_livre_sp_pipeline to 2026-09-16 00:00:00+00:00, run_after=2026-09-17 00:00:00+00:00
[2026-09-17T00:14:11.927+0000] {processor.py:183} INFO - Processing /opt/airflow/dags/wifi_pipeline_dag.py took 0.268 seconds
[2026-09-17T00:14:42.785+0000] {processor.py:161} INFO - Started process (PID=239) to work on /opt/airflow/dags/wifi_pipeline_dag.py
[2026-09-17T00:14:42.787+0000] {processor.py:830} INFO - Processing file /opt/airflow/dags/wifi_pipeline_dag.py for tasks to queue
[2026-09-17T00:14:42.788+0000] {logging_mixin.py:188} INFO - [2026-09-17T00:14:42.787+0000] {dagbag.py:538} INFO - Filling up the DagBag from /opt/airflow/dags/wifi_pipeline_dag.py
[2026-09-17T00:14:42.798+0000] {processor.py:840} INFO - DAG(s) 'wifi_livre_sp_pipeline' retrieved from /opt/airflow/dags/wifi_pipeline_dag.py
[2026-09-17T00:14:42.822+0000] {logging_mixin.py:188} INFO - [2026-09-17T00:14:42.822+0000] {dag.py:3036} INFO - Sync 1 DAGs
[2026-09-17T00:14:42.841+0000] {logging_mixin.py:188} INFO - [2026-09-17T00:14:42.841+0000] {dag.py:3823} INFO - Setting next_dagrun for wifi_livre_sp_pipeline to 2026-09-17 00:00:00+00:00, run_after=2026-09-18 00:00:00+00:00
[2026-09-17T00:14:42.858+0000] {processor.py:183} INFO - Processing /opt/airflow/dags/wifi_pipeline_dag.py took 0.075 seconds
[2026-09-17T00:15:13.721+0000] {processor.py:161} INFO - Started process (PID=249) to work on /opt/airflow/dags/wifi_pipeline_dag.py
[2026-09-17T00:15:13.722+0000] {processor.py:830} INFO - Processing file /opt/airflow/dags/wifi_pipeline_dag.py for tasks to queue
[2026-09-17T00:15:13.723+0000] {logging_mixin.py:188} INFO - [2026-09-17T00:15:13.723+0000] {dagbag.py:538} INFO - Filling up the DagBag from /opt/airflow/dags/wifi_pipeline_dag.py
[2026-09-17T00:15:13.734+0000] {processor.py:840} INFO - DAG(s) 'wifi_livre_sp_pipeline' retrieved from /opt/airflow/dags/wifi_pipeline_dag.py
[2026-09-17T00:15:13.761+0000] {logging_mixin.py:188} INFO - [2026-09-17T00:15:13.761+0000] {dag.py:3036} INFO - Sync 1 DAGs
[2026-09-17T00:15:13.782+0000] {logging_mixin.py:188} INFO - [2026-09-17T00:15:13.782+0000] {dag.py:3823} INFO - Setting next_dagrun for wifi_livre_sp_pipeline to 2026-09-17 00:00:00+00:00, run_after=2026-09-18 00:00:00+00:00
[2026-09-17T00:15:13.796+0000] {processor.py:183} INFO - Processing /opt/airflow/dags/wifi_pipeline_dag.py took 0.079 seconds
[2026-09-17T00:15:44.655+0000] {processor.py:161} INFO - Started process (PID=259) to work on /opt/airflow/dags/wifi_pipeline_dag.py
[2026-09-17T00:15:44.657+0000] {processor.py:830} INFO - Processing file /opt/airflow/dags/wifi_pipeline_dag.py for tasks to queue
[2026-09-17T00:15:44.658+0000] {logging_mixin.py:188} INFO - [2026-09-17T00:15:44.657+0000] {dagbag.py:538} INFO - Filling up the DagBag from /opt/airflow/dags/wifi_pipeline_dag.py
[2026-09-17T00:15:44.670+0000] {processor.py:840} INFO - DAG(s) 'wifi_livre_sp_pipeline' retrieved from /opt/airflow/dags/wifi_pipeline_dag.py
[2026-09-17T00:15:44.699+0000] {logging_mixin.py:188} INFO - [2026-09-17T00:15:44.699+0000] {dag.py:3036} INFO - Sync 1 DAGs
[2026-09-17T00:15:44.720+0000] {logging_mixin.py:188} INFO - [2026-09-17T00:15:44.720+0000] {dag.py:3823} INFO - Setting next_dagrun for wifi_livre_sp_pipeline to 2026-09-17 00:00:00+00:00, run_after=2026-09-18 00:00:00+00:00
[2026-09-17T00:15:44.736+0000] {processor.py:183} INFO - Processing /opt/airflow/dags/wifi_pipeline_dag.py took 0.084 seconds
[2026-09-17T00:16:15.590+0000] {processor.py:161} INFO - Started process (PID=269) to work on /opt/airflow/dags/wifi_pipeline_dag.py
[2026-09-17T00:16:15.591+0000] {processor.py:830} INFO - Processing file /opt/airflow/dags/wifi_pipeline_dag.py for tasks to queue
[2026-09-17T00:16:15.592+0000] {logging_mixin.py:188} INFO - [2026-09-17T00:16:15.592+0000] {dagbag.py:538} INFO - Filling up the DagBag from /opt/airflow/dags/wifi_pipeline_dag.py
[2026-09-17T00:16:15.606+0000] {processor.py:840} INFO - DAG(s) 'wifi_livre_sp_pipeline' retrieved from /opt/airflow/dags/wifi_pipeline_dag.py
[2026-09-17T00:16:15.634+0000] {logging_mixin.py:188} INFO - [2026-09-17T00:16:15.634+0000] {dag.py:3036} INFO - Sync 1 DAGs
[2026-09-17T00:16:15.654+0000] {logging_mixin.py:188} INFO - [2026-09-17T00:16:15.654+0000] {dag.py:3823} INFO - Setting next_dagrun for wifi_livre_sp_pipeline to 2026-09-17 00:00:00+00:00, run_after=2026-09-18 00:00:00+00:00
[2026-09-17T00:16:15.668+0000] {processor.py:183} INFO - Processing /opt/airflow/dags/wifi_pipeline_dag.py took 0.083 seconds
[2026-09-17T00:16:46.498+0000] {processor.py:161} INFO - Started process (PID=279) to work on /opt/airflow/dags/wifi_pipeline_dag.py
[2026-09-17T00:16:46.500+0000] {processor.py:830} INFO - Processing file /opt/airflow/dags/wifi_pipeline_dag.py for tasks to queue
[2026-09-17T00:16:46.501+0000] {logging_mixin.py:188} INFO - [2026-09-17T00:16:46.501+0000] {dagbag.py:538} INFO - Filling up the DagBag from /opt/airflow/dags/wifi_pipeline_dag.py
[2026-09-17T00:16:46.516+0000] {processor.py:840} INFO - DAG(s) 'wifi_livre_sp_pipeline' retrieved from /opt/airflow/dags/wifi_pipeline_dag.py
[2026-09-17T00:16:46.548+0000] {logging_mixin.py:188} INFO - [2026-09-17T00:16:46.548+0000] {dag.py:3036} INFO - Sync 1 DAGs
[2026-09-17T00:16:46.572+0000] {logging_mixin.py:188} INFO - [2026-09-17T00:16:46.572+0000] {dag.py:3823} INFO - Setting next_dagrun for wifi_livre_sp_pipeline to 2026-09-17 00:00:00+00:00, run_after=2026-09-18 00:00:00+00:00
[2026-09-17T00:16:46.589+0000] {processor.py:183} INFO - Processing /opt/airflow/dags/wifi_pipeline_dag.py took 0.097 seconds
[2026-09-17T00:17:17.493+0000] {processor.py:161} INFO - Started process (PID=289) to work on /opt/airflow/dags/wifi_pipeline_dag.py
[2026-09-17T00:17:17.495+0000] {processor.py:830} INFO - Processing file /opt/airflow/dags/wifi_pipeline_dag.py for tasks to queue
[2026-09-17T00:17:17.496+0000] {logging_mixin.py:188} INFO - [2026-09-17T00:17:17.495+0000] {dagbag.py:538} INFO - Filling up the DagBag from /opt/airflow/dags/wifi_pipeline_dag.py
[2026-09-17T00:17:17.510+0000] {processor.py:840} INFO - DAG(s) 'wifi_livre_sp_pipeline' retrieved from /opt/airflow/dags/wifi_pipeline_dag.py
[2026-09-17T00:17:17.540+0000] {logging_mixin.py:188} INFO - [2026-09-17T00:17:17.540+0000] {dag.py:3036} INFO - Sync 1 DAGs
[2026-09-17T00:17:17.560+0000] {logging_mixin.py:188} INFO - [2026-09-17T00:17:17.560+0000] {dag.py:3823} INFO - Setting next_dagrun for wifi_livre_sp_pipeline to 2026-09-17 00:00:00+00:00, run_after=2026-09-18 00:00:00+00:00
[2026-09-17T00:17:17.577+0000] {processor.py:183} INFO - Processing /opt/airflow/dags/wifi_pipeline_dag.py took 0.088 seconds
[2026-09-17T00:20:40.748+0000] {processor.py:161} INFO - Started process (PID=174) to work on /opt/airflow/dags/wifi_pipeline_dag.py
[2026-09-17T00:20:40.749+0000] {processor.py:830} INFO - Processing file /opt/airflow/dags/wifi_pipeline_dag.py for tasks to queue
[2026-09-17T00:20:40.751+0000] {logging_mixin.py:188} INFO - [2026-09-17T00:20:40.750+0000] {dagbag.py:538} INFO - Filling up the DagBag from /opt/airflow/dags/wifi_pipeline_dag.py
[2026-09-17T00:20:40.773+0000] {processor.py:840} INFO - DAG(s) 'wifi_livre_sp_pipeline' retrieved from /opt/airflow/dags/wifi_pipeline_dag.py
[2026-09-17T00:20:40.968+0000] {logging_mixin.py:188} INFO - [2026-09-17T00:20:40.967+0000] {override.py:1769} INFO - Created Permission View: can read on DAG:wifi_livre_sp_pipeline
[2026-09-17T00:20:40.975+0000] {logging_mixin.py:188} INFO - [2026-09-17T00:20:40.975+0000] {override.py:1769} INFO - Created Permission View: can edit on DAG:wifi_livre_sp_pipeline
[2026-09-17T00:20:40.981+0000] {logging_mixin.py:188} INFO - [2026-09-17T00:20:40.980+0000] {override.py:1769} INFO - Created Permission View: can delete on DAG:wifi_livre_sp_pipeline
[2026-09-17T00:20:40.981+0000] {logging_mixin.py:188} INFO - [2026-09-17T00:20:40.981+0000] {dag.py:3036} INFO - Sync 1 DAGs
[2026-09-17T00:20:40.990+0000] {logging_mixin.py:188} INFO - [2026-09-17T00:20:40.990+0000] {dag.py:3058} INFO - Creating ORM DAG for wifi_livre_sp_pipeline
[2026-09-17T00:20:41.001+0000] {logging_mixin.py:188} INFO - [2026-09-17T00:20:41.000+0000] {dag.py:3823} INFO - Setting next_dagrun for wifi_livre_sp_pipeline to 2026-09-16 00:00:00+00:00, run_after=2026-09-17 00:00:00+00:00
[2026-09-17T00:20:41.016+0000] {processor.py:183} INFO - Processing /opt/airflow/dags/wifi_pipeline_dag.py took 0.273 seconds
[2026-09-17T00:21:11.867+0000] {processor.py:161} INFO - Started process (PID=225) to work on /opt/airflow/dags/wifi_pipeline_dag.py
[2026-09-17T00:21:11.869+0000] {processor.py:830} INFO - Processing file /opt/airflow/dags/wifi_pipeline_dag.py for tasks to queue
[2026-09-17T00:21:11.870+0000] {logging_mixin.py:188} INFO - [2026-09-17T00:21:11.870+0000] {dagbag.py:538} INFO - Filling up the DagBag from /opt/airflow/dags/wifi_pipeline_dag.py
[2026-09-17T00:21:11.889+0000] {processor.py:840} INFO - DAG(s) 'wifi_livre_sp_pipeline' retrieved from /opt/airflow/dags/wifi_pipeline_dag.py
[2026-09-17T00:21:11.923+0000] {logging_mixin.py:188} INFO - [2026-09-17T00:21:11.922+0000] {dag.py:3036} INFO - Sync 1 DAGs
[2026-09-17T00:21:11.961+0000] {logging_mixin.py:188} INFO - [2026-09-17T00:21:11.960+0000] {dag.py:3823} INFO - Setting next_dagrun for wifi_livre_sp_pipeline to 2026-09-17 00:00:00+00:00, run_after=2026-09-18 00:00:00+00:00
[2026-09-17T00:21:11.988+0000] {processor.py:183} INFO - Processing /opt/airflow/dags/wifi_pipeline_dag.py took 0.127 seconds
[2026-09-17T00:21:42.846+0000] {processor.py:161} INFO - Started process (PID=518) to work on /opt/airflow/dags/wifi_pipeline_dag.py
[2026-09-17T00:21:42.848+0000] {processor.py:830} INFO - Processing file /opt/airflow/dags/wifi_pipeline_dag.py for tasks to queue
[2026-09-17T00:21:42.849+0000] {logging_mixin.py:188} INFO - [2026-09-17T00:21:42.848+0000] {dagbag.py:538} INFO - Filling up the DagBag from /opt/airflow/dags/wifi_pipeline_dag.py
[2026-09-17T00:21:42.862+0000] {processor.py:840} INFO - DAG(s) 'wifi_livre_sp_pipeline' retrieved from /opt/airflow/dags/wifi_pipeline_dag.py
[2026-09-17T00:21:42.893+0000] {logging_mixin.py:188} INFO - [2026-09-17T00:21:42.893+0000] {dag.py:3036} INFO - Sync 1 DAGs
[2026-09-17T00:21:42.915+0000] {logging_mixin.py:188} INFO - [2026-09-17T00:21:42.915+0000] {dag.py:3823} INFO - Setting next_dagrun for wifi_livre_sp_pipeline to 2026-09-17 00:00:00+00:00, run_after=2026-09-18 00:00:00+00:00
[2026-09-17T00:21:42.931+0000] {processor.py:183} INFO - Processing /opt/airflow/dags/wifi_pipeline_dag.py took 0.089 seconds
[2026-09-17T00:22:13.785+0000] {processor.py:161} INFO - Started process (PID=528) to work on /opt/airflow/dags/wifi_pipeline_dag.py
[2026-09-17T00:22:13.787+0000] {processor.py:830} INFO - Processing file /opt/airflow/dags/wifi_pipeline_dag.py for tasks to queue
[2026-09-17T00:22:13.788+0000] {logging_mixin.py:188} INFO - [2026-09-17T00:22:13.787+0000] {dagbag.py:538} INFO - Filling up the DagBag from /opt/airflow/dags/wifi_pipeline_dag.py
[2026-09-17T00:22:13.802+0000] {processor.py:840} INFO - DAG(s) 'wifi_livre_sp_pipeline' retrieved from /opt/airflow/dags/wifi_pipeline_dag.py
[2026-09-17T00:22:13.832+0000] {logging_mixin.py:188} INFO - [2026-09-17T00:22:13.832+0000] {dag.py:3036} INFO - Sync 1 DAGs
[2026-09-17T00:22:13.854+0000] {logging_mixin.py:188} INFO - [2026-09-17T00:22:13.853+0000] {dag.py:3823} INFO - Setting next_dagrun for wifi_livre_sp_pipeline to 2026-09-17 00:00:00+00:00, run_after=2026-09-18 00:00:00+00:00
[2026-09-17T00:22:13.870+0000] {processor.py:183} INFO - Processing /opt/airflow/dags/wifi_pipeline_dag.py took 0.089 seconds
[2026-09-17T00:22:44.730+0000] {processor.py:161} INFO - Started process (PID=538) to work on /opt/airflow/dags/wifi_pipeline_dag.py
[2026-09-17T00:22:44.732+0000] {processor.py:830} INFO - Processing file /opt/airflow/dags/wifi_pipeline_dag.py for tasks to queue
[2026-09-17T00:22:44.733+0000] {logging_mixin.py:188} INFO - [2026-09-17T00:22:44.733+0000] {dagbag.py:538} INFO - Filling up the DagBag from /opt/airflow/dags/wifi_pipeline_dag.py
[2026-09-17T00:22:44.747+0000] {processor.py:840} INFO - DAG(s) 'wifi_livre_sp_pipeline' retrieved from /opt/airflow/dags/wifi_pipeline_dag.py
[2026-09-17T00:22:44.777+0000] {logging_mixin.py:188} INFO - [2026-09-17T00:22:44.777+0000] {dag.py:3036} INFO - Sync 1 DAGs
[2026-09-17T00:22:44.798+0000] {logging_mixin.py:188} INFO - [2026-09-17T00:22:44.798+0000] {dag.py:3823} INFO - Setting next_dagrun for wifi_livre_sp_pipeline to 2026-09-17 00:00:00+00:00, run_after=2026-09-18 00:00:00+00:00
[2026-09-17T00:22:44.822+0000] {processor.py:183} INFO - Processing /opt/airflow/dags/wifi_pipeline_dag.py took 0.095 seconds
[2026-09-17T00:23:15.672+0000] {processor.py:161} INFO - Started process (PID=548) to work on /opt/airflow/dags/wifi_pipeline_dag.py
[2026-09-17T00:23:15.674+0000] {processor.py:830} INFO - Processing file /opt/airflow/dags/wifi_pipeline_dag.py for tasks to queue
[2026-09-17T00:23:15.674+0000] {logging_mixin.py:188} INFO - [2026-09-17T00:23:15.674+0000] {dagbag.py:538} INFO - Filling up the DagBag from /opt/airflow/dags/wifi_pipeline_dag.py
[2026-09-17T00:23:15.689+0000] {processor.py:840} INFO - DAG(s) 'wifi_livre_sp_pipeline' retrieved from /opt/airflow/dags/wifi_pipeline_dag.py
[2026-09-17T00:23:15.721+0000] {logging_mixin.py:188} INFO - [2026-09-17T00:23:15.720+0000] {dag.py:3036} INFO - Sync 1 DAGs
[2026-09-17T00:23:15.744+0000] {logging_mixin.py:188} INFO - [2026-09-17T00:23:15.744+0000] {dag.py:3823} INFO - Setting next_dagrun for wifi_livre_sp_pipeline to 2026-09-17 00:00:00+00:00, run_after=2026-09-18 00:00:00+00:00
[2026-09-17T00:23:15.762+0000] {processor.py:183} INFO - Processing /opt/airflow/dags/wifi_pipeline_dag.py took 0.095 seconds
[2026-09-17T00:23:46.626+0000] {processor.py:161} INFO - Started process (PID=558) to work on /opt/airflow/dags/wifi_pipeline_dag.py
[2026-09-17T00:23:46.628+0000] {processor.py:830} INFO - Processing file /opt/airflow/dags/wifi_pipeline_dag.py for tasks to queue
[2026-09-17T00:23:46.629+0000] {logging_mixin.py:188} INFO - [2026-09-17T00:23:46.628+0000] {dagbag.py:538} INFO - Filling up the DagBag from /opt/airflow/dags/wifi_pipeline_dag.py
[2026-09-17T00:23:46.643+0000] {processor.py:840} INFO - DAG(s) 'wifi_livre_sp_pipeline' retrieved from /opt/airflow/dags/wifi_pipeline_dag.py
[2026-09-17T00:23:46.672+0000] {logging_mixin.py:188} INFO - [2026-09-17T00:23:46.672+0000] {dag.py:3036} INFO - Sync 1 DAGs
[2026-09-17T00:23:46.693+0000] {logging_mixin.py:188} INFO - [2026-09-17T00:23:46.692+0000] {dag.py:3823} INFO - Setting next_dagrun for wifi_livre_sp_pipeline to 2026-09-17 00:00:00+00:00, run_after=2026-09-18 00:00:00+00:00
[2026-09-17T00:23:46.710+0000] {processor.py:183} INFO - Processing /opt/airflow/dags/wifi_pipeline_dag.py took 0.089 seconds
[2026-09-17T00:24:17.564+0000] {processor.py:161} INFO - Started process (PID=568) to work on /opt/airflow/dags/wifi_pipeline_dag.py
[2026-09-17T00:24:17.566+0000] {processor.py:830} INFO - Processing file /opt/airflow/dags/wifi_pipeline_dag.py for tasks to queue
[2026-09-17T00:24:17.567+0000] {logging_mixin.py:188} INFO - [2026-09-17T00:24:17.567+0000] {dagbag.py:538} INFO - Filling up the DagBag from /opt/airflow/dags/wifi_pipeline_dag.py
[2026-09-17T00:24:17.585+0000] {processor.py:840} INFO - DAG(s) 'wifi_livre_sp_pipeline' retrieved from /opt/airflow/dags/wifi_pipeline_dag.py
[2026-09-17T00:24:17.617+0000] {logging_mixin.py:188} INFO - [2026-09-17T00:24:17.617+0000] {dag.py:3036} INFO - Sync 1 DAGs
[2026-09-17T00:24:17.644+0000] {logging_mixin.py:188} INFO - [2026-09-17T00:24:17.643+0000] {dag.py:3823} INFO - Setting next_dagrun for wifi_livre_sp_pipeline to 2026-09-17 00:00:00+00:00, run_after=2026-09-18 00:00:00+00:00
[2026-09-17T00:24:17.665+0000] {processor.py:183} INFO - Processing /opt/airflow/dags/wifi_pipeline_dag.py took 0.105 seconds
[2026-09-17T00:24:48.527+0000] {processor.py:161} INFO - Started process (PID=578) to work on /opt/airflow/dags/wifi_pipeline_dag.py
[2026-09-17T00:24:48.529+0000] {processor.py:830} INFO - Processing file /opt/airflow/dags/wifi_pipeline_dag.py for tasks to queue
[2026-09-17T00:24:48.530+0000] {logging_mixin.py:188} INFO - [2026-09-17T00:24:48.529+0000] {dagbag.py:538} INFO - Filling up the DagBag from /opt/airflow/dags/wifi_pipeline_dag.py
[2026-09-17T00:24:48.543+0000] {processor.py:840} INFO - DAG(s) 'wifi_livre_sp_pipeline' retrieved from /opt/airflow/dags/wifi_pipeline_dag.py
[2026-09-17T00:24:48.571+0000] {logging_mixin.py:188} INFO - [2026-09-17T00:24:48.571+0000] {dag.py:3036} INFO - Sync 1 DAGs
[2026-09-17T00:24:48.591+0000] {logging_mixin.py:188} INFO - [2026-09-17T00:24:48.591+0000] {dag.py:3823} INFO - Setting next_dagrun for wifi_livre_sp_pipeline to 2026-09-17 00:00:00+00:00, run_after=2026-09-18 00:00:00+00:00
[2026-09-17T00:24:48.606+0000] {processor.py:183} INFO - Processing /opt/airflow/dags/wifi_pipeline_dag.py took 0.082 seconds
[2026-09-17T00:25:19.461+0000] {processor.py:161} INFO - Started process (PID=588) to work on /opt/airflow/dags/wifi_pipeline_dag.py
[2026-09-17T00:25:19.463+0000] {processor.py:830} INFO - Processing file /opt/airflow/dags/wifi_pipeline_dag.py for tasks to queue
[2026-09-17T00:25:19.464+0000] {logging_mixin.py:188} INFO - [2026-09-17T00:25:19.464+0000] {dagbag.py:538} INFO - Filling up the DagBag from /opt/airflow/dags/wifi_pipeline_dag.py
[2026-09-17T00:25:19.482+0000] {processor.py:840} INFO - DAG(s) 'wifi_livre_sp_pipeline' retrieved from /opt/airflow/dags/wifi_pipeline_dag.py
[2026-09-17T00:25:19.514+0000] {logging_mixin.py:188} INFO - [2026-09-17T00:25:19.513+0000] {dag.py:3036} INFO - Sync 1 DAGs
[2026-09-17T00:25:19.537+0000] {logging_mixin.py:188} INFO - [2026-09-17T00:25:19.537+0000] {dag.py:3823} INFO - Setting next_dagrun for wifi_livre_sp_pipeline to 2026-09-17 00:00:00+00:00, run_after=2026-09-18 00:00:00+00:00
[2026-09-17T00:25:19.557+0000] {processor.py:183} INFO - Processing /opt/airflow/dags/wifi_pipeline_dag.py took 0.100 seconds
[2026-09-17T00:25:52.442+0000] {processor.py:161} INFO - Started process (PID=598) to work on /opt/airflow/dags/wifi_pipeline_dag.py
[2026-09-17T00:25:52.445+0000] {processor.py:830} INFO - Processing file /opt/airflow/dags/wifi_pipeline_dag.py for tasks to queue
[2026-09-17T00:25:52.446+0000] {logging_mixin.py:188} INFO - [2026-09-17T00:25:52.445+0000] {dagbag.py:538} INFO - Filling up the DagBag from /opt/airflow/dags/wifi_pipeline_dag.py
[2026-09-17T00:25:52.462+0000] {processor.py:840} INFO - DAG(s) 'wifi_livre_sp_pipeline' retrieved from /opt/airflow/dags/wifi_pipeline_dag.py
[2026-09-17T00:25:52.491+0000] {logging_mixin.py:188} INFO - [2026-09-17T00:25:52.490+0000] {dag.py:3036} INFO - Sync 1 DAGs
[2026-09-17T00:25:52.510+0000] {logging_mixin.py:188} INFO - [2026-09-17T00:25:52.510+0000] {dag.py:3823} INFO - Setting next_dagrun for wifi_livre_sp_pipeline to 2026-09-17 00:00:00+00:00, run_after=2026-09-18 00:00:00+00:00
[2026-09-17T00:25:52.526+0000] {processor.py:183} INFO - Processing /opt/airflow/dags/wifi_pipeline_dag.py took 0.090 seconds
[2026-09-17T00:26:25.391+0000] {processor.py:161} INFO - Started process (PID=608) to work on /opt/airflow/dags/wifi_pipeline_dag.py
[2026-09-17T00:26:25.392+0000] {processor.py:830} INFO - Processing file /opt/airflow/dags/wifi_pipeline_dag.py for tasks to queue
[2026-09-17T00:26:25.394+0000] {logging_mixin.py:188} INFO - [2026-09-17T00:26:25.393+0000] {dagbag.py:538} INFO - Filling up the DagBag from /opt/airflow/dags/wifi_pipeline_dag.py
[2026-09-17T00:26:25.409+0000] {processor.py:840} INFO - DAG(s) 'wifi_livre_sp_pipeline' retrieved from /opt/airflow/dags/wifi_pipeline_dag.py
[2026-09-17T00:26:25.440+0000] {logging_mixin.py:188} INFO - [2026-09-17T00:26:25.439+0000] {dag.py:3036} INFO - Sync 1 DAGs
[2026-09-17T00:26:25.464+0000] {logging_mixin.py:188} INFO - [2026-09-17T00:26:25.464+0000] {dag.py:3823} INFO - Setting next_dagrun for wifi_livre_sp_pipeline to 2026-09-17 00:00:00+00:00, run_after=2026-09-18 00:00:00+00:00
[2026-09-17T00:26:25.486+0000] {processor.py:183} INFO - Processing /opt/airflow/dags/wifi_pipeline_dag.py took 0.101 seconds
[2026-09-17T00:26:57.364+0000] {processor.py:161} INFO - Started process (PID=618) to work on /opt/airflow/dags/wifi_pipeline_dag.py
[2026-09-17T00:26:57.366+0000] {processor.py:830} INFO - Processing file /opt/airflow/dags/wifi_pipeline_dag.py for tasks to queue
[2026-09-17T00:26:57.367+0000] {logging_mixin.py:188} INFO - [2026-09-17T00:26:57.366+0000] {dagbag.py:538} INFO - Filling up the DagBag from /opt/airflow/dags/wifi_pipeline_dag.py
[2026-09-17T00:26:57.381+0000] {processor.py:840} INFO - DAG(s) 'wifi_livre_sp_pipeline' retrieved from /opt/airflow/dags/wifi_pipeline_dag.py
[2026-09-17T00:26:57.413+0000] {logging_mixin.py:188} INFO - [2026-09-17T00:26:57.413+0000] {dag.py:3036} INFO - Sync 1 DAGs
[2026-09-17T00:26:57.434+0000] {logging_mixin.py:188} INFO - [2026-09-17T00:26:57.434+0000] {dag.py:3823} INFO - Setting next_dagrun for wifi_livre_sp_pipeline to 2026-09-17 00:00:00+00:00, run_after=2026-09-18 00:00:00+00:00
[2026-09-17T00:26:57.454+0000] {processor.py:183} INFO - Processing /opt/airflow/dags/wifi_pipeline_dag.py took 0.094 seconds
[2026-09-17T00:27:30.321+0000] {processor.py:161} INFO - Started process (PID=628) to work on /opt/airflow/dags/wifi_pipeline_dag.py
[2026-09-17T00:27:30.322+0000] {processor.py:830} INFO - Processing file /opt/airflow/dags/wifi_pipeline_dag.py for tasks to queue
[2026-09-17T00:27:30.323+0000] {logging_mixin.py:188} INFO - [2026-09-17T00:27:30.323+0000] {dagbag.py:538} INFO - Filling up the DagBag from /opt/airflow/dags/wifi_pipeline_dag.py
[2026-09-17T00:27:30.338+0000] {processor.py:840} INFO - DAG(s) 'wifi_livre_sp_pipeline' retrieved from /opt/airflow/dags/wifi_pipeline_dag.py
[2026-09-17T00:27:30.368+0000] {logging_mixin.py:188} INFO - [2026-09-17T00:27:30.368+0000] {dag.py:3036} INFO - Sync 1 DAGs
[2026-09-17T00:27:30.393+0000] {logging_mixin.py:188} INFO - [2026-09-17T00:27:30.393+0000] {dag.py:3823} INFO - Setting next_dagrun for wifi_livre_sp_pipeline to 2026-09-17 00:00:00+00:00, run_after=2026-09-18 00:00:00+00:00
[2026-09-17T00:27:30.414+0000] {processor.py:183} INFO - Processing /opt/airflow/dags/wifi_pipeline_dag.py took 0.096 seconds
[2026-09-17T00:28:03.279+0000] {processor.py:161} INFO - Started process (PID=638) to work on /opt/airflow/dags/wifi_pipeline_dag.py
[2026-09-17T00:28:03.281+0000] {processor.py:830} INFO - Processing file /opt/airflow/dags/wifi_pipeline_dag.py for tasks to queue
[2026-09-17T00:28:03.281+0000] {logging_mixin.py:188} INFO - [2026-09-17T00:28:03.281+0000] {dagbag.py:538} INFO - Filling up the DagBag from /opt/airflow/dags/wifi_pipeline_dag.py
[2026-09-17T00:28:03.295+0000] {processor.py:840} INFO - DAG(s) 'wifi_livre_sp_pipeline' retrieved from /opt/airflow/dags/wifi_pipeline_dag.py
[2026-09-17T00:28:03.323+0000] {logging_mixin.py:188} INFO - [2026-09-17T00:28:03.323+0000] {dag.py:3036} INFO - Sync 1 DAGs
[2026-09-17T00:28:03.345+0000] {logging_mixin.py:188} INFO - [2026-09-17T00:28:03.344+0000] {dag.py:3823} INFO - Setting next_dagrun for wifi_livre_sp_pipeline to 2026-09-17 00:00:00+00:00, run_after=2026-09-18 00:00:00+00:00
[2026-09-17T00:28:03.360+0000] {processor.py:183} INFO - Processing /opt/airflow/dags/wifi_pipeline_dag.py took 0.084 seconds
[2026-09-17T00:28:36.225+0000] {processor.py:161} INFO - Started process (PID=648) to work on /opt/airflow/dags/wifi_pipeline_dag.py
[2026-09-17T00:28:36.227+0000] {processor.py:830} INFO - Processing file /opt/airflow/dags/wifi_pipeline_dag.py for tasks to queue
[2026-09-17T00:28:36.228+0000] {logging_mixin.py:188} INFO - [2026-09-17T00:28:36.227+0000] {dagbag.py:538} INFO - Filling up the DagBag from /opt/airflow/dags/wifi_pipeline_dag.py
[2026-09-17T00:28:36.244+0000] {processor.py:840} INFO - DAG(s) 'wifi_livre_sp_pipeline' retrieved from /opt/airflow/dags/wifi_pipeline_dag.py
[2026-09-17T00:28:36.279+0000] {logging_mixin.py:188} INFO - [2026-09-17T00:28:36.278+0000] {dag.py:3036} INFO - Sync 1 DAGs
[2026-09-17T00:28:36.308+0000] {logging_mixin.py:188} INFO - [2026-09-17T00:28:36.308+0000] {dag.py:3823} INFO - Setting next_dagrun for wifi_livre_sp_pipeline to 2026-09-17 00:00:00+00:00, run_after=2026-09-18 00:00:00+00:00
[2026-09-17T00:28:36.328+0000] {processor.py:183} INFO - Processing /opt/airflow/dags/wifi_pipeline_dag.py took 0.108 seconds
[2026-09-17T00:29:08.182+0000] {processor.py:161} INFO - Started process (PID=658) to work on /opt/airflow/dags/wifi_pipeline_dag.py
[2026-09-17T00:29:08.184+0000] {processor.py:830} INFO - Processing file /opt/airflow/dags/wifi_pipeline_dag.py for tasks to queue
[2026-09-17T00:29:08.186+0000] {logging_mixin.py:188} INFO - [2026-09-17T00:29:08.185+0000] {dagbag.py:538} INFO - Filling up the DagBag from /opt/airflow/dags/wifi_pipeline_dag.py
[2026-09-17T00:29:08.199+0000] {processor.py:840} INFO - DAG(s) 'wifi_livre_sp_pipeline' retrieved from /opt/airflow/dags/wifi_pipeline_dag.py
[2026-09-17T00:29:08.228+0000] {logging_mixin.py:188} INFO - [2026-09-17T00:29:08.228+0000] {dag.py:3036} INFO - Sync 1 DAGs
[2026-09-17T00:29:08.249+0000] {logging_mixin.py:188} INFO - [2026-09-17T00:29:08.249+0000] {dag.py:3823} INFO - Setting next_dagrun for wifi_livre_sp_pipeline to 2026-09-17 00:00:00+00:00, run_after=2026-09-18 00:00:00+00:00
[2026-09-17T00:29:08.266+0000] {processor.py:183} INFO - Processing /opt/airflow/dags/wifi_pipeline_dag.py took 0.087 seconds
[2026-09-17T00:29:41.139+0000] {processor.py:161} INFO - Started process (PID=668) to work on /opt/airflow/dags/wifi_pipeline_dag.py
[2026-09-17T00:29:41.141+0000] {processor.py:830} INFO - Processing file /opt/airflow/dags/wifi_pipeline_dag.py for tasks to queue
[2026-09-17T00:29:41.142+0000] {logging_mixin.py:188} INFO - [2026-09-17T00:29:41.141+0000] {dagbag.py:538} INFO - Filling up the DagBag from /opt/airflow/dags/wifi_pipeline_dag.py
[2026-09-17T00:29:41.156+0000] {processor.py:840} INFO - DAG(s) 'wifi_livre_sp_pipeline' retrieved from /opt/airflow/dags/wifi_pipeline_dag.py
[2026-09-17T00:29:41.186+0000] {logging_mixin.py:188} INFO - [2026-09-17T00:29:41.186+0000] {dag.py:3036} INFO - Sync 1 DAGs
[2026-09-17T00:29:41.208+0000] {logging_mixin.py:188} INFO - [2026-09-17T00:29:41.208+0000] {dag.py:3823} INFO - Setting next_dagrun for wifi_livre_sp_pipeline to 2026-09-17 00:00:00+00:00, run_after=2026-09-18 00:00:00+00:00
[2026-09-17T00:29:41.226+0000] {processor.py:183} INFO - Processing /opt/airflow/dags/wifi_pipeline_dag.py took 0.090 seconds
[2026-09-17T00:30:14.099+0000] {processor.py:161} INFO - Started process (PID=678) to work on /opt/airflow/dags/wifi_pipeline_dag.py
[2026-09-17T00:30:14.101+0000] {processor.py:830} INFO - Processing file /opt/airflow/dags/wifi_pipeline_dag.py for tasks to queue
[2026-09-17T00:30:14.102+0000] {logging_mixin.py:188} INFO - [2026-09-17T00:30:14.101+0000] {dagbag.py:538} INFO - Filling up the DagBag from /opt/airflow/dags/wifi_pipeline_dag.py
[2026-09-17T00:30:14.117+0000] {processor.py:840} INFO - DAG(s) 'wifi_livre_sp_pipeline' retrieved from /opt/airflow/dags/wifi_pipeline_dag.py
[2026-09-17T00:30:14.149+0000] {logging_mixin.py:188} INFO - [2026-09-17T00:30:14.148+0000] {dag.py:3036} INFO - Sync 1 DAGs
[2026-09-17T00:30:14.172+0000] {logging_mixin.py:188} INFO - [2026-09-17T00:30:14.172+0000] {dag.py:3823} INFO - Setting next_dagrun for wifi_livre_sp_pipeline to 2026-09-17 00:00:00+00:00, run_after=2026-09-18 00:00:00+00:00
[2026-09-17T00:30:14.191+0000] {processor.py:183} INFO - Processing /opt/airflow/dags/wifi_pipeline_dag.py took 0.096 seconds
[2026-09-17T00:30:47.078+0000] {processor.py:161} INFO - Started process (PID=688) to work on /opt/airflow/dags/wifi_pipeline_dag.py
[2026-09-17T00:30:47.080+0000] {processor.py:830} INFO - Processing file /opt/airflow/dags/wifi_pipeline_dag.py for tasks to queue
[2026-09-17T00:30:47.081+0000] {logging_mixin.py:188} INFO - [2026-09-17T00:30:47.081+0000] {dagbag.py:538} INFO - Filling up the DagBag from /opt/airflow/dags/wifi_pipeline_dag.py
[2026-09-17T00:30:47.095+0000] {processor.py:840} INFO - DAG(s) 'wifi_livre_sp_pipeline' retrieved from /opt/airflow/dags/wifi_pipeline_dag.py
[2026-09-17T00:30:47.125+0000] {logging_mixin.py:188} INFO - [2026-09-17T00:30:47.125+0000] {dag.py:3036} INFO - Sync 1 DAGs
[2026-09-17T00:30:47.149+0000] {logging_mixin.py:188} INFO - [2026-09-17T00:30:47.149+0000] {dag.py:3823} INFO - Setting next_dagrun for wifi_livre_sp_pipeline to 2026-09-17 00:00:00+00:00, run_after=2026-09-18 00:00:00+00:00
[2026-09-17T00:30:47.168+0000] {processor.py:183} INFO - Processing /opt/airflow/dags/wifi_pipeline_dag.py took 0.093 seconds
[2026-09-17T00:31:20.030+0000] {processor.py:161} INFO - Started process (PID=698) to work on /opt/airflow/dags/wifi_pipeline_dag.py
[2026-09-17T00:31:20.032+0000] {processor.py:830} INFO - Processing file /opt/airflow/dags/wifi_pipeline_dag.py for tasks to queue
[2026-09-17T00:31:20.033+0000] {logging_mixin.py:188} INFO - [2026-09-17T00:31:20.033+0000] {dagbag.py:538} INFO - Filling up the DagBag from /opt/airflow/dags/wifi_pipeline_dag.py
[2026-09-17T00:31:20.049+0000] {processor.py:840} INFO - DAG(s) 'wifi_livre_sp_pipeline' retrieved from /opt/airflow/dags/wifi_pipeline_dag.py
[2026-09-17T00:31:20.083+0000] {logging_mixin.py:188} INFO - [2026-09-17T00:31:20.082+0000] {dag.py:3036} INFO - Sync 1 DAGs
[2026-09-17T00:31:20.111+0000] {logging_mixin.py:188} INFO - [2026-09-17T00:31:20.111+0000] {dag.py:3823} INFO - Setting next_dagrun for wifi_livre_sp_pipeline to 2026-09-17 00:00:00+00:00, run_after=2026-09-18 00:00:00+00:00
[2026-09-17T00:31:20.134+0000] {processor.py:183} INFO - Processing /opt/airflow/dags/wifi_pipeline_dag.py took 0.107 seconds
[2026-09-17T00:31:51.996+0000] {processor.py:161} INFO - Started process (PID=708) to work on /opt/airflow/dags/wifi_pipeline_dag.py
[2026-09-17T00:31:51.998+0000] {processor.py:830} INFO - Processing file /opt/airflow/dags/wifi_pipeline_dag.py for tasks to queue
[2026-09-17T00:31:51.999+0000] {logging_mixin.py:188} INFO - [2026-09-17T00:31:51.998+0000] {dagbag.py:538} INFO - Filling up the DagBag from /opt/airflow/dags/wifi_pipeline_dag.py
[2026-09-17T00:31:52.013+0000] {processor.py:840} INFO - DAG(s) 'wifi_livre_sp_pipeline' retrieved from /opt/airflow/dags/wifi_pipeline_dag.py
[2026-09-17T00:31:52.045+0000] {logging_mixin.py:188} INFO - [2026-09-17T00:31:52.044+0000] {dag.py:3036} INFO - Sync 1 DAGs
[2026-09-17T00:31:52.070+0000] {logging_mixin.py:188} INFO - [2026-09-17T00:31:52.069+0000] {dag.py:3823} INFO - Setting next_dagrun for wifi_livre_sp_pipeline to 2026-09-17 00:00:00+00:00, run_after=2026-09-18 00:00:00+00:00
[2026-09-17T00:31:52.090+0000] {processor.py:183} INFO - Processing /opt/airflow/dags/wifi_pipeline_dag.py took 0.099 seconds
[2026-09-17T00:32:24.963+0000] {processor.py:161} INFO - Started process (PID=718) to work on /opt/airflow/dags/wifi_pipeline_dag.py
[2026-09-17T00:32:24.966+0000] {processor.py:830} INFO - Processing file /opt/airflow/dags/wifi_pipeline_dag.py for tasks to queue
[2026-09-17T00:32:24.968+0000] {logging_mixin.py:188} INFO - [2026-09-17T00:32:24.967+0000] {dagbag.py:538} INFO - Filling up the DagBag from /opt/airflow/dags/wifi_pipeline_dag.py
[2026-09-17T00:32:24.991+0000] {processor.py:840} INFO - DAG(s) 'wifi_livre_sp_pipeline' retrieved from /opt/airflow/dags/wifi_pipeline_dag.py
[2026-09-17T00:32:25.030+0000] {logging_mixin.py:188} INFO - [2026-09-17T00:32:25.030+0000] {dag.py:3036} INFO - Sync 1 DAGs
[2026-09-17T00:32:25.060+0000] {logging_mixin.py:188} INFO - [2026-09-17T00:32:25.060+0000] {dag.py:3823} INFO - Setting next_dagrun for wifi_livre_sp_pipeline to 2026-09-17 00:00:00+00:00, run_after=2026-09-18 00:00:00+00:00
[2026-09-17T00:32:25.080+0000] {processor.py:183} INFO - Processing /opt/airflow/dags/wifi_pipeline_dag.py took 0.125 seconds
[2026-09-17T00:32:57.943+0000] {processor.py:161} INFO - Started process (PID=728) to work on /opt/airflow/dags/wifi_pipeline_dag.py
[2026-09-17T00:32:57.945+0000] {processor.py:830} INFO - Processing file /opt/airflow/dags/wifi_pipeline_dag.py for tasks to queue
[2026-09-17T00:32:57.946+0000] {logging_mixin.py:188} INFO - [2026-09-17T00:32:57.946+0000] {dagbag.py:538} INFO - Filling up the DagBag from /opt/airflow/dags/wifi_pipeline_dag.py
[2026-09-17T00:32:57.961+0000] {processor.py:840} INFO - DAG(s) 'wifi_livre_sp_pipeline' retrieved from /opt/airflow/dags/wifi_pipeline_dag.py
[2026-09-17T00:32:57.991+0000] {logging_mixin.py:188} INFO - [2026-09-17T00:32:57.990+0000] {dag.py:3036} INFO - Sync 1 DAGs
[2026-09-17T00:32:58.012+0000] {logging_mixin.py:188} INFO - [2026-09-17T00:32:58.011+0000] {dag.py:3823} INFO - Setting next_dagrun for wifi_livre_sp_pipeline to 2026-09-17 00:00:00+00:00, run_after=2026-09-18 00:00:00+00:00
[2026-09-17T00:32:58.028+0000] {processor.py:183} INFO - Processing /opt/airflow/dags/wifi_pipeline_dag.py took 0.090 seconds
[2026-09-17T00:33:30.894+0000] {processor.py:161} INFO - Started process (PID=738) to work on /opt/airflow/dags/wifi_pipeline_dag.py
[2026-09-17T00:33:30.896+0000] {processor.py:830} INFO - Processing file /opt/airflow/dags/wifi_pipeline_dag.py for tasks to queue
[2026-09-17T00:33:30.897+0000] {logging_mixin.py:188} INFO - [2026-09-17T00:33:30.897+0000] {dagbag.py:538} INFO - Filling up the DagBag from /opt/airflow/dags/wifi_pipeline_dag.py
[2026-09-17T00:33:30.912+0000] {processor.py:840} INFO - DAG(s) 'wifi_livre_sp_pipeline' retrieved from /opt/airflow/dags/wifi_pipeline_dag.py
[2026-09-17T00:33:30.946+0000] {logging_mixin.py:188} INFO - [2026-09-17T00:33:30.946+0000] {dag.py:3036} INFO - Sync 1 DAGs
[2026-09-17T00:33:30.974+0000] {logging_mixin.py:188} INFO - [2026-09-17T00:33:30.974+0000] {dag.py:3823} INFO - Setting next_dagrun for wifi_livre_sp_pipeline to 2026-09-17 00:00:00+00:00, run_after=2026-09-18 00:00:00+00:00
[2026-09-17T00:33:30.995+0000] {processor.py:183} INFO - Processing /opt/airflow/dags/wifi_pipeline_dag.py took 0.106 seconds
[2026-09-17T00:34:02.859+0000] {processor.py:161} INFO - Started process (PID=748) to work on /opt/airflow/dags/wifi_pipeline_dag.py
[2026-09-17T00:34:02.861+0000] {processor.py:830} INFO - Processing file /opt/airflow/dags/wifi_pipeline_dag.py for tasks to queue
[2026-09-17T00:34:02.862+0000] {logging_mixin.py:188} INFO - [2026-09-17T00:34:02.861+0000] {dagbag.py:538} INFO - Filling up the DagBag from /opt/airflow/dags/wifi_pipeline_dag.py
[2026-09-17T00:34:02.876+0000] {processor.py:840} INFO - DAG(s) 'wifi_livre_sp_pipeline' retrieved from /opt/airflow/dags/wifi_pipeline_dag.py
[2026-09-17T00:34:02.908+0000] {logging_mixin.py:188} INFO - [2026-09-17T00:34:02.907+0000] {dag.py:3036} INFO - Sync 1 DAGs
[2026-09-17T00:34:02.933+0000] {logging_mixin.py:188} INFO - [2026-09-17T00:34:02.933+0000] {dag.py:3823} INFO - Setting next_dagrun for wifi_livre_sp_pipeline to 2026-09-17 00:00:00+00:00, run_after=2026-09-18 00:00:00+00:00
[2026-09-17T00:34:02.952+0000] {processor.py:183} INFO - Processing /opt/airflow/dags/wifi_pipeline_dag.py took 0.098 seconds
[2026-09-17T00:34:54.765+0000] {processor.py:161} INFO - Started process (PID=174) to work on /opt/airflow/dags/wifi_pipeline_dag.py
[2026-09-17T00:34:54.767+0000] {processor.py:830} INFO - Processing file /opt/airflow/dags/wifi_pipeline_dag.py for tasks to queue
[2026-09-17T00:34:54.768+0000] {logging_mixin.py:188} INFO - [2026-09-17T00:34:54.768+0000] {dagbag.py:538} INFO - Filling up the DagBag from /opt/airflow/dags/wifi_pipeline_dag.py
[2026-09-17T00:34:54.791+0000] {processor.py:840} INFO - DAG(s) 'wifi_livre_sp_pipeline' retrieved from /opt/airflow/dags/wifi_pipeline_dag.py
[2026-09-17T00:34:54.822+0000] {logging_mixin.py:188} INFO - [2026-09-17T00:34:54.822+0000] {dag.py:3036} INFO - Sync 1 DAGs
[2026-09-17T00:34:54.843+0000] {logging_mixin.py:188} INFO - [2026-09-17T00:34:54.843+0000] {dag.py:3823} INFO - Setting next_dagrun for wifi_livre_sp_pipeline to 2026-09-17 00:00:00+00:00, run_after=2026-09-18 00:00:00+00:00
[2026-09-17T00:34:54.860+0000] {processor.py:183} INFO - Processing /opt/airflow/dags/wifi_pipeline_dag.py took 0.098 seconds
[2026-09-17T00:35:25.721+0000] {processor.py:161} INFO - Started process (PID=185) to work on /opt/airflow/dags/wifi_pipeline_dag.py
[2026-09-17T00:35:25.723+0000] {processor.py:830} INFO - Processing file /opt/airflow/dags/wifi_pipeline_dag.py for tasks to queue
[2026-09-17T00:35:25.724+0000] {logging_mixin.py:188} INFO - [2026-09-17T00:35:25.724+0000] {dagbag.py:538} INFO - Filling up the DagBag from /opt/airflow/dags/wifi_pipeline_dag.py
[2026-09-17T00:35:25.739+0000] {processor.py:840} INFO - DAG(s) 'wifi_livre_sp_pipeline' retrieved from /opt/airflow/dags/wifi_pipeline_dag.py
[2026-09-17T00:35:25.922+0000] {logging_mixin.py:188} INFO - [2026-09-17T00:35:25.922+0000] {dag.py:3036} INFO - Sync 1 DAGs
[2026-09-17T00:35:25.944+0000] {logging_mixin.py:188} INFO - [2026-09-17T00:35:25.944+0000] {dag.py:3823} INFO - Setting next_dagrun for wifi_livre_sp_pipeline to 2026-09-17 00:00:00+00:00, run_after=2026-09-18 00:00:00+00:00
[2026-09-17T00:35:25.965+0000] {processor.py:183} INFO - Processing /opt/airflow/dags/wifi_pipeline_dag.py took 0.247 seconds
[2026-09-17T00:35:56.819+0000] {processor.py:161} INFO - Started process (PID=195) to work on /opt/airflow/dags/wifi_pipeline_dag.py
[2026-09-17T00:35:56.820+0000] {processor.py:830} INFO - Processing file /opt/airflow/dags/wifi_pipeline_dag.py for tasks to queue
[2026-09-17T00:35:56.821+0000] {logging_mixin.py:188} INFO - [2026-09-17T00:35:56.821+0000] {dagbag.py:538} INFO - Filling up the DagBag from /opt/airflow/dags/wifi_pipeline_dag.py
[2026-09-17T00:35:56.833+0000] {processor.py:840} INFO - DAG(s) 'wifi_livre_sp_pipeline' retrieved from /opt/airflow/dags/wifi_pipeline_dag.py
[2026-09-17T00:35:56.864+0000] {logging_mixin.py:188} INFO - [2026-09-17T00:35:56.864+0000] {dag.py:3036} INFO - Sync 1 DAGs
[2026-09-17T00:35:56.887+0000] {logging_mixin.py:188} INFO - [2026-09-17T00:35:56.886+0000] {dag.py:3823} INFO - Setting next_dagrun for wifi_livre_sp_pipeline to 2026-09-17 00:00:00+00:00, run_after=2026-09-18 00:00:00+00:00
[2026-09-17T00:35:56.904+0000] {processor.py:183} INFO - Processing /opt/airflow/dags/wifi_pipeline_dag.py took 0.089 seconds
[2026-09-17T00:36:27.760+0000] {processor.py:161} INFO - Started process (PID=205) to work on /opt/airflow/dags/wifi_pipeline_dag.py
[2026-09-17T00:36:27.762+0000] {processor.py:830} INFO - Processing file /opt/airflow/dags/wifi_pipeline_dag.py for tasks to queue
[2026-09-17T00:36:27.763+0000] {logging_mixin.py:188} INFO - [2026-09-17T00:36:27.762+0000] {dagbag.py:538} INFO - Filling up the DagBag from /opt/airflow/dags/wifi_pipeline_dag.py
[2026-09-17T00:36:27.776+0000] {processor.py:840} INFO - DAG(s) 'wifi_livre_sp_pipeline' retrieved from /opt/airflow/dags/wifi_pipeline_dag.py
[2026-09-17T00:36:27.806+0000] {logging_mixin.py:188} INFO - [2026-09-17T00:36:27.806+0000] {dag.py:3036} INFO - Sync 1 DAGs
[2026-09-17T00:36:27.827+0000] {logging_mixin.py:188} INFO - [2026-09-17T00:36:27.827+0000] {dag.py:3823} INFO - Setting next_dagrun for wifi_livre_sp_pipeline to 2026-09-17 00:00:00+00:00, run_after=2026-09-18 00:00:00+00:00
[2026-09-17T00:36:27.847+0000] {processor.py:183} INFO - Processing /opt/airflow/dags/wifi_pipeline_dag.py took 0.091 seconds
[2026-09-17T00:36:58.701+0000] {processor.py:161} INFO - Started process (PID=215) to work on /opt/airflow/dags/wifi_pipeline_dag.py
[2026-09-17T00:36:58.703+0000] {processor.py:830} INFO - Processing file /opt/airflow/dags/wifi_pipeline_dag.py for tasks to queue
[2026-09-17T00:36:58.704+0000] {logging_mixin.py:188} INFO - [2026-09-17T00:36:58.704+0000] {dagbag.py:538} INFO - Filling up the DagBag from /opt/airflow/dags/wifi_pipeline_dag.py
[2026-09-17T00:36:58.718+0000] {processor.py:840} INFO - DAG(s) 'wifi_livre_sp_pipeline' retrieved from /opt/airflow/dags/wifi_pipeline_dag.py
[2026-09-17T00:36:58.747+0000] {logging_mixin.py:188} INFO - [2026-09-17T00:36:58.746+0000] {dag.py:3036} INFO - Sync 1 DAGs
[2026-09-17T00:36:58.770+0000] {logging_mixin.py:188} INFO - [2026-09-17T00:36:58.770+0000] {dag.py:3823} INFO - Setting next_dagrun for wifi_livre_sp_pipeline to 2026-09-17 00:00:00+00:00, run_after=2026-09-18 00:00:00+00:00
[2026-09-17T00:36:58.789+0000] {processor.py:183} INFO - Processing /opt/airflow/dags/wifi_pipeline_dag.py took 0.091 seconds
[2026-09-17T00:37:29.658+0000] {processor.py:161} INFO - Started process (PID=225) to work on /opt/airflow/dags/wifi_pipeline_dag.py
[2026-09-17T00:37:29.659+0000] {processor.py:830} INFO - Processing file /opt/airflow/dags/wifi_pipeline_dag.py for tasks to queue
[2026-09-17T00:37:29.660+0000] {logging_mixin.py:188} INFO - [2026-09-17T00:37:29.660+0000] {dagbag.py:538} INFO - Filling up the DagBag from /opt/airflow/dags/wifi_pipeline_dag.py
[2026-09-17T00:37:29.671+0000] {processor.py:840} INFO - DAG(s) 'wifi_livre_sp_pipeline' retrieved from /opt/airflow/dags/wifi_pipeline_dag.py
[2026-09-17T00:37:29.698+0000] {logging_mixin.py:188} INFO - [2026-09-17T00:37:29.698+0000] {dag.py:3036} INFO - Sync 1 DAGs
[2026-09-17T00:37:29.719+0000] {logging_mixin.py:188} INFO - [2026-09-17T00:37:29.719+0000] {dag.py:3823} INFO - Setting next_dagrun for wifi_livre_sp_pipeline to 2026-09-17 00:00:00+00:00, run_after=2026-09-18 00:00:00+00:00
[2026-09-17T00:37:29.736+0000] {processor.py:183} INFO - Processing /opt/airflow/dags/wifi_pipeline_dag.py took 0.082 seconds
[2026-09-17T00:38:00.689+0000] {processor.py:161} INFO - Started process (PID=235) to work on /opt/airflow/dags/wifi_pipeline_dag.py
[2026-09-17T00:38:00.690+0000] {processor.py:830} INFO - Processing file /opt/airflow/dags/wifi_pipeline_dag.py for tasks to queue
[2026-09-17T00:38:00.691+0000] {logging_mixin.py:188} INFO - [2026-09-17T00:38:00.691+0000] {dagbag.py:538} INFO - Filling up the DagBag from /opt/airflow/dags/wifi_pipeline_dag.py
[2026-09-17T00:38:00.703+0000] {processor.py:840} INFO - DAG(s) 'wifi_livre_sp_pipeline' retrieved from /opt/airflow/dags/wifi_pipeline_dag.py
[2026-09-17T00:38:00.729+0000] {logging_mixin.py:188} INFO - [2026-09-17T00:38:00.728+0000] {dag.py:3036} INFO - Sync 1 DAGs
[2026-09-17T00:38:00.748+0000] {logging_mixin.py:188} INFO - [2026-09-17T00:38:00.748+0000] {dag.py:3823} INFO - Setting next_dagrun for wifi_livre_sp_pipeline to 2026-09-17 00:00:00+00:00, run_after=2026-09-18 00:00:00+00:00
[2026-09-17T00:38:00.764+0000] {processor.py:183} INFO - Processing /opt/airflow/dags/wifi_pipeline_dag.py took 0.079 seconds
