[2026-09-17T00:14:31.630+0000] {taskinstance.py:1956} INFO - Dependencies all met for dep_context=non-requeueable deps ti=<TaskInstance: wifi_livre_sp_pipeline.extrair_ingerir_csv manual__2026-09-17T00:14:31.101453+00:00 [queued]>
[2026-09-17T00:14:31.640+0000] {taskinstance.py:1956} INFO - Dependencies all met for dep_context=requeueable deps ti=<TaskInstance: wifi_livre_sp_pipeline.extrair_ingerir_csv manual__2026-09-17T00:14:31.101453+00:00 [queued]>
[2026-09-17T00:14:31.641+0000] {taskinstance.py:2170} INFO - Starting attempt 1 of 1
[2026-09-17T00:14:31.654+0000] {taskinstance.py:2191} INFO - Executing <Task(BashOperator): extrair_ingerir_csv> on 2026-09-17 00:14:31.101453+00:00
[2026-09-17T00:14:31.662+0000] {standard_task_runner.py:60} INFO - Started process 199 to run task
[2026-09-17T00:14:31.665+0000] {standard_task_runner.py:87} INFO - Running: ['airflow', 'tasks', 'run', 'wifi_livre_sp_pipeline', 'extrair_ingerir_csv', 'manual__2026-09-17T00:14:31.101453+00:00', '--job-id', '3', '--raw', '--subdir', 'DAGS_FOLDER/wifi_pipeline_dag.py', '--cfg-path', '/tmp/tmpkc1m2h_0']
[2026-09-17T00:14:31.667+0000] {standard_task_runner.py:88} INFO - Job 3: Subtask extrair_ingerir_csv
[2026-09-17T00:14:31.684+0000] {logging_mixin.py:188} WARNING - /home/airflow/.local/lib/python3.8/site-packages/airflow/settings.py:194 DeprecationWarning: The sql_alchemy_conn option in [core] has been moved to the sql_alchemy_conn option in [database] - the old setting has been used, but please update your config.
[2026-09-17T00:14:31.730+0000] {task_command.py:423} INFO - Running <TaskInstance: wifi_livre_sp_pipeline.extrair_ingerir_csv manual__2026-09-17T00:14:31.101453+00:00 [running]> on host 7e33ad7c3739
[2026-09-17T00:14:31.817+0000] {taskinstance.py:2480} INFO - Exporting env vars: AIRFLOW_CTX_DAG_OWNER='infrasaber' AIRFLOW_CTX_DAG_ID='wifi_livre_sp_pipeline' AIRFLOW_CTX_TASK_ID='extrair_ingerir_csv' AIRFLOW_CTX_EXECUTION_DATE='2026-09-17T00:14:31.101453+00:00' AIRFLOW_CTX_TRY_NUMBER='1' AIRFLOW_CTX_DAG_RUN_ID='manual__2026-09-17T00:14:31.101453+00:00'
[2026-09-17T00:14:31.818+0000] {subprocess.py:63} INFO - Tmp dir root location: /tmp
[2026-09-17T00:14:31.819+0000] {subprocess.py:75} INFO - Running command: ['/usr/bin/bash', '-c', 'cd /opt/airflow/backend_app && python run_ingest_wifi.py /opt/airflow/data/brutos/pontos_internet_carapicuiba_400.csv']
[2026-09-17T00:14:31.832+0000] {subprocess.py:86} INFO - Output:
[2026-09-17T00:14:33.630+0000] {subprocess.py:93} INFO - Lendo o arquivo bruto em: /opt/airflow/data/brutos/pontos_internet_carapicuiba_400.csv
[2026-09-17T00:14:33.630+0000] {subprocess.py:93} INFO - Erro durante o processo de ingestão: (psycopg2.errors.UniqueViolation) duplicate key value violates unique constraint "pontos_wifi_prefeitura_pkey"
[2026-09-17T00:14:33.630+0000] {subprocess.py:93} INFO - DETAIL:  Key (id_ponto_externo)=(EXT-0001) already exists.
[2026-09-17T00:14:33.630+0000] {subprocess.py:93} INFO - 
[2026-09-17T00:14:33.630+0000] {subprocess.py:93} INFO - [SQL: INSERT INTO staging.pontos_wifi_prefeitura (id_ponto_externo, nome_local, tipo, endereco, bairro, subprefeitura, regiao, latitude, longitude, status, horario_funcionamento, descricao, link) VALUES (%(id_ponto_externo)s, %(nome_local)s, %(tipo)s, %(endereco)s, %(bairro)s, %(subprefeitura)s, %(regiao)s, %(latitude)s, %(longitude)s, %(status)s, %(horario_funcionamento)s, %(descricao)s, %(link)s)]
[2026-09-17T00:14:33.631+0000] {subprocess.py:93} INFO - [parameters: ({'id_ponto_externo': 'EXT-0001', 'nome_local': 'Unidade de Serviços - Jardim São Daniel', 'tipo': 'CABO', 'endereco': 'Rua Rio Grande do Sul, 693', 'bairro': 'Jardim São Daniel', 'subprefeitura': 'Carapicuíba', 'regiao': 'Carapicuíba', 'latitude': -23.473203, 'longitude': -46.909772, 'status': 'MANUTENCAO', 'horario_funcionamento': 'STR 09:00-21:00', 'descricao': 'Ponto de acesso por cabo. Conecte o equipamento à porta de rede identificada, aguarde a obtenção automática do endereço IP e abra o navegador para autenticação, se solicitada.', 'link': 'https://www.youtube.com/'}, {'id_ponto_externo': 'EXT-0002', 'nome_local': 'UBS Municipal - Jardim Ana Estela', 'tipo': 'WIFI', 'endereco': 'Rua Minas Gerais, 749', 'bairro': 'Jardim Ana Estela', 'subprefeitura': 'Carapicuíba', 'regiao': 'Carapicuíba', 'latitude': -23.551081, 'longitude': -46.792065, 'status': 'ATIVO', 'horario_funcionamento': 'INT 08:00-18:00', 'descricao': 'Acesso Wi-Fi público. SSID: Carapicuiba_Publica_002. Usuário: publico. Senha: Carap2562. Conecte-se à rede, abra o navegador e aceite os termos de uso para iniciar a sessão.', 'link': 'https://www.youtube.com/'}, {'id_ponto_externo': 'EXT-0003', 'nome_local': 'Centro de Convivência - Vila Municipal', 'tipo': 'WIFI', 'endereco': 'Rua das Acácias, 812', 'bairro': 'Vila Municipal', 'subprefeitura': 'Carapicuíba', 'regiao': 'Carapicuíba', 'latitude': -23.508932, 'longitude': -46.861494, 'status': 'ATIVO', 'horario_funcionamento': 'STR 08:00-17:00', 'descricao': 'Acesso Wi-Fi público. SSID: Carapicuiba_Publica_003. Usuário: publico. Senha: Carap9935. Conecte-se à rede, abra o navegador e aceite os termos de uso para iniciar a sessão.', 'link': 'https://www.google.com/'}, {'id_ponto_externo': 'EXT-0004', 'nome_local': 'Unidade Administrativa - Vila Municipal', 'tipo': 'WIFI', 'endereco': 'Avenida Brasil, 706', 'bairro': 'Vila Municipal', 'subprefeitura': 'Carapicuíba', 'regiao': 'Carapicuíba', 'latitude': -23.475388, 'longitude': -46.779638, 'status': 'INATIVO', 'horario_funcionamento': 'INT 08:00-18:00', 'descricao': 'Acesso Wi-Fi público. SSID: Carapicuiba_Publica_004. Usuário: publico. Senha: Carap9916. Conecte-se à rede, abra o navegador e aceite os termos de uso para iniciar a sessão.', 'link': 'https://www.carapicuiba.sp.gov.br/'}, {'id_ponto_externo': 'EXT-0005', 'nome_local': 'Casa da Cultura - Jardim Ana Estela', 'tipo': 'CABO', 'endereco': 'Avenida Inocêncio Seráfico, 276', 'bairro': 'Jardim Ana Estela', 'subprefeitura': 'Carapicuíba', 'regiao': 'Carapicuíba', 'latitude': -23.462411, 'longitude': -46.802522, 'status': 'MANUTENCAO', 'horario_funcionamento': 'INT 24h', 'descricao': 'Ponto de acesso por cabo. Conecte o equipamento à porta de rede identificada, aguarde a obtenção automática do endereço IP e abra o navegador para autenticação, se solicitada.', 'link': None}, {'id_ponto_externo': 'EXT-0006', 'nome_local': 'Espaço Jovem - Jardim Santo Estevão', 'tipo': 'CABO', 'endereco': 'Rua São Paulo, 729', 'bairro': 'Jardim Santo Estevão', 'subprefeitura': 'Carapicuíba', 'regiao': 'Carapicuíba', 'latitude': -23.543413, 'longitude': -46.768401, 'status': 'INATIVO', 'horario_funcionamento': 'STR 09:00-21:00', 'descricao': 'Ponto de acesso por cabo. Conecte o equipamento à porta de rede identificada, aguarde a obtenção automática do endereço IP e abra o navegador para autenticação, se solicitada.', 'link': 'https://www.youtube.com/'}, {'id_ponto_externo': 'EXT-0007', 'nome_local': 'Centro Cultural - Vila Cristina', 'tipo': 'CABO', 'endereco': 'Rua das Flores, 45', 'bairro': 'Vila Cristina', 'subprefeitura': 'Carapicuíba', 'regiao': 'Carapicuíba', 'latitude': -23.547049, 'longitude': -46.84777, 'status': 'ATIVO', 'horario_funcionamento': 'INT 07:00-23:00', 'descricao': 'Ponto de acesso por cabo. Conecte o equipamento à porta de rede identificada, aguarde a obtenção automática do endereço IP e abra o navegador para autenticação, se solicitada.', 'link': None}, {'id_ponto_externo': 'EXT-0008', 'nome_local': 'Feira Municipal - Parque Gabriel', 'tipo': 'CABO', 'endereco': 'Rua do Bosque, 281', 'bairro': 'Parque Gabriel', 'subprefeitura': 'Carapicuíba', 'regiao': 'Carapicuíba', 'latitude': -23.564989, 'longitude': -46.840208, 'status': 'ATIVO', 'horario_funcionamento': 'STR 09:00-21:00', 'descricao': 'Ponto de acesso por cabo. Conecte o equipamento à porta de rede identificada, aguarde a obtenção automática do endereço IP e abra o navegador para autenticação, se solicitada.', 'link': 'https://www.youtube.com/'}  ... displaying 10 of 400 total bound parameter sets ...  {'id_ponto_externo': 'EXT-0399', 'nome_local': 'Ginásio Municipal - Jardim Santo Estevão', 'tipo': 'CABO', 'endereco': 'Avenida Inocêncio Seráfico, 913', 'bairro': 'Jardim Santo Estevão', 'subprefeitura': 'Carapicuíba', 'regiao': 'Carapicuíba', 'latitude': -23.579938, 'longitude': -46.830289, 'status': 'ATIVO', 'horario_funcionamento': 'INT 06:00-22:00', 'descricao': 'Ponto de acesso por cabo. Conecte o equipamento à porta de rede identificada, aguarde a obtenção automática do endereço IP e abra o navegador para autenticação, se solicitada.', 'link': 'https://www.carapicuiba.sp.gov.br/'}, {'id_ponto_externo': 'EXT-0400', 'nome_local': 'Ginásio Municipal - Parque Jandaia', 'tipo': 'WIFI', 'endereco': 'Rua Rio Grande do Sul, 575', 'bairro': 'Parque Jandaia', 'subprefeitura': 'Carapicuíba', 'regiao': 'Carapicuíba', 'latitude': -23.515037, 'longitude': -46.857208, 'status': 'INATIVO', 'horario_funcionamento': 'STR 09:00-21:00', 'descricao': 'Acesso Wi-Fi público. SSID: Carapicuiba_Publica_400. Usuário: publico. Senha: Carap2127. Conecte-se à rede, abra o navegador e aceite os termos de uso para iniciar a sessão.', 'link': 'https://www.carapicuiba.sp.gov.br/'})]
[2026-09-17T00:14:33.631+0000] {subprocess.py:93} INFO - (Background on this error at: https://sqlalche.me/e/14/gkpj)
[2026-09-17T00:14:33.635+0000] {subprocess.py:93} INFO - Traceback (most recent call last):
[2026-09-17T00:14:33.635+0000] {subprocess.py:93} INFO -   File "/home/airflow/.local/lib/python3.8/site-packages/sqlalchemy/engine/base.py", line 1890, in _execute_context
[2026-09-17T00:14:33.635+0000] {subprocess.py:93} INFO -     self.dialect.do_executemany(
[2026-09-17T00:14:33.636+0000] {subprocess.py:93} INFO -   File "/home/airflow/.local/lib/python3.8/site-packages/sqlalchemy/dialects/postgresql/psycopg2.py", line 982, in do_executemany
[2026-09-17T00:14:33.636+0000] {subprocess.py:93} INFO -     context._psycopg2_fetched_rows = xtras.execute_values(
[2026-09-17T00:14:33.636+0000] {subprocess.py:93} INFO -   File "/home/airflow/.local/lib/python3.8/site-packages/psycopg2/extras.py", line 1299, in execute_values
[2026-09-17T00:14:33.636+0000] {subprocess.py:93} INFO -     cur.execute(b''.join(parts))
[2026-09-17T00:14:33.636+0000] {subprocess.py:93} INFO - psycopg2.errors.UniqueViolation: duplicate key value violates unique constraint "pontos_wifi_prefeitura_pkey"
[2026-09-17T00:14:33.636+0000] {subprocess.py:93} INFO - DETAIL:  Key (id_ponto_externo)=(EXT-0001) already exists.
[2026-09-17T00:14:33.637+0000] {subprocess.py:93} INFO - 
[2026-09-17T00:14:33.637+0000] {subprocess.py:93} INFO - 
[2026-09-17T00:14:33.637+0000] {subprocess.py:93} INFO - The above exception was the direct cause of the following exception:
[2026-09-17T00:14:33.637+0000] {subprocess.py:93} INFO - 
[2026-09-17T00:14:33.637+0000] {subprocess.py:93} INFO - Traceback (most recent call last):
[2026-09-17T00:14:33.637+0000] {subprocess.py:93} INFO -   File "run_ingest_wifi.py", line 9, in <module>
[2026-09-17T00:14:33.637+0000] {subprocess.py:93} INFO -     total = WifiPrefeituraService(db).ingest_csv_staging(caminho_csv=caminho)
[2026-09-17T00:14:33.638+0000] {subprocess.py:93} INFO -   File "/opt/airflow/backend_app/services/wifi_prefeitura_service.py", line 35, in ingest_csv_staging
[2026-09-17T00:14:33.638+0000] {subprocess.py:93} INFO -     self.db.commit()
[2026-09-17T00:14:33.638+0000] {subprocess.py:93} INFO -   File "/home/airflow/.local/lib/python3.8/site-packages/sqlalchemy/orm/session.py", line 1454, in commit
[2026-09-17T00:14:33.638+0000] {subprocess.py:93} INFO -     self._transaction.commit(_to_root=self.future)
[2026-09-17T00:14:33.638+0000] {subprocess.py:93} INFO -   File "/home/airflow/.local/lib/python3.8/site-packages/sqlalchemy/orm/session.py", line 832, in commit
[2026-09-17T00:14:33.638+0000] {subprocess.py:93} INFO -     self._prepare_impl()
[2026-09-17T00:14:33.639+0000] {subprocess.py:93} INFO -   File "/home/airflow/.local/lib/python3.8/site-packages/sqlalchemy/orm/session.py", line 811, in _prepare_impl
[2026-09-17T00:14:33.639+0000] {subprocess.py:93} INFO -     self.session.flush()
[2026-09-17T00:14:33.639+0000] {subprocess.py:93} INFO -   File "/home/airflow/.local/lib/python3.8/site-packages/sqlalchemy/orm/session.py", line 3449, in flush
[2026-09-17T00:14:33.639+0000] {subprocess.py:93} INFO -     self._flush(objects)
[2026-09-17T00:14:33.639+0000] {subprocess.py:93} INFO -   File "/home/airflow/.local/lib/python3.8/site-packages/sqlalchemy/orm/session.py", line 3589, in _flush
[2026-09-17T00:14:33.639+0000] {subprocess.py:93} INFO -     transaction.rollback(_capture_exception=True)
[2026-09-17T00:14:33.639+0000] {subprocess.py:93} INFO -   File "/home/airflow/.local/lib/python3.8/site-packages/sqlalchemy/util/langhelpers.py", line 70, in __exit__
[2026-09-17T00:14:33.640+0000] {subprocess.py:93} INFO -     compat.raise_(
[2026-09-17T00:14:33.640+0000] {subprocess.py:93} INFO -   File "/home/airflow/.local/lib/python3.8/site-packages/sqlalchemy/util/compat.py", line 211, in raise_
[2026-09-17T00:14:33.640+0000] {subprocess.py:93} INFO -     raise exception
[2026-09-17T00:14:33.640+0000] {subprocess.py:93} INFO -   File "/home/airflow/.local/lib/python3.8/site-packages/sqlalchemy/orm/session.py", line 3549, in _flush
[2026-09-17T00:14:33.640+0000] {subprocess.py:93} INFO -     flush_context.execute()
[2026-09-17T00:14:33.640+0000] {subprocess.py:93} INFO -   File "/home/airflow/.local/lib/python3.8/site-packages/sqlalchemy/orm/unitofwork.py", line 456, in execute
[2026-09-17T00:14:33.640+0000] {subprocess.py:93} INFO -     rec.execute(self)
[2026-09-17T00:14:33.640+0000] {subprocess.py:93} INFO -   File "/home/airflow/.local/lib/python3.8/site-packages/sqlalchemy/orm/unitofwork.py", line 630, in execute
[2026-09-17T00:14:33.641+0000] {subprocess.py:93} INFO -     util.preloaded.orm_persistence.save_obj(
[2026-09-17T00:14:33.641+0000] {subprocess.py:93} INFO -   File "/home/airflow/.local/lib/python3.8/site-packages/sqlalchemy/orm/persistence.py", line 245, in save_obj
[2026-09-17T00:14:33.641+0000] {subprocess.py:93} INFO -     _emit_insert_statements(
[2026-09-17T00:14:33.641+0000] {subprocess.py:93} INFO -   File "/home/airflow/.local/lib/python3.8/site-packages/sqlalchemy/orm/persistence.py", line 1097, in _emit_insert_statements
[2026-09-17T00:14:33.641+0000] {subprocess.py:93} INFO -     c = connection._execute_20(
[2026-09-17T00:14:33.641+0000] {subprocess.py:93} INFO -   File "/home/airflow/.local/lib/python3.8/site-packages/sqlalchemy/engine/base.py", line 1710, in _execute_20
[2026-09-17T00:14:33.641+0000] {subprocess.py:93} INFO -     return meth(self, args_10style, kwargs_10style, execution_options)
[2026-09-17T00:14:33.642+0000] {subprocess.py:93} INFO -   File "/home/airflow/.local/lib/python3.8/site-packages/sqlalchemy/sql/elements.py", line 334, in _execute_on_connection
[2026-09-17T00:14:33.642+0000] {subprocess.py:93} INFO -     return connection._execute_clauseelement(
[2026-09-17T00:14:33.642+0000] {subprocess.py:93} INFO -   File "/home/airflow/.local/lib/python3.8/site-packages/sqlalchemy/engine/base.py", line 1577, in _execute_clauseelement
[2026-09-17T00:14:33.642+0000] {subprocess.py:93} INFO -     ret = self._execute_context(
[2026-09-17T00:14:33.642+0000] {subprocess.py:93} INFO -   File "/home/airflow/.local/lib/python3.8/site-packages/sqlalchemy/engine/base.py", line 1953, in _execute_context
[2026-09-17T00:14:33.642+0000] {subprocess.py:93} INFO -     self._handle_dbapi_exception(
[2026-09-17T00:14:33.642+0000] {subprocess.py:93} INFO -   File "/home/airflow/.local/lib/python3.8/site-packages/sqlalchemy/engine/base.py", line 2134, in _handle_dbapi_exception
[2026-09-17T00:14:33.643+0000] {subprocess.py:93} INFO -     util.raise_(
[2026-09-17T00:14:33.643+0000] {subprocess.py:93} INFO -   File "/home/airflow/.local/lib/python3.8/site-packages/sqlalchemy/util/compat.py", line 211, in raise_
[2026-09-17T00:14:33.643+0000] {subprocess.py:93} INFO -     raise exception
[2026-09-17T00:14:33.643+0000] {subprocess.py:93} INFO -   File "/home/airflow/.local/lib/python3.8/site-packages/sqlalchemy/engine/base.py", line 1890, in _execute_context
[2026-09-17T00:14:33.643+0000] {subprocess.py:93} INFO -     self.dialect.do_executemany(
[2026-09-17T00:14:33.643+0000] {subprocess.py:93} INFO -   File "/home/airflow/.local/lib/python3.8/site-packages/sqlalchemy/dialects/postgresql/psycopg2.py", line 982, in do_executemany
[2026-09-17T00:14:33.644+0000] {subprocess.py:93} INFO -     context._psycopg2_fetched_rows = xtras.execute_values(
[2026-09-17T00:14:33.644+0000] {subprocess.py:93} INFO -   File "/home/airflow/.local/lib/python3.8/site-packages/psycopg2/extras.py", line 1299, in execute_values
[2026-09-17T00:14:33.644+0000] {subprocess.py:93} INFO -     cur.execute(b''.join(parts))
[2026-09-17T00:14:33.644+0000] {subprocess.py:93} INFO - sqlalchemy.exc.IntegrityError: (psycopg2.errors.UniqueViolation) duplicate key value violates unique constraint "pontos_wifi_prefeitura_pkey"
[2026-09-17T00:14:33.644+0000] {subprocess.py:93} INFO - DETAIL:  Key (id_ponto_externo)=(EXT-0001) already exists.
[2026-09-17T00:14:33.644+0000] {subprocess.py:93} INFO - 
[2026-09-17T00:14:33.644+0000] {subprocess.py:93} INFO - [SQL: INSERT INTO staging.pontos_wifi_prefeitura (id_ponto_externo, nome_local, tipo, endereco, bairro, subprefeitura, regiao, latitude, longitude, status, horario_funcionamento, descricao, link) VALUES (%(id_ponto_externo)s, %(nome_local)s, %(tipo)s, %(endereco)s, %(bairro)s, %(subprefeitura)s, %(regiao)s, %(latitude)s, %(longitude)s, %(status)s, %(horario_funcionamento)s, %(descricao)s, %(link)s)]
[2026-09-17T00:14:33.645+0000] {subprocess.py:93} INFO - [parameters: ({'id_ponto_externo': 'EXT-0001', 'nome_local': 'Unidade de Serviços - Jardim São Daniel', 'tipo': 'CABO', 'endereco': 'Rua Rio Grande do Sul, 693', 'bairro': 'Jardim São Daniel', 'subprefeitura': 'Carapicuíba', 'regiao': 'Carapicuíba', 'latitude': -23.473203, 'longitude': -46.909772, 'status': 'MANUTENCAO', 'horario_funcionamento': 'STR 09:00-21:00', 'descricao': 'Ponto de acesso por cabo. Conecte o equipamento à porta de rede identificada, aguarde a obtenção automática do endereço IP e abra o navegador para autenticação, se solicitada.', 'link': 'https://www.youtube.com/'}, {'id_ponto_externo': 'EXT-0002', 'nome_local': 'UBS Municipal - Jardim Ana Estela', 'tipo': 'WIFI', 'endereco': 'Rua Minas Gerais, 749', 'bairro': 'Jardim Ana Estela', 'subprefeitura': 'Carapicuíba', 'regiao': 'Carapicuíba', 'latitude': -23.551081, 'longitude': -46.792065, 'status': 'ATIVO', 'horario_funcionamento': 'INT 08:00-18:00', 'descricao': 'Acesso Wi-Fi público. SSID: Carapicuiba_Publica_002. Usuário: publico. Senha: Carap2562. Conecte-se à rede, abra o navegador e aceite os termos de uso para iniciar a sessão.', 'link': 'https://www.youtube.com/'}, {'id_ponto_externo': 'EXT-0003', 'nome_local': 'Centro de Convivência - Vila Municipal', 'tipo': 'WIFI', 'endereco': 'Rua das Acácias, 812', 'bairro': 'Vila Municipal', 'subprefeitura': 'Carapicuíba', 'regiao': 'Carapicuíba', 'latitude': -23.508932, 'longitude': -46.861494, 'status': 'ATIVO', 'horario_funcionamento': 'STR 08:00-17:00', 'descricao': 'Acesso Wi-Fi público. SSID: Carapicuiba_Publica_003. Usuário: publico. Senha: Carap9935. Conecte-se à rede, abra o navegador e aceite os termos de uso para iniciar a sessão.', 'link': 'https://www.google.com/'}, {'id_ponto_externo': 'EXT-0004', 'nome_local': 'Unidade Administrativa - Vila Municipal', 'tipo': 'WIFI', 'endereco': 'Avenida Brasil, 706', 'bairro': 'Vila Municipal', 'subprefeitura': 'Carapicuíba', 'regiao': 'Carapicuíba', 'latitude': -23.475388, 'longitude': -46.779638, 'status': 'INATIVO', 'horario_funcionamento': 'INT 08:00-18:00', 'descricao': 'Acesso Wi-Fi público. SSID: Carapicuiba_Publica_004. Usuário: publico. Senha: Carap9916. Conecte-se à rede, abra o navegador e aceite os termos de uso para iniciar a sessão.', 'link': 'https://www.carapicuiba.sp.gov.br/'}, {'id_ponto_externo': 'EXT-0005', 'nome_local': 'Casa da Cultura - Jardim Ana Estela', 'tipo': 'CABO', 'endereco': 'Avenida Inocêncio Seráfico, 276', 'bairro': 'Jardim Ana Estela', 'subprefeitura': 'Carapicuíba', 'regiao': 'Carapicuíba', 'latitude': -23.462411, 'longitude': -46.802522, 'status': 'MANUTENCAO', 'horario_funcionamento': 'INT 24h', 'descricao': 'Ponto de acesso por cabo. Conecte o equipamento à porta de rede identificada, aguarde a obtenção automática do endereço IP e abra o navegador para autenticação, se solicitada.', 'link': None}, {'id_ponto_externo': 'EXT-0006', 'nome_local': 'Espaço Jovem - Jardim Santo Estevão', 'tipo': 'CABO', 'endereco': 'Rua São Paulo, 729', 'bairro': 'Jardim Santo Estevão', 'subprefeitura': 'Carapicuíba', 'regiao': 'Carapicuíba', 'latitude': -23.543413, 'longitude': -46.768401, 'status': 'INATIVO', 'horario_funcionamento': 'STR 09:00-21:00', 'descricao': 'Ponto de acesso por cabo. Conecte o equipamento à porta de rede identificada, aguarde a obtenção automática do endereço IP e abra o navegador para autenticação, se solicitada.', 'link': 'https://www.youtube.com/'}, {'id_ponto_externo': 'EXT-0007', 'nome_local': 'Centro Cultural - Vila Cristina', 'tipo': 'CABO', 'endereco': 'Rua das Flores, 45', 'bairro': 'Vila Cristina', 'subprefeitura': 'Carapicuíba', 'regiao': 'Carapicuíba', 'latitude': -23.547049, 'longitude': -46.84777, 'status': 'ATIVO', 'horario_funcionamento': 'INT 07:00-23:00', 'descricao': 'Ponto de acesso por cabo. Conecte o equipamento à porta de rede identificada, aguarde a obtenção automática do endereço IP e abra o navegador para autenticação, se solicitada.', 'link': None}, {'id_ponto_externo': 'EXT-0008', 'nome_local': 'Feira Municipal - Parque Gabriel', 'tipo': 'CABO', 'endereco': 'Rua do Bosque, 281', 'bairro': 'Parque Gabriel', 'subprefeitura': 'Carapicuíba', 'regiao': 'Carapicuíba', 'latitude': -23.564989, 'longitude': -46.840208, 'status': 'ATIVO', 'horario_funcionamento': 'STR 09:00-21:00', 'descricao': 'Ponto de acesso por cabo. Conecte o equipamento à porta de rede identificada, aguarde a obtenção automática do endereço IP e abra o navegador para autenticação, se solicitada.', 'link': 'https://www.youtube.com/'}  ... displaying 10 of 400 total bound parameter sets ...  {'id_ponto_externo': 'EXT-0399', 'nome_local': 'Ginásio Municipal - Jardim Santo Estevão', 'tipo': 'CABO', 'endereco': 'Avenida Inocêncio Seráfico, 913', 'bairro': 'Jardim Santo Estevão', 'subprefeitura': 'Carapicuíba', 'regiao': 'Carapicuíba', 'latitude': -23.579938, 'longitude': -46.830289, 'status': 'ATIVO', 'horario_funcionamento': 'INT 06:00-22:00', 'descricao': 'Ponto de acesso por cabo. Conecte o equipamento à porta de rede identificada, aguarde a obtenção automática do endereço IP e abra o navegador para autenticação, se solicitada.', 'link': 'https://www.carapicuiba.sp.gov.br/'}, {'id_ponto_externo': 'EXT-0400', 'nome_local': 'Ginásio Municipal - Parque Jandaia', 'tipo': 'WIFI', 'endereco': 'Rua Rio Grande do Sul, 575', 'bairro': 'Parque Jandaia', 'subprefeitura': 'Carapicuíba', 'regiao': 'Carapicuíba', 'latitude': -23.515037, 'longitude': -46.857208, 'status': 'INATIVO', 'horario_funcionamento': 'STR 09:00-21:00', 'descricao': 'Acesso Wi-Fi público. SSID: Carapicuiba_Publica_400. Usuário: publico. Senha: Carap2127. Conecte-se à rede, abra o navegador e aceite os termos de uso para iniciar a sessão.', 'link': 'https://www.carapicuiba.sp.gov.br/'})]
[2026-09-17T00:14:33.645+0000] {subprocess.py:93} INFO - (Background on this error at: https://sqlalche.me/e/14/gkpj)
[2026-09-17T00:14:33.847+0000] {subprocess.py:97} INFO - Command exited with return code 1
[2026-09-17T00:14:33.864+0000] {taskinstance.py:2698} ERROR - Task failed with exception
Traceback (most recent call last):
  File "/home/airflow/.local/lib/python3.8/site-packages/airflow/models/taskinstance.py", line 433, in _execute_task
    result = execute_callable(context=context, **execute_callable_kwargs)
  File "/home/airflow/.local/lib/python3.8/site-packages/airflow/operators/bash.py", line 212, in execute
    raise AirflowException(
airflow.exceptions.AirflowException: Bash command failed. The command returned a non-zero exit code 1.
[2026-09-17T00:14:33.868+0000] {taskinstance.py:1138} INFO - Marking task as FAILED. dag_id=wifi_livre_sp_pipeline, task_id=extrair_ingerir_csv, execution_date=20260917T001431, start_date=20260917T001431, end_date=20260917T001433
[2026-09-17T00:14:33.884+0000] {standard_task_runner.py:107} ERROR - Failed to execute job 3 for task extrair_ingerir_csv (Bash command failed. The command returned a non-zero exit code 1.; 199)
[2026-09-17T00:14:33.923+0000] {local_task_job_runner.py:234} INFO - Task exited with return code 1
[2026-09-17T00:14:33.957+0000] {taskinstance.py:3280} INFO - 0 downstream tasks scheduled from follow-on schedule check
