[2026-09-22T20:38:44.895+0000] {processor.py:161} INFO - Started process (PID=174) to work on /opt/airflow/dags/wifi_pipeline_dag.py
[2026-09-22T20:38:44.897+0000] {processor.py:830} INFO - Processing file /opt/airflow/dags/wifi_pipeline_dag.py for tasks to queue
[2026-09-22T20:38:44.899+0000] {logging_mixin.py:188} INFO - [2026-09-22T20:38:44.899+0000] {dagbag.py:538} INFO - Filling up the DagBag from /opt/airflow/dags/wifi_pipeline_dag.py
[2026-09-22T20:38:44.949+0000] {processor.py:840} INFO - DAG(s) 'wifi_livre_sp_pipeline' retrieved from /opt/airflow/dags/wifi_pipeline_dag.py
[2026-09-22T20:38:45.261+0000] {logging_mixin.py:188} INFO - [2026-09-22T20:38:45.260+0000] {override.py:1769} INFO - Created Permission View: can read on DAG:wifi_livre_sp_pipeline
[2026-09-22T20:38:45.274+0000] {logging_mixin.py:188} INFO - [2026-09-22T20:38:45.274+0000] {override.py:1769} INFO - Created Permission View: can edit on DAG:wifi_livre_sp_pipeline
[2026-09-22T20:38:45.281+0000] {logging_mixin.py:188} INFO - [2026-09-22T20:38:45.281+0000] {override.py:1769} INFO - Created Permission View: can delete on DAG:wifi_livre_sp_pipeline
[2026-09-22T20:38:45.281+0000] {logging_mixin.py:188} INFO - [2026-09-22T20:38:45.281+0000] {dag.py:3036} INFO - Sync 1 DAGs
[2026-09-22T20:38:45.292+0000] {logging_mixin.py:188} INFO - [2026-09-22T20:38:45.292+0000] {dag.py:3058} INFO - Creating ORM DAG for wifi_livre_sp_pipeline
[2026-09-22T20:38:45.306+0000] {logging_mixin.py:188} INFO - [2026-09-22T20:38:45.306+0000] {dag.py:3823} INFO - Setting next_dagrun for wifi_livre_sp_pipeline to 2026-09-21 00:00:00+00:00, run_after=2026-09-22 00:00:00+00:00
[2026-09-22T20:38:45.333+0000] {processor.py:183} INFO - Processing /opt/airflow/dags/wifi_pipeline_dag.py took 0.444 seconds
[2026-09-22T20:39:15.564+0000] {processor.py:161} INFO - Started process (PID=558) to work on /opt/airflow/dags/wifi_pipeline_dag.py
[2026-09-22T20:39:15.566+0000] {processor.py:830} INFO - Processing file /opt/airflow/dags/wifi_pipeline_dag.py for tasks to queue
[2026-09-22T20:39:15.567+0000] {logging_mixin.py:188} INFO - [2026-09-22T20:39:15.567+0000] {dagbag.py:538} INFO - Filling up the DagBag from /opt/airflow/dags/wifi_pipeline_dag.py
[2026-09-22T20:39:15.590+0000] {processor.py:840} INFO - DAG(s) 'wifi_livre_sp_pipeline' retrieved from /opt/airflow/dags/wifi_pipeline_dag.py
[2026-09-22T20:39:15.633+0000] {logging_mixin.py:188} INFO - [2026-09-22T20:39:15.633+0000] {dag.py:3036} INFO - Sync 1 DAGs
[2026-09-22T20:39:15.666+0000] {logging_mixin.py:188} INFO - [2026-09-22T20:39:15.666+0000] {dag.py:3823} INFO - Setting next_dagrun for wifi_livre_sp_pipeline to 2026-09-22 00:00:00+00:00, run_after=2026-09-23 00:00:00+00:00
[2026-09-22T20:39:15.691+0000] {processor.py:183} INFO - Processing /opt/airflow/dags/wifi_pipeline_dag.py took 0.135 seconds
[2026-09-22T20:39:45.792+0000] {processor.py:161} INFO - Started process (PID=747) to work on /opt/airflow/dags/wifi_pipeline_dag.py
[2026-09-22T20:39:45.794+0000] {processor.py:830} INFO - Processing file /opt/airflow/dags/wifi_pipeline_dag.py for tasks to queue
[2026-09-22T20:39:45.795+0000] {logging_mixin.py:188} INFO - [2026-09-22T20:39:45.794+0000] {dagbag.py:538} INFO - Filling up the DagBag from /opt/airflow/dags/wifi_pipeline_dag.py
[2026-09-22T20:39:45.808+0000] {processor.py:840} INFO - DAG(s) 'wifi_livre_sp_pipeline' retrieved from /opt/airflow/dags/wifi_pipeline_dag.py
[2026-09-22T20:39:45.840+0000] {logging_mixin.py:188} INFO - [2026-09-22T20:39:45.840+0000] {dag.py:3036} INFO - Sync 1 DAGs
[2026-09-22T20:39:45.871+0000] {logging_mixin.py:188} INFO - [2026-09-22T20:39:45.870+0000] {dag.py:3823} INFO - Setting next_dagrun for wifi_livre_sp_pipeline to 2026-09-22 00:00:00+00:00, run_after=2026-09-23 00:00:00+00:00
[2026-09-22T20:39:45.894+0000] {processor.py:183} INFO - Processing /opt/airflow/dags/wifi_pipeline_dag.py took 0.106 seconds
[2026-09-22T20:40:15.988+0000] {processor.py:161} INFO - Started process (PID=752) to work on /opt/airflow/dags/wifi_pipeline_dag.py
[2026-09-22T20:40:15.989+0000] {processor.py:830} INFO - Processing file /opt/airflow/dags/wifi_pipeline_dag.py for tasks to queue
[2026-09-22T20:40:15.990+0000] {logging_mixin.py:188} INFO - [2026-09-22T20:40:15.990+0000] {dagbag.py:538} INFO - Filling up the DagBag from /opt/airflow/dags/wifi_pipeline_dag.py
[2026-09-22T20:40:16.010+0000] {processor.py:840} INFO - DAG(s) 'wifi_livre_sp_pipeline' retrieved from /opt/airflow/dags/wifi_pipeline_dag.py
[2026-09-22T20:40:16.045+0000] {logging_mixin.py:188} INFO - [2026-09-22T20:40:16.045+0000] {dag.py:3036} INFO - Sync 1 DAGs
[2026-09-22T20:40:16.069+0000] {logging_mixin.py:188} INFO - [2026-09-22T20:40:16.069+0000] {dag.py:3823} INFO - Setting next_dagrun for wifi_livre_sp_pipeline to 2026-09-22 00:00:00+00:00, run_after=2026-09-23 00:00:00+00:00
[2026-09-22T20:40:16.086+0000] {processor.py:183} INFO - Processing /opt/airflow/dags/wifi_pipeline_dag.py took 0.103 seconds
[2026-09-22T20:40:46.394+0000] {processor.py:161} INFO - Started process (PID=757) to work on /opt/airflow/dags/wifi_pipeline_dag.py
[2026-09-22T20:40:46.396+0000] {processor.py:830} INFO - Processing file /opt/airflow/dags/wifi_pipeline_dag.py for tasks to queue
[2026-09-22T20:40:46.397+0000] {logging_mixin.py:188} INFO - [2026-09-22T20:40:46.397+0000] {dagbag.py:538} INFO - Filling up the DagBag from /opt/airflow/dags/wifi_pipeline_dag.py
[2026-09-22T20:40:46.412+0000] {processor.py:840} INFO - DAG(s) 'wifi_livre_sp_pipeline' retrieved from /opt/airflow/dags/wifi_pipeline_dag.py
[2026-09-22T20:40:46.445+0000] {logging_mixin.py:188} INFO - [2026-09-22T20:40:46.444+0000] {dag.py:3036} INFO - Sync 1 DAGs
[2026-09-22T20:40:46.469+0000] {logging_mixin.py:188} INFO - [2026-09-22T20:40:46.469+0000] {dag.py:3823} INFO - Setting next_dagrun for wifi_livre_sp_pipeline to 2026-09-22 00:00:00+00:00, run_after=2026-09-23 00:00:00+00:00
[2026-09-22T20:40:46.490+0000] {processor.py:183} INFO - Processing /opt/airflow/dags/wifi_pipeline_dag.py took 0.098 seconds
[2026-09-22T20:41:16.771+0000] {processor.py:161} INFO - Started process (PID=762) to work on /opt/airflow/dags/wifi_pipeline_dag.py
[2026-09-22T20:41:16.773+0000] {processor.py:830} INFO - Processing file /opt/airflow/dags/wifi_pipeline_dag.py for tasks to queue
[2026-09-22T20:41:16.774+0000] {logging_mixin.py:188} INFO - [2026-09-22T20:41:16.773+0000] {dagbag.py:538} INFO - Filling up the DagBag from /opt/airflow/dags/wifi_pipeline_dag.py
[2026-09-22T20:41:16.790+0000] {processor.py:840} INFO - DAG(s) 'wifi_livre_sp_pipeline' retrieved from /opt/airflow/dags/wifi_pipeline_dag.py
[2026-09-22T20:41:16.822+0000] {logging_mixin.py:188} INFO - [2026-09-22T20:41:16.822+0000] {dag.py:3036} INFO - Sync 1 DAGs
[2026-09-22T20:41:16.845+0000] {logging_mixin.py:188} INFO - [2026-09-22T20:41:16.845+0000] {dag.py:3823} INFO - Setting next_dagrun for wifi_livre_sp_pipeline to 2026-09-22 00:00:00+00:00, run_after=2026-09-23 00:00:00+00:00
[2026-09-22T20:41:16.862+0000] {processor.py:183} INFO - Processing /opt/airflow/dags/wifi_pipeline_dag.py took 0.095 seconds
[2026-09-22T20:41:47.116+0000] {processor.py:161} INFO - Started process (PID=767) to work on /opt/airflow/dags/wifi_pipeline_dag.py
[2026-09-22T20:41:47.117+0000] {processor.py:830} INFO - Processing file /opt/airflow/dags/wifi_pipeline_dag.py for tasks to queue
[2026-09-22T20:41:47.118+0000] {logging_mixin.py:188} INFO - [2026-09-22T20:41:47.118+0000] {dagbag.py:538} INFO - Filling up the DagBag from /opt/airflow/dags/wifi_pipeline_dag.py
[2026-09-22T20:41:47.130+0000] {processor.py:840} INFO - DAG(s) 'wifi_livre_sp_pipeline' retrieved from /opt/airflow/dags/wifi_pipeline_dag.py
[2026-09-22T20:41:47.160+0000] {logging_mixin.py:188} INFO - [2026-09-22T20:41:47.160+0000] {dag.py:3036} INFO - Sync 1 DAGs
[2026-09-22T20:41:47.182+0000] {logging_mixin.py:188} INFO - [2026-09-22T20:41:47.181+0000] {dag.py:3823} INFO - Setting next_dagrun for wifi_livre_sp_pipeline to 2026-09-22 00:00:00+00:00, run_after=2026-09-23 00:00:00+00:00
[2026-09-22T20:41:47.198+0000] {processor.py:183} INFO - Processing /opt/airflow/dags/wifi_pipeline_dag.py took 0.086 seconds
[2026-09-22T20:42:17.377+0000] {processor.py:161} INFO - Started process (PID=772) to work on /opt/airflow/dags/wifi_pipeline_dag.py
[2026-09-22T20:42:17.379+0000] {processor.py:830} INFO - Processing file /opt/airflow/dags/wifi_pipeline_dag.py for tasks to queue
[2026-09-22T20:42:17.380+0000] {logging_mixin.py:188} INFO - [2026-09-22T20:42:17.380+0000] {dagbag.py:538} INFO - Filling up the DagBag from /opt/airflow/dags/wifi_pipeline_dag.py
[2026-09-22T20:42:17.396+0000] {processor.py:840} INFO - DAG(s) 'wifi_livre_sp_pipeline' retrieved from /opt/airflow/dags/wifi_pipeline_dag.py
[2026-09-22T20:42:17.425+0000] {logging_mixin.py:188} INFO - [2026-09-22T20:42:17.425+0000] {dag.py:3036} INFO - Sync 1 DAGs
[2026-09-22T20:42:17.449+0000] {logging_mixin.py:188} INFO - [2026-09-22T20:42:17.448+0000] {dag.py:3823} INFO - Setting next_dagrun for wifi_livre_sp_pipeline to 2026-09-22 00:00:00+00:00, run_after=2026-09-23 00:00:00+00:00
[2026-09-22T20:42:17.465+0000] {processor.py:183} INFO - Processing /opt/airflow/dags/wifi_pipeline_dag.py took 0.090 seconds
[2026-09-22T20:42:47.614+0000] {processor.py:161} INFO - Started process (PID=777) to work on /opt/airflow/dags/wifi_pipeline_dag.py
[2026-09-22T20:42:47.616+0000] {processor.py:830} INFO - Processing file /opt/airflow/dags/wifi_pipeline_dag.py for tasks to queue
[2026-09-22T20:42:47.617+0000] {logging_mixin.py:188} INFO - [2026-09-22T20:42:47.616+0000] {dagbag.py:538} INFO - Filling up the DagBag from /opt/airflow/dags/wifi_pipeline_dag.py
[2026-09-22T20:42:47.627+0000] {processor.py:840} INFO - DAG(s) 'wifi_livre_sp_pipeline' retrieved from /opt/airflow/dags/wifi_pipeline_dag.py
[2026-09-22T20:42:47.652+0000] {logging_mixin.py:188} INFO - [2026-09-22T20:42:47.652+0000] {dag.py:3036} INFO - Sync 1 DAGs
[2026-09-22T20:42:47.670+0000] {logging_mixin.py:188} INFO - [2026-09-22T20:42:47.670+0000] {dag.py:3823} INFO - Setting next_dagrun for wifi_livre_sp_pipeline to 2026-09-22 00:00:00+00:00, run_after=2026-09-23 00:00:00+00:00
[2026-09-22T20:42:47.684+0000] {processor.py:183} INFO - Processing /opt/airflow/dags/wifi_pipeline_dag.py took 0.073 seconds
[2026-09-22T20:43:18.079+0000] {processor.py:161} INFO - Started process (PID=782) to work on /opt/airflow/dags/wifi_pipeline_dag.py
[2026-09-22T20:43:18.080+0000] {processor.py:830} INFO - Processing file /opt/airflow/dags/wifi_pipeline_dag.py for tasks to queue
[2026-09-22T20:43:18.081+0000] {logging_mixin.py:188} INFO - [2026-09-22T20:43:18.081+0000] {dagbag.py:538} INFO - Filling up the DagBag from /opt/airflow/dags/wifi_pipeline_dag.py
[2026-09-22T20:43:18.095+0000] {processor.py:840} INFO - DAG(s) 'wifi_livre_sp_pipeline' retrieved from /opt/airflow/dags/wifi_pipeline_dag.py
[2026-09-22T20:43:18.125+0000] {logging_mixin.py:188} INFO - [2026-09-22T20:43:18.124+0000] {dag.py:3036} INFO - Sync 1 DAGs
[2026-09-22T20:43:18.147+0000] {logging_mixin.py:188} INFO - [2026-09-22T20:43:18.146+0000] {dag.py:3823} INFO - Setting next_dagrun for wifi_livre_sp_pipeline to 2026-09-22 00:00:00+00:00, run_after=2026-09-23 00:00:00+00:00
[2026-09-22T20:43:18.164+0000] {processor.py:183} INFO - Processing /opt/airflow/dags/wifi_pipeline_dag.py took 0.089 seconds
[2026-09-22T20:43:48.303+0000] {processor.py:161} INFO - Started process (PID=787) to work on /opt/airflow/dags/wifi_pipeline_dag.py
[2026-09-22T20:43:48.305+0000] {processor.py:830} INFO - Processing file /opt/airflow/dags/wifi_pipeline_dag.py for tasks to queue
[2026-09-22T20:43:48.306+0000] {logging_mixin.py:188} INFO - [2026-09-22T20:43:48.305+0000] {dagbag.py:538} INFO - Filling up the DagBag from /opt/airflow/dags/wifi_pipeline_dag.py
[2026-09-22T20:43:48.317+0000] {processor.py:840} INFO - DAG(s) 'wifi_livre_sp_pipeline' retrieved from /opt/airflow/dags/wifi_pipeline_dag.py
[2026-09-22T20:43:48.343+0000] {logging_mixin.py:188} INFO - [2026-09-22T20:43:48.342+0000] {dag.py:3036} INFO - Sync 1 DAGs
[2026-09-22T20:43:48.363+0000] {logging_mixin.py:188} INFO - [2026-09-22T20:43:48.363+0000] {dag.py:3823} INFO - Setting next_dagrun for wifi_livre_sp_pipeline to 2026-09-22 00:00:00+00:00, run_after=2026-09-23 00:00:00+00:00
[2026-09-22T20:43:48.379+0000] {processor.py:183} INFO - Processing /opt/airflow/dags/wifi_pipeline_dag.py took 0.078 seconds
[2026-09-22T20:44:18.576+0000] {processor.py:161} INFO - Started process (PID=792) to work on /opt/airflow/dags/wifi_pipeline_dag.py
[2026-09-22T20:44:18.578+0000] {processor.py:830} INFO - Processing file /opt/airflow/dags/wifi_pipeline_dag.py for tasks to queue
[2026-09-22T20:44:18.579+0000] {logging_mixin.py:188} INFO - [2026-09-22T20:44:18.578+0000] {dagbag.py:538} INFO - Filling up the DagBag from /opt/airflow/dags/wifi_pipeline_dag.py
[2026-09-22T20:44:18.593+0000] {processor.py:840} INFO - DAG(s) 'wifi_livre_sp_pipeline' retrieved from /opt/airflow/dags/wifi_pipeline_dag.py
[2026-09-22T20:44:18.625+0000] {logging_mixin.py:188} INFO - [2026-09-22T20:44:18.625+0000] {dag.py:3036} INFO - Sync 1 DAGs
[2026-09-22T20:44:18.653+0000] {logging_mixin.py:188} INFO - [2026-09-22T20:44:18.653+0000] {dag.py:3823} INFO - Setting next_dagrun for wifi_livre_sp_pipeline to 2026-09-22 00:00:00+00:00, run_after=2026-09-23 00:00:00+00:00
[2026-09-22T20:44:18.676+0000] {processor.py:183} INFO - Processing /opt/airflow/dags/wifi_pipeline_dag.py took 0.104 seconds
[2026-09-22T20:44:48.919+0000] {processor.py:161} INFO - Started process (PID=797) to work on /opt/airflow/dags/wifi_pipeline_dag.py
[2026-09-22T20:44:48.921+0000] {processor.py:830} INFO - Processing file /opt/airflow/dags/wifi_pipeline_dag.py for tasks to queue
[2026-09-22T20:44:48.921+0000] {logging_mixin.py:188} INFO - [2026-09-22T20:44:48.921+0000] {dagbag.py:538} INFO - Filling up the DagBag from /opt/airflow/dags/wifi_pipeline_dag.py
[2026-09-22T20:44:48.937+0000] {processor.py:840} INFO - DAG(s) 'wifi_livre_sp_pipeline' retrieved from /opt/airflow/dags/wifi_pipeline_dag.py
[2026-09-22T20:44:48.971+0000] {logging_mixin.py:188} INFO - [2026-09-22T20:44:48.970+0000] {dag.py:3036} INFO - Sync 1 DAGs
[2026-09-22T20:44:48.997+0000] {logging_mixin.py:188} INFO - [2026-09-22T20:44:48.997+0000] {dag.py:3823} INFO - Setting next_dagrun for wifi_livre_sp_pipeline to 2026-09-22 00:00:00+00:00, run_after=2026-09-23 00:00:00+00:00
[2026-09-22T20:44:49.020+0000] {processor.py:183} INFO - Processing /opt/airflow/dags/wifi_pipeline_dag.py took 0.104 seconds
[2026-09-22T20:45:19.161+0000] {processor.py:161} INFO - Started process (PID=802) to work on /opt/airflow/dags/wifi_pipeline_dag.py
[2026-09-22T20:45:19.163+0000] {processor.py:830} INFO - Processing file /opt/airflow/dags/wifi_pipeline_dag.py for tasks to queue
[2026-09-22T20:45:19.164+0000] {logging_mixin.py:188} INFO - [2026-09-22T20:45:19.164+0000] {dagbag.py:538} INFO - Filling up the DagBag from /opt/airflow/dags/wifi_pipeline_dag.py
[2026-09-22T20:45:19.179+0000] {processor.py:840} INFO - DAG(s) 'wifi_livre_sp_pipeline' retrieved from /opt/airflow/dags/wifi_pipeline_dag.py
[2026-09-22T20:45:19.215+0000] {logging_mixin.py:188} INFO - [2026-09-22T20:45:19.214+0000] {dag.py:3036} INFO - Sync 1 DAGs
[2026-09-22T20:45:19.242+0000] {logging_mixin.py:188} INFO - [2026-09-22T20:45:19.242+0000] {dag.py:3823} INFO - Setting next_dagrun for wifi_livre_sp_pipeline to 2026-09-22 00:00:00+00:00, run_after=2026-09-23 00:00:00+00:00
[2026-09-22T20:45:19.263+0000] {processor.py:183} INFO - Processing /opt/airflow/dags/wifi_pipeline_dag.py took 0.107 seconds
[2026-09-22T20:45:49.493+0000] {processor.py:161} INFO - Started process (PID=807) to work on /opt/airflow/dags/wifi_pipeline_dag.py
[2026-09-22T20:45:49.495+0000] {processor.py:830} INFO - Processing file /opt/airflow/dags/wifi_pipeline_dag.py for tasks to queue
[2026-09-22T20:45:49.496+0000] {logging_mixin.py:188} INFO - [2026-09-22T20:45:49.496+0000] {dagbag.py:538} INFO - Filling up the DagBag from /opt/airflow/dags/wifi_pipeline_dag.py
[2026-09-22T20:45:49.513+0000] {processor.py:840} INFO - DAG(s) 'wifi_livre_sp_pipeline' retrieved from /opt/airflow/dags/wifi_pipeline_dag.py
[2026-09-22T20:45:49.543+0000] {logging_mixin.py:188} INFO - [2026-09-22T20:45:49.543+0000] {dag.py:3036} INFO - Sync 1 DAGs
[2026-09-22T20:45:49.566+0000] {logging_mixin.py:188} INFO - [2026-09-22T20:45:49.565+0000] {dag.py:3823} INFO - Setting next_dagrun for wifi_livre_sp_pipeline to 2026-09-22 00:00:00+00:00, run_after=2026-09-23 00:00:00+00:00
[2026-09-22T20:45:49.583+0000] {processor.py:183} INFO - Processing /opt/airflow/dags/wifi_pipeline_dag.py took 0.093 seconds
[2026-09-22T20:46:19.777+0000] {processor.py:161} INFO - Started process (PID=812) to work on /opt/airflow/dags/wifi_pipeline_dag.py
[2026-09-22T20:46:19.779+0000] {processor.py:830} INFO - Processing file /opt/airflow/dags/wifi_pipeline_dag.py for tasks to queue
[2026-09-22T20:46:19.780+0000] {logging_mixin.py:188} INFO - [2026-09-22T20:46:19.780+0000] {dagbag.py:538} INFO - Filling up the DagBag from /opt/airflow/dags/wifi_pipeline_dag.py
[2026-09-22T20:46:19.792+0000] {processor.py:840} INFO - DAG(s) 'wifi_livre_sp_pipeline' retrieved from /opt/airflow/dags/wifi_pipeline_dag.py
[2026-09-22T20:46:19.824+0000] {logging_mixin.py:188} INFO - [2026-09-22T20:46:19.824+0000] {dag.py:3036} INFO - Sync 1 DAGs
[2026-09-22T20:46:19.848+0000] {logging_mixin.py:188} INFO - [2026-09-22T20:46:19.848+0000] {dag.py:3823} INFO - Setting next_dagrun for wifi_livre_sp_pipeline to 2026-09-22 00:00:00+00:00, run_after=2026-09-23 00:00:00+00:00
[2026-09-22T20:46:19.868+0000] {processor.py:183} INFO - Processing /opt/airflow/dags/wifi_pipeline_dag.py took 0.094 seconds
[2026-09-22T20:46:50.026+0000] {processor.py:161} INFO - Started process (PID=817) to work on /opt/airflow/dags/wifi_pipeline_dag.py
[2026-09-22T20:46:50.028+0000] {processor.py:830} INFO - Processing file /opt/airflow/dags/wifi_pipeline_dag.py for tasks to queue
[2026-09-22T20:46:50.029+0000] {logging_mixin.py:188} INFO - [2026-09-22T20:46:50.028+0000] {dagbag.py:538} INFO - Filling up the DagBag from /opt/airflow/dags/wifi_pipeline_dag.py
[2026-09-22T20:46:50.044+0000] {processor.py:840} INFO - DAG(s) 'wifi_livre_sp_pipeline' retrieved from /opt/airflow/dags/wifi_pipeline_dag.py
[2026-09-22T20:46:50.075+0000] {logging_mixin.py:188} INFO - [2026-09-22T20:46:50.075+0000] {dag.py:3036} INFO - Sync 1 DAGs
[2026-09-22T20:46:50.098+0000] {logging_mixin.py:188} INFO - [2026-09-22T20:46:50.098+0000] {dag.py:3823} INFO - Setting next_dagrun for wifi_livre_sp_pipeline to 2026-09-22 00:00:00+00:00, run_after=2026-09-23 00:00:00+00:00
[2026-09-22T20:46:50.117+0000] {processor.py:183} INFO - Processing /opt/airflow/dags/wifi_pipeline_dag.py took 0.096 seconds
[2026-09-22T20:47:20.238+0000] {processor.py:161} INFO - Started process (PID=822) to work on /opt/airflow/dags/wifi_pipeline_dag.py
[2026-09-22T20:47:20.239+0000] {processor.py:830} INFO - Processing file /opt/airflow/dags/wifi_pipeline_dag.py for tasks to queue
[2026-09-22T20:47:20.240+0000] {logging_mixin.py:188} INFO - [2026-09-22T20:47:20.240+0000] {dagbag.py:538} INFO - Filling up the DagBag from /opt/airflow/dags/wifi_pipeline_dag.py
[2026-09-22T20:47:20.252+0000] {processor.py:840} INFO - DAG(s) 'wifi_livre_sp_pipeline' retrieved from /opt/airflow/dags/wifi_pipeline_dag.py
[2026-09-22T20:47:20.278+0000] {logging_mixin.py:188} INFO - [2026-09-22T20:47:20.278+0000] {dag.py:3036} INFO - Sync 1 DAGs
[2026-09-22T20:47:20.298+0000] {logging_mixin.py:188} INFO - [2026-09-22T20:47:20.298+0000] {dag.py:3823} INFO - Setting next_dagrun for wifi_livre_sp_pipeline to 2026-09-22 00:00:00+00:00, run_after=2026-09-23 00:00:00+00:00
[2026-09-22T20:47:20.315+0000] {processor.py:183} INFO - Processing /opt/airflow/dags/wifi_pipeline_dag.py took 0.081 seconds
[2026-09-22T20:47:50.479+0000] {processor.py:161} INFO - Started process (PID=827) to work on /opt/airflow/dags/wifi_pipeline_dag.py
[2026-09-22T20:47:50.481+0000] {processor.py:830} INFO - Processing file /opt/airflow/dags/wifi_pipeline_dag.py for tasks to queue
[2026-09-22T20:47:50.483+0000] {logging_mixin.py:188} INFO - [2026-09-22T20:47:50.482+0000] {dagbag.py:538} INFO - Filling up the DagBag from /opt/airflow/dags/wifi_pipeline_dag.py
[2026-09-22T20:47:50.500+0000] {processor.py:840} INFO - DAG(s) 'wifi_livre_sp_pipeline' retrieved from /opt/airflow/dags/wifi_pipeline_dag.py
[2026-09-22T20:47:50.534+0000] {logging_mixin.py:188} INFO - [2026-09-22T20:47:50.534+0000] {dag.py:3036} INFO - Sync 1 DAGs
[2026-09-22T20:47:50.562+0000] {logging_mixin.py:188} INFO - [2026-09-22T20:47:50.561+0000] {dag.py:3823} INFO - Setting next_dagrun for wifi_livre_sp_pipeline to 2026-09-22 00:00:00+00:00, run_after=2026-09-23 00:00:00+00:00
[2026-09-22T20:47:50.584+0000] {processor.py:183} INFO - Processing /opt/airflow/dags/wifi_pipeline_dag.py took 0.109 seconds
[2026-09-22T20:48:20.658+0000] {processor.py:161} INFO - Started process (PID=832) to work on /opt/airflow/dags/wifi_pipeline_dag.py
[2026-09-22T20:48:20.660+0000] {processor.py:830} INFO - Processing file /opt/airflow/dags/wifi_pipeline_dag.py for tasks to queue
[2026-09-22T20:48:20.660+0000] {logging_mixin.py:188} INFO - [2026-09-22T20:48:20.660+0000] {dagbag.py:538} INFO - Filling up the DagBag from /opt/airflow/dags/wifi_pipeline_dag.py
[2026-09-22T20:48:20.675+0000] {processor.py:840} INFO - DAG(s) 'wifi_livre_sp_pipeline' retrieved from /opt/airflow/dags/wifi_pipeline_dag.py
[2026-09-22T20:48:20.711+0000] {logging_mixin.py:188} INFO - [2026-09-22T20:48:20.710+0000] {dag.py:3036} INFO - Sync 1 DAGs
[2026-09-22T20:48:20.739+0000] {logging_mixin.py:188} INFO - [2026-09-22T20:48:20.739+0000] {dag.py:3823} INFO - Setting next_dagrun for wifi_livre_sp_pipeline to 2026-09-22 00:00:00+00:00, run_after=2026-09-23 00:00:00+00:00
[2026-09-22T20:48:20.762+0000] {processor.py:183} INFO - Processing /opt/airflow/dags/wifi_pipeline_dag.py took 0.108 seconds
[2026-09-22T20:48:50.921+0000] {processor.py:161} INFO - Started process (PID=837) to work on /opt/airflow/dags/wifi_pipeline_dag.py
[2026-09-22T20:48:50.923+0000] {processor.py:830} INFO - Processing file /opt/airflow/dags/wifi_pipeline_dag.py for tasks to queue
[2026-09-22T20:48:50.924+0000] {logging_mixin.py:188} INFO - [2026-09-22T20:48:50.924+0000] {dagbag.py:538} INFO - Filling up the DagBag from /opt/airflow/dags/wifi_pipeline_dag.py
[2026-09-22T20:48:50.938+0000] {processor.py:840} INFO - DAG(s) 'wifi_livre_sp_pipeline' retrieved from /opt/airflow/dags/wifi_pipeline_dag.py
[2026-09-22T20:48:50.969+0000] {logging_mixin.py:188} INFO - [2026-09-22T20:48:50.968+0000] {dag.py:3036} INFO - Sync 1 DAGs
[2026-09-22T20:48:50.993+0000] {logging_mixin.py:188} INFO - [2026-09-22T20:48:50.993+0000] {dag.py:3823} INFO - Setting next_dagrun for wifi_livre_sp_pipeline to 2026-09-22 00:00:00+00:00, run_after=2026-09-23 00:00:00+00:00
[2026-09-22T20:48:51.011+0000] {processor.py:183} INFO - Processing /opt/airflow/dags/wifi_pipeline_dag.py took 0.093 seconds
[2026-09-22T20:49:21.065+0000] {processor.py:161} INFO - Started process (PID=842) to work on /opt/airflow/dags/wifi_pipeline_dag.py
[2026-09-22T20:49:21.075+0000] {processor.py:830} INFO - Processing file /opt/airflow/dags/wifi_pipeline_dag.py for tasks to queue
[2026-09-22T20:49:21.076+0000] {logging_mixin.py:188} INFO - [2026-09-22T20:49:21.076+0000] {dagbag.py:538} INFO - Filling up the DagBag from /opt/airflow/dags/wifi_pipeline_dag.py
[2026-09-22T20:49:21.096+0000] {processor.py:840} INFO - DAG(s) 'wifi_livre_sp_pipeline' retrieved from /opt/airflow/dags/wifi_pipeline_dag.py
[2026-09-22T20:49:21.138+0000] {logging_mixin.py:188} INFO - [2026-09-22T20:49:21.138+0000] {dag.py:3036} INFO - Sync 1 DAGs
[2026-09-22T20:49:21.170+0000] {logging_mixin.py:188} INFO - [2026-09-22T20:49:21.169+0000] {dag.py:3823} INFO - Setting next_dagrun for wifi_livre_sp_pipeline to 2026-09-22 00:00:00+00:00, run_after=2026-09-23 00:00:00+00:00
[2026-09-22T20:49:21.202+0000] {processor.py:183} INFO - Processing /opt/airflow/dags/wifi_pipeline_dag.py took 0.140 seconds
[2026-09-22T20:49:51.408+0000] {processor.py:161} INFO - Started process (PID=847) to work on /opt/airflow/dags/wifi_pipeline_dag.py
[2026-09-22T20:49:51.411+0000] {processor.py:830} INFO - Processing file /opt/airflow/dags/wifi_pipeline_dag.py for tasks to queue
[2026-09-22T20:49:51.413+0000] {logging_mixin.py:188} INFO - [2026-09-22T20:49:51.412+0000] {dagbag.py:538} INFO - Filling up the DagBag from /opt/airflow/dags/wifi_pipeline_dag.py
[2026-09-22T20:49:51.445+0000] {processor.py:840} INFO - DAG(s) 'wifi_livre_sp_pipeline' retrieved from /opt/airflow/dags/wifi_pipeline_dag.py
[2026-09-22T20:49:51.513+0000] {logging_mixin.py:188} INFO - [2026-09-22T20:49:51.513+0000] {dag.py:3036} INFO - Sync 1 DAGs
[2026-09-22T20:49:51.553+0000] {logging_mixin.py:188} INFO - [2026-09-22T20:49:51.552+0000] {dag.py:3823} INFO - Setting next_dagrun for wifi_livre_sp_pipeline to 2026-09-22 00:00:00+00:00, run_after=2026-09-23 00:00:00+00:00
[2026-09-22T20:49:51.586+0000] {processor.py:183} INFO - Processing /opt/airflow/dags/wifi_pipeline_dag.py took 0.185 seconds
[2026-09-22T20:50:21.647+0000] {processor.py:161} INFO - Started process (PID=852) to work on /opt/airflow/dags/wifi_pipeline_dag.py
[2026-09-22T20:50:21.649+0000] {processor.py:830} INFO - Processing file /opt/airflow/dags/wifi_pipeline_dag.py for tasks to queue
[2026-09-22T20:50:21.650+0000] {logging_mixin.py:188} INFO - [2026-09-22T20:50:21.650+0000] {dagbag.py:538} INFO - Filling up the DagBag from /opt/airflow/dags/wifi_pipeline_dag.py
[2026-09-22T20:50:21.667+0000] {processor.py:840} INFO - DAG(s) 'wifi_livre_sp_pipeline' retrieved from /opt/airflow/dags/wifi_pipeline_dag.py
[2026-09-22T20:50:21.705+0000] {logging_mixin.py:188} INFO - [2026-09-22T20:50:21.705+0000] {dag.py:3036} INFO - Sync 1 DAGs
[2026-09-22T20:50:21.729+0000] {logging_mixin.py:188} INFO - [2026-09-22T20:50:21.729+0000] {dag.py:3823} INFO - Setting next_dagrun for wifi_livre_sp_pipeline to 2026-09-22 00:00:00+00:00, run_after=2026-09-23 00:00:00+00:00
[2026-09-22T20:50:21.749+0000] {processor.py:183} INFO - Processing /opt/airflow/dags/wifi_pipeline_dag.py took 0.105 seconds
[2026-09-22T20:50:51.935+0000] {processor.py:161} INFO - Started process (PID=857) to work on /opt/airflow/dags/wifi_pipeline_dag.py
[2026-09-22T20:50:51.938+0000] {processor.py:830} INFO - Processing file /opt/airflow/dags/wifi_pipeline_dag.py for tasks to queue
[2026-09-22T20:50:51.939+0000] {logging_mixin.py:188} INFO - [2026-09-22T20:50:51.939+0000] {dagbag.py:538} INFO - Filling up the DagBag from /opt/airflow/dags/wifi_pipeline_dag.py
[2026-09-22T20:50:51.957+0000] {processor.py:840} INFO - DAG(s) 'wifi_livre_sp_pipeline' retrieved from /opt/airflow/dags/wifi_pipeline_dag.py
[2026-09-22T20:50:51.998+0000] {logging_mixin.py:188} INFO - [2026-09-22T20:50:51.998+0000] {dag.py:3036} INFO - Sync 1 DAGs
[2026-09-22T20:50:52.028+0000] {logging_mixin.py:188} INFO - [2026-09-22T20:50:52.028+0000] {dag.py:3823} INFO - Setting next_dagrun for wifi_livre_sp_pipeline to 2026-09-22 00:00:00+00:00, run_after=2026-09-23 00:00:00+00:00
[2026-09-22T20:50:52.053+0000] {processor.py:183} INFO - Processing /opt/airflow/dags/wifi_pipeline_dag.py took 0.123 seconds
[2026-09-22T20:51:22.167+0000] {processor.py:161} INFO - Started process (PID=862) to work on /opt/airflow/dags/wifi_pipeline_dag.py
[2026-09-22T20:51:22.168+0000] {processor.py:830} INFO - Processing file /opt/airflow/dags/wifi_pipeline_dag.py for tasks to queue
[2026-09-22T20:51:22.169+0000] {logging_mixin.py:188} INFO - [2026-09-22T20:51:22.169+0000] {dagbag.py:538} INFO - Filling up the DagBag from /opt/airflow/dags/wifi_pipeline_dag.py
[2026-09-22T20:51:22.185+0000] {processor.py:840} INFO - DAG(s) 'wifi_livre_sp_pipeline' retrieved from /opt/airflow/dags/wifi_pipeline_dag.py
[2026-09-22T20:51:22.220+0000] {logging_mixin.py:188} INFO - [2026-09-22T20:51:22.220+0000] {dag.py:3036} INFO - Sync 1 DAGs
[2026-09-22T20:51:22.244+0000] {logging_mixin.py:188} INFO - [2026-09-22T20:51:22.244+0000] {dag.py:3823} INFO - Setting next_dagrun for wifi_livre_sp_pipeline to 2026-09-22 00:00:00+00:00, run_after=2026-09-23 00:00:00+00:00
[2026-09-22T20:51:22.263+0000] {processor.py:183} INFO - Processing /opt/airflow/dags/wifi_pipeline_dag.py took 0.101 seconds
[2026-09-22T20:51:52.390+0000] {processor.py:161} INFO - Started process (PID=867) to work on /opt/airflow/dags/wifi_pipeline_dag.py
[2026-09-22T20:51:52.392+0000] {processor.py:830} INFO - Processing file /opt/airflow/dags/wifi_pipeline_dag.py for tasks to queue
[2026-09-22T20:51:52.393+0000] {logging_mixin.py:188} INFO - [2026-09-22T20:51:52.392+0000] {dagbag.py:538} INFO - Filling up the DagBag from /opt/airflow/dags/wifi_pipeline_dag.py
[2026-09-22T20:51:52.406+0000] {processor.py:840} INFO - DAG(s) 'wifi_livre_sp_pipeline' retrieved from /opt/airflow/dags/wifi_pipeline_dag.py
[2026-09-22T20:51:52.439+0000] {logging_mixin.py:188} INFO - [2026-09-22T20:51:52.439+0000] {dag.py:3036} INFO - Sync 1 DAGs
[2026-09-22T20:51:52.466+0000] {logging_mixin.py:188} INFO - [2026-09-22T20:51:52.466+0000] {dag.py:3823} INFO - Setting next_dagrun for wifi_livre_sp_pipeline to 2026-09-22 00:00:00+00:00, run_after=2026-09-23 00:00:00+00:00
[2026-09-22T20:51:52.488+0000] {processor.py:183} INFO - Processing /opt/airflow/dags/wifi_pipeline_dag.py took 0.101 seconds
[2026-09-22T20:52:22.628+0000] {processor.py:161} INFO - Started process (PID=872) to work on /opt/airflow/dags/wifi_pipeline_dag.py
[2026-09-22T20:52:22.630+0000] {processor.py:830} INFO - Processing file /opt/airflow/dags/wifi_pipeline_dag.py for tasks to queue
[2026-09-22T20:52:22.631+0000] {logging_mixin.py:188} INFO - [2026-09-22T20:52:22.630+0000] {dagbag.py:538} INFO - Filling up the DagBag from /opt/airflow/dags/wifi_pipeline_dag.py
[2026-09-22T20:52:22.646+0000] {processor.py:840} INFO - DAG(s) 'wifi_livre_sp_pipeline' retrieved from /opt/airflow/dags/wifi_pipeline_dag.py
[2026-09-22T20:52:22.675+0000] {logging_mixin.py:188} INFO - [2026-09-22T20:52:22.675+0000] {dag.py:3036} INFO - Sync 1 DAGs
[2026-09-22T20:52:22.698+0000] {logging_mixin.py:188} INFO - [2026-09-22T20:52:22.697+0000] {dag.py:3823} INFO - Setting next_dagrun for wifi_livre_sp_pipeline to 2026-09-22 00:00:00+00:00, run_after=2026-09-23 00:00:00+00:00
[2026-09-22T20:52:22.718+0000] {processor.py:183} INFO - Processing /opt/airflow/dags/wifi_pipeline_dag.py took 0.094 seconds
[2026-09-22T20:52:52.898+0000] {processor.py:161} INFO - Started process (PID=877) to work on /opt/airflow/dags/wifi_pipeline_dag.py
[2026-09-22T20:52:52.899+0000] {processor.py:830} INFO - Processing file /opt/airflow/dags/wifi_pipeline_dag.py for tasks to queue
[2026-09-22T20:52:52.900+0000] {logging_mixin.py:188} INFO - [2026-09-22T20:52:52.900+0000] {dagbag.py:538} INFO - Filling up the DagBag from /opt/airflow/dags/wifi_pipeline_dag.py
[2026-09-22T20:52:52.914+0000] {processor.py:840} INFO - DAG(s) 'wifi_livre_sp_pipeline' retrieved from /opt/airflow/dags/wifi_pipeline_dag.py
[2026-09-22T20:52:52.944+0000] {logging_mixin.py:188} INFO - [2026-09-22T20:52:52.944+0000] {dag.py:3036} INFO - Sync 1 DAGs
[2026-09-22T20:52:52.966+0000] {logging_mixin.py:188} INFO - [2026-09-22T20:52:52.965+0000] {dag.py:3823} INFO - Setting next_dagrun for wifi_livre_sp_pipeline to 2026-09-22 00:00:00+00:00, run_after=2026-09-23 00:00:00+00:00
[2026-09-22T20:52:52.985+0000] {processor.py:183} INFO - Processing /opt/airflow/dags/wifi_pipeline_dag.py took 0.090 seconds
[2026-09-22T20:53:23.312+0000] {processor.py:161} INFO - Started process (PID=882) to work on /opt/airflow/dags/wifi_pipeline_dag.py
[2026-09-22T20:53:23.313+0000] {processor.py:830} INFO - Processing file /opt/airflow/dags/wifi_pipeline_dag.py for tasks to queue
[2026-09-22T20:53:23.314+0000] {logging_mixin.py:188} INFO - [2026-09-22T20:53:23.314+0000] {dagbag.py:538} INFO - Filling up the DagBag from /opt/airflow/dags/wifi_pipeline_dag.py
[2026-09-22T20:53:23.327+0000] {processor.py:840} INFO - DAG(s) 'wifi_livre_sp_pipeline' retrieved from /opt/airflow/dags/wifi_pipeline_dag.py
[2026-09-22T20:53:23.353+0000] {logging_mixin.py:188} INFO - [2026-09-22T20:53:23.353+0000] {dag.py:3036} INFO - Sync 1 DAGs
[2026-09-22T20:53:23.374+0000] {logging_mixin.py:188} INFO - [2026-09-22T20:53:23.374+0000] {dag.py:3823} INFO - Setting next_dagrun for wifi_livre_sp_pipeline to 2026-09-22 00:00:00+00:00, run_after=2026-09-23 00:00:00+00:00
[2026-09-22T20:53:23.390+0000] {processor.py:183} INFO - Processing /opt/airflow/dags/wifi_pipeline_dag.py took 0.080 seconds
[2026-09-22T20:53:53.526+0000] {processor.py:161} INFO - Started process (PID=887) to work on /opt/airflow/dags/wifi_pipeline_dag.py
[2026-09-22T20:53:53.528+0000] {processor.py:830} INFO - Processing file /opt/airflow/dags/wifi_pipeline_dag.py for tasks to queue
[2026-09-22T20:53:53.529+0000] {logging_mixin.py:188} INFO - [2026-09-22T20:53:53.528+0000] {dagbag.py:538} INFO - Filling up the DagBag from /opt/airflow/dags/wifi_pipeline_dag.py
[2026-09-22T20:53:53.542+0000] {processor.py:840} INFO - DAG(s) 'wifi_livre_sp_pipeline' retrieved from /opt/airflow/dags/wifi_pipeline_dag.py
[2026-09-22T20:53:53.569+0000] {logging_mixin.py:188} INFO - [2026-09-22T20:53:53.568+0000] {dag.py:3036} INFO - Sync 1 DAGs
[2026-09-22T20:53:53.589+0000] {logging_mixin.py:188} INFO - [2026-09-22T20:53:53.589+0000] {dag.py:3823} INFO - Setting next_dagrun for wifi_livre_sp_pipeline to 2026-09-22 00:00:00+00:00, run_after=2026-09-23 00:00:00+00:00
[2026-09-22T20:53:53.604+0000] {processor.py:183} INFO - Processing /opt/airflow/dags/wifi_pipeline_dag.py took 0.081 seconds
[2026-09-22T20:54:23.749+0000] {processor.py:161} INFO - Started process (PID=892) to work on /opt/airflow/dags/wifi_pipeline_dag.py
[2026-09-22T20:54:23.751+0000] {processor.py:830} INFO - Processing file /opt/airflow/dags/wifi_pipeline_dag.py for tasks to queue
[2026-09-22T20:54:23.752+0000] {logging_mixin.py:188} INFO - [2026-09-22T20:54:23.752+0000] {dagbag.py:538} INFO - Filling up the DagBag from /opt/airflow/dags/wifi_pipeline_dag.py
[2026-09-22T20:54:23.764+0000] {processor.py:840} INFO - DAG(s) 'wifi_livre_sp_pipeline' retrieved from /opt/airflow/dags/wifi_pipeline_dag.py
[2026-09-22T20:54:23.791+0000] {logging_mixin.py:188} INFO - [2026-09-22T20:54:23.791+0000] {dag.py:3036} INFO - Sync 1 DAGs
[2026-09-22T20:54:23.811+0000] {logging_mixin.py:188} INFO - [2026-09-22T20:54:23.811+0000] {dag.py:3823} INFO - Setting next_dagrun for wifi_livre_sp_pipeline to 2026-09-22 00:00:00+00:00, run_after=2026-09-23 00:00:00+00:00
[2026-09-22T20:54:23.829+0000] {processor.py:183} INFO - Processing /opt/airflow/dags/wifi_pipeline_dag.py took 0.082 seconds
[2026-09-22T20:54:53.965+0000] {processor.py:161} INFO - Started process (PID=897) to work on /opt/airflow/dags/wifi_pipeline_dag.py
[2026-09-22T20:54:53.967+0000] {processor.py:830} INFO - Processing file /opt/airflow/dags/wifi_pipeline_dag.py for tasks to queue
[2026-09-22T20:54:53.968+0000] {logging_mixin.py:188} INFO - [2026-09-22T20:54:53.967+0000] {dagbag.py:538} INFO - Filling up the DagBag from /opt/airflow/dags/wifi_pipeline_dag.py
[2026-09-22T20:54:53.979+0000] {processor.py:840} INFO - DAG(s) 'wifi_livre_sp_pipeline' retrieved from /opt/airflow/dags/wifi_pipeline_dag.py
[2026-09-22T20:54:54.004+0000] {logging_mixin.py:188} INFO - [2026-09-22T20:54:54.003+0000] {dag.py:3036} INFO - Sync 1 DAGs
[2026-09-22T20:54:54.022+0000] {logging_mixin.py:188} INFO - [2026-09-22T20:54:54.022+0000] {dag.py:3823} INFO - Setting next_dagrun for wifi_livre_sp_pipeline to 2026-09-22 00:00:00+00:00, run_after=2026-09-23 00:00:00+00:00
[2026-09-22T20:54:54.036+0000] {processor.py:183} INFO - Processing /opt/airflow/dags/wifi_pipeline_dag.py took 0.074 seconds
[2026-09-22T20:55:24.237+0000] {processor.py:161} INFO - Started process (PID=902) to work on /opt/airflow/dags/wifi_pipeline_dag.py
[2026-09-22T20:55:24.239+0000] {processor.py:830} INFO - Processing file /opt/airflow/dags/wifi_pipeline_dag.py for tasks to queue
[2026-09-22T20:55:24.240+0000] {logging_mixin.py:188} INFO - [2026-09-22T20:55:24.240+0000] {dagbag.py:538} INFO - Filling up the DagBag from /opt/airflow/dags/wifi_pipeline_dag.py
[2026-09-22T20:55:24.252+0000] {processor.py:840} INFO - DAG(s) 'wifi_livre_sp_pipeline' retrieved from /opt/airflow/dags/wifi_pipeline_dag.py
[2026-09-22T20:55:24.286+0000] {logging_mixin.py:188} INFO - [2026-09-22T20:55:24.285+0000] {dag.py:3036} INFO - Sync 1 DAGs
[2026-09-22T20:55:24.313+0000] {logging_mixin.py:188} INFO - [2026-09-22T20:55:24.312+0000] {dag.py:3823} INFO - Setting next_dagrun for wifi_livre_sp_pipeline to 2026-09-22 00:00:00+00:00, run_after=2026-09-23 00:00:00+00:00
[2026-09-22T20:55:24.334+0000] {processor.py:183} INFO - Processing /opt/airflow/dags/wifi_pipeline_dag.py took 0.100 seconds
[2026-09-22T20:55:54.412+0000] {processor.py:161} INFO - Started process (PID=907) to work on /opt/airflow/dags/wifi_pipeline_dag.py
[2026-09-22T20:55:54.414+0000] {processor.py:830} INFO - Processing file /opt/airflow/dags/wifi_pipeline_dag.py for tasks to queue
[2026-09-22T20:55:54.415+0000] {logging_mixin.py:188} INFO - [2026-09-22T20:55:54.414+0000] {dagbag.py:538} INFO - Filling up the DagBag from /opt/airflow/dags/wifi_pipeline_dag.py
[2026-09-22T20:55:54.426+0000] {processor.py:840} INFO - DAG(s) 'wifi_livre_sp_pipeline' retrieved from /opt/airflow/dags/wifi_pipeline_dag.py
[2026-09-22T20:55:54.458+0000] {logging_mixin.py:188} INFO - [2026-09-22T20:55:54.458+0000] {dag.py:3036} INFO - Sync 1 DAGs
[2026-09-22T20:55:54.481+0000] {logging_mixin.py:188} INFO - [2026-09-22T20:55:54.480+0000] {dag.py:3823} INFO - Setting next_dagrun for wifi_livre_sp_pipeline to 2026-09-22 00:00:00+00:00, run_after=2026-09-23 00:00:00+00:00
[2026-09-22T20:55:54.499+0000] {processor.py:183} INFO - Processing /opt/airflow/dags/wifi_pipeline_dag.py took 0.091 seconds
[2026-09-22T20:56:24.663+0000] {processor.py:161} INFO - Started process (PID=912) to work on /opt/airflow/dags/wifi_pipeline_dag.py
[2026-09-22T20:56:24.665+0000] {processor.py:830} INFO - Processing file /opt/airflow/dags/wifi_pipeline_dag.py for tasks to queue
[2026-09-22T20:56:24.666+0000] {logging_mixin.py:188} INFO - [2026-09-22T20:56:24.665+0000] {dagbag.py:538} INFO - Filling up the DagBag from /opt/airflow/dags/wifi_pipeline_dag.py
[2026-09-22T20:56:24.678+0000] {processor.py:840} INFO - DAG(s) 'wifi_livre_sp_pipeline' retrieved from /opt/airflow/dags/wifi_pipeline_dag.py
[2026-09-22T20:56:24.711+0000] {logging_mixin.py:188} INFO - [2026-09-22T20:56:24.711+0000] {dag.py:3036} INFO - Sync 1 DAGs
[2026-09-22T20:56:24.739+0000] {logging_mixin.py:188} INFO - [2026-09-22T20:56:24.738+0000] {dag.py:3823} INFO - Setting next_dagrun for wifi_livre_sp_pipeline to 2026-09-22 00:00:00+00:00, run_after=2026-09-23 00:00:00+00:00
[2026-09-22T20:56:24.766+0000] {processor.py:183} INFO - Processing /opt/airflow/dags/wifi_pipeline_dag.py took 0.106 seconds
[2026-09-22T20:56:54.884+0000] {processor.py:161} INFO - Started process (PID=917) to work on /opt/airflow/dags/wifi_pipeline_dag.py
[2026-09-22T20:56:54.886+0000] {processor.py:830} INFO - Processing file /opt/airflow/dags/wifi_pipeline_dag.py for tasks to queue
[2026-09-22T20:56:54.888+0000] {logging_mixin.py:188} INFO - [2026-09-22T20:56:54.887+0000] {dagbag.py:538} INFO - Filling up the DagBag from /opt/airflow/dags/wifi_pipeline_dag.py
[2026-09-22T20:56:54.904+0000] {processor.py:840} INFO - DAG(s) 'wifi_livre_sp_pipeline' retrieved from /opt/airflow/dags/wifi_pipeline_dag.py
[2026-09-22T20:56:54.944+0000] {logging_mixin.py:188} INFO - [2026-09-22T20:56:54.944+0000] {dag.py:3036} INFO - Sync 1 DAGs
[2026-09-22T20:56:54.975+0000] {logging_mixin.py:188} INFO - [2026-09-22T20:56:54.975+0000] {dag.py:3823} INFO - Setting next_dagrun for wifi_livre_sp_pipeline to 2026-09-22 00:00:00+00:00, run_after=2026-09-23 00:00:00+00:00
[2026-09-22T20:56:55.000+0000] {processor.py:183} INFO - Processing /opt/airflow/dags/wifi_pipeline_dag.py took 0.121 seconds
[2026-09-22T20:57:25.116+0000] {processor.py:161} INFO - Started process (PID=922) to work on /opt/airflow/dags/wifi_pipeline_dag.py
[2026-09-22T20:57:25.118+0000] {processor.py:830} INFO - Processing file /opt/airflow/dags/wifi_pipeline_dag.py for tasks to queue
[2026-09-22T20:57:25.118+0000] {logging_mixin.py:188} INFO - [2026-09-22T20:57:25.118+0000] {dagbag.py:538} INFO - Filling up the DagBag from /opt/airflow/dags/wifi_pipeline_dag.py
[2026-09-22T20:57:25.130+0000] {processor.py:840} INFO - DAG(s) 'wifi_livre_sp_pipeline' retrieved from /opt/airflow/dags/wifi_pipeline_dag.py
[2026-09-22T20:57:25.159+0000] {logging_mixin.py:188} INFO - [2026-09-22T20:57:25.159+0000] {dag.py:3036} INFO - Sync 1 DAGs
[2026-09-22T20:57:25.181+0000] {logging_mixin.py:188} INFO - [2026-09-22T20:57:25.181+0000] {dag.py:3823} INFO - Setting next_dagrun for wifi_livre_sp_pipeline to 2026-09-22 00:00:00+00:00, run_after=2026-09-23 00:00:00+00:00
[2026-09-22T20:57:25.199+0000] {processor.py:183} INFO - Processing /opt/airflow/dags/wifi_pipeline_dag.py took 0.086 seconds
[2026-09-22T20:57:55.275+0000] {processor.py:161} INFO - Started process (PID=927) to work on /opt/airflow/dags/wifi_pipeline_dag.py
[2026-09-22T20:57:55.277+0000] {processor.py:830} INFO - Processing file /opt/airflow/dags/wifi_pipeline_dag.py for tasks to queue
[2026-09-22T20:57:55.278+0000] {logging_mixin.py:188} INFO - [2026-09-22T20:57:55.277+0000] {dagbag.py:538} INFO - Filling up the DagBag from /opt/airflow/dags/wifi_pipeline_dag.py
[2026-09-22T20:57:55.294+0000] {processor.py:840} INFO - DAG(s) 'wifi_livre_sp_pipeline' retrieved from /opt/airflow/dags/wifi_pipeline_dag.py
[2026-09-22T20:57:55.329+0000] {logging_mixin.py:188} INFO - [2026-09-22T20:57:55.329+0000] {dag.py:3036} INFO - Sync 1 DAGs
[2026-09-22T20:57:55.359+0000] {logging_mixin.py:188} INFO - [2026-09-22T20:57:55.359+0000] {dag.py:3823} INFO - Setting next_dagrun for wifi_livre_sp_pipeline to 2026-09-22 00:00:00+00:00, run_after=2026-09-23 00:00:00+00:00
[2026-09-22T20:57:55.383+0000] {processor.py:183} INFO - Processing /opt/airflow/dags/wifi_pipeline_dag.py took 0.113 seconds
[2026-09-22T20:58:25.533+0000] {processor.py:161} INFO - Started process (PID=932) to work on /opt/airflow/dags/wifi_pipeline_dag.py
[2026-09-22T20:58:25.535+0000] {processor.py:830} INFO - Processing file /opt/airflow/dags/wifi_pipeline_dag.py for tasks to queue
[2026-09-22T20:58:25.536+0000] {logging_mixin.py:188} INFO - [2026-09-22T20:58:25.535+0000] {dagbag.py:538} INFO - Filling up the DagBag from /opt/airflow/dags/wifi_pipeline_dag.py
[2026-09-22T20:58:25.551+0000] {processor.py:840} INFO - DAG(s) 'wifi_livre_sp_pipeline' retrieved from /opt/airflow/dags/wifi_pipeline_dag.py
[2026-09-22T20:58:25.584+0000] {logging_mixin.py:188} INFO - [2026-09-22T20:58:25.584+0000] {dag.py:3036} INFO - Sync 1 DAGs
[2026-09-22T20:58:25.610+0000] {logging_mixin.py:188} INFO - [2026-09-22T20:58:25.610+0000] {dag.py:3823} INFO - Setting next_dagrun for wifi_livre_sp_pipeline to 2026-09-22 00:00:00+00:00, run_after=2026-09-23 00:00:00+00:00
[2026-09-22T20:58:25.631+0000] {processor.py:183} INFO - Processing /opt/airflow/dags/wifi_pipeline_dag.py took 0.103 seconds
[2026-09-22T20:58:55.892+0000] {processor.py:161} INFO - Started process (PID=937) to work on /opt/airflow/dags/wifi_pipeline_dag.py
[2026-09-22T20:58:55.894+0000] {processor.py:830} INFO - Processing file /opt/airflow/dags/wifi_pipeline_dag.py for tasks to queue
[2026-09-22T20:58:55.895+0000] {logging_mixin.py:188} INFO - [2026-09-22T20:58:55.894+0000] {dagbag.py:538} INFO - Filling up the DagBag from /opt/airflow/dags/wifi_pipeline_dag.py
[2026-09-22T20:58:55.914+0000] {processor.py:840} INFO - DAG(s) 'wifi_livre_sp_pipeline' retrieved from /opt/airflow/dags/wifi_pipeline_dag.py
[2026-09-22T20:58:55.948+0000] {logging_mixin.py:188} INFO - [2026-09-22T20:58:55.947+0000] {dag.py:3036} INFO - Sync 1 DAGs
[2026-09-22T20:58:55.974+0000] {logging_mixin.py:188} INFO - [2026-09-22T20:58:55.974+0000] {dag.py:3823} INFO - Setting next_dagrun for wifi_livre_sp_pipeline to 2026-09-22 00:00:00+00:00, run_after=2026-09-23 00:00:00+00:00
[2026-09-22T20:58:55.993+0000] {processor.py:183} INFO - Processing /opt/airflow/dags/wifi_pipeline_dag.py took 0.106 seconds
[2026-09-22T20:59:26.188+0000] {processor.py:161} INFO - Started process (PID=942) to work on /opt/airflow/dags/wifi_pipeline_dag.py
[2026-09-22T20:59:26.190+0000] {processor.py:830} INFO - Processing file /opt/airflow/dags/wifi_pipeline_dag.py for tasks to queue
[2026-09-22T20:59:26.192+0000] {logging_mixin.py:188} INFO - [2026-09-22T20:59:26.191+0000] {dagbag.py:538} INFO - Filling up the DagBag from /opt/airflow/dags/wifi_pipeline_dag.py
[2026-09-22T20:59:26.211+0000] {processor.py:840} INFO - DAG(s) 'wifi_livre_sp_pipeline' retrieved from /opt/airflow/dags/wifi_pipeline_dag.py
[2026-09-22T20:59:26.278+0000] {logging_mixin.py:188} INFO - [2026-09-22T20:59:26.277+0000] {dag.py:3036} INFO - Sync 1 DAGs
[2026-09-22T20:59:26.334+0000] {logging_mixin.py:188} INFO - [2026-09-22T20:59:26.333+0000] {dag.py:3823} INFO - Setting next_dagrun for wifi_livre_sp_pipeline to 2026-09-22 00:00:00+00:00, run_after=2026-09-23 00:00:00+00:00
[2026-09-22T20:59:26.378+0000] {processor.py:183} INFO - Processing /opt/airflow/dags/wifi_pipeline_dag.py took 0.194 seconds
[2026-09-22T20:59:56.551+0000] {processor.py:161} INFO - Started process (PID=947) to work on /opt/airflow/dags/wifi_pipeline_dag.py
[2026-09-22T20:59:56.553+0000] {processor.py:830} INFO - Processing file /opt/airflow/dags/wifi_pipeline_dag.py for tasks to queue
[2026-09-22T20:59:56.553+0000] {logging_mixin.py:188} INFO - [2026-09-22T20:59:56.553+0000] {dagbag.py:538} INFO - Filling up the DagBag from /opt/airflow/dags/wifi_pipeline_dag.py
[2026-09-22T20:59:56.567+0000] {processor.py:840} INFO - DAG(s) 'wifi_livre_sp_pipeline' retrieved from /opt/airflow/dags/wifi_pipeline_dag.py
[2026-09-22T20:59:56.599+0000] {logging_mixin.py:188} INFO - [2026-09-22T20:59:56.599+0000] {dag.py:3036} INFO - Sync 1 DAGs
[2026-09-22T20:59:56.623+0000] {logging_mixin.py:188} INFO - [2026-09-22T20:59:56.622+0000] {dag.py:3823} INFO - Setting next_dagrun for wifi_livre_sp_pipeline to 2026-09-22 00:00:00+00:00, run_after=2026-09-23 00:00:00+00:00
[2026-09-22T20:59:56.641+0000] {processor.py:183} INFO - Processing /opt/airflow/dags/wifi_pipeline_dag.py took 0.093 seconds
[2026-09-22T21:00:26.828+0000] {processor.py:161} INFO - Started process (PID=952) to work on /opt/airflow/dags/wifi_pipeline_dag.py
[2026-09-22T21:00:26.830+0000] {processor.py:830} INFO - Processing file /opt/airflow/dags/wifi_pipeline_dag.py for tasks to queue
[2026-09-22T21:00:26.831+0000] {logging_mixin.py:188} INFO - [2026-09-22T21:00:26.830+0000] {dagbag.py:538} INFO - Filling up the DagBag from /opt/airflow/dags/wifi_pipeline_dag.py
[2026-09-22T21:00:26.849+0000] {processor.py:840} INFO - DAG(s) 'wifi_livre_sp_pipeline' retrieved from /opt/airflow/dags/wifi_pipeline_dag.py
[2026-09-22T21:00:26.886+0000] {logging_mixin.py:188} INFO - [2026-09-22T21:00:26.886+0000] {dag.py:3036} INFO - Sync 1 DAGs
[2026-09-22T21:00:26.917+0000] {logging_mixin.py:188} INFO - [2026-09-22T21:00:26.917+0000] {dag.py:3823} INFO - Setting next_dagrun for wifi_livre_sp_pipeline to 2026-09-22 00:00:00+00:00, run_after=2026-09-23 00:00:00+00:00
[2026-09-22T21:00:26.939+0000] {processor.py:183} INFO - Processing /opt/airflow/dags/wifi_pipeline_dag.py took 0.116 seconds
[2026-09-22T21:00:57.041+0000] {processor.py:161} INFO - Started process (PID=957) to work on /opt/airflow/dags/wifi_pipeline_dag.py
[2026-09-22T21:00:57.044+0000] {processor.py:830} INFO - Processing file /opt/airflow/dags/wifi_pipeline_dag.py for tasks to queue
[2026-09-22T21:00:57.046+0000] {logging_mixin.py:188} INFO - [2026-09-22T21:00:57.046+0000] {dagbag.py:538} INFO - Filling up the DagBag from /opt/airflow/dags/wifi_pipeline_dag.py
[2026-09-22T21:00:57.064+0000] {processor.py:840} INFO - DAG(s) 'wifi_livre_sp_pipeline' retrieved from /opt/airflow/dags/wifi_pipeline_dag.py
[2026-09-22T21:00:57.101+0000] {logging_mixin.py:188} INFO - [2026-09-22T21:00:57.100+0000] {dag.py:3036} INFO - Sync 1 DAGs
[2026-09-22T21:00:57.128+0000] {logging_mixin.py:188} INFO - [2026-09-22T21:00:57.128+0000] {dag.py:3823} INFO - Setting next_dagrun for wifi_livre_sp_pipeline to 2026-09-22 00:00:00+00:00, run_after=2026-09-23 00:00:00+00:00
[2026-09-22T21:00:57.151+0000] {processor.py:183} INFO - Processing /opt/airflow/dags/wifi_pipeline_dag.py took 0.115 seconds
[2026-09-22T21:01:27.472+0000] {processor.py:161} INFO - Started process (PID=962) to work on /opt/airflow/dags/wifi_pipeline_dag.py
[2026-09-22T21:01:27.474+0000] {processor.py:830} INFO - Processing file /opt/airflow/dags/wifi_pipeline_dag.py for tasks to queue
[2026-09-22T21:01:27.475+0000] {logging_mixin.py:188} INFO - [2026-09-22T21:01:27.474+0000] {dagbag.py:538} INFO - Filling up the DagBag from /opt/airflow/dags/wifi_pipeline_dag.py
[2026-09-22T21:01:27.492+0000] {processor.py:840} INFO - DAG(s) 'wifi_livre_sp_pipeline' retrieved from /opt/airflow/dags/wifi_pipeline_dag.py
[2026-09-22T21:01:27.526+0000] {logging_mixin.py:188} INFO - [2026-09-22T21:01:27.526+0000] {dag.py:3036} INFO - Sync 1 DAGs
[2026-09-22T21:01:27.553+0000] {logging_mixin.py:188} INFO - [2026-09-22T21:01:27.552+0000] {dag.py:3823} INFO - Setting next_dagrun for wifi_livre_sp_pipeline to 2026-09-22 00:00:00+00:00, run_after=2026-09-23 00:00:00+00:00
[2026-09-22T21:01:27.572+0000] {processor.py:183} INFO - Processing /opt/airflow/dags/wifi_pipeline_dag.py took 0.105 seconds
[2026-09-22T21:01:57.732+0000] {processor.py:161} INFO - Started process (PID=967) to work on /opt/airflow/dags/wifi_pipeline_dag.py
[2026-09-22T21:01:57.734+0000] {processor.py:830} INFO - Processing file /opt/airflow/dags/wifi_pipeline_dag.py for tasks to queue
[2026-09-22T21:01:57.735+0000] {logging_mixin.py:188} INFO - [2026-09-22T21:01:57.735+0000] {dagbag.py:538} INFO - Filling up the DagBag from /opt/airflow/dags/wifi_pipeline_dag.py
[2026-09-22T21:01:57.751+0000] {processor.py:840} INFO - DAG(s) 'wifi_livre_sp_pipeline' retrieved from /opt/airflow/dags/wifi_pipeline_dag.py
[2026-09-22T21:01:57.782+0000] {logging_mixin.py:188} INFO - [2026-09-22T21:01:57.782+0000] {dag.py:3036} INFO - Sync 1 DAGs
[2026-09-22T21:01:57.806+0000] {logging_mixin.py:188} INFO - [2026-09-22T21:01:57.805+0000] {dag.py:3823} INFO - Setting next_dagrun for wifi_livre_sp_pipeline to 2026-09-22 00:00:00+00:00, run_after=2026-09-23 00:00:00+00:00
[2026-09-22T21:01:57.823+0000] {processor.py:183} INFO - Processing /opt/airflow/dags/wifi_pipeline_dag.py took 0.094 seconds
[2026-09-22T21:02:27.972+0000] {processor.py:161} INFO - Started process (PID=972) to work on /opt/airflow/dags/wifi_pipeline_dag.py
[2026-09-22T21:02:27.973+0000] {processor.py:830} INFO - Processing file /opt/airflow/dags/wifi_pipeline_dag.py for tasks to queue
[2026-09-22T21:02:27.974+0000] {logging_mixin.py:188} INFO - [2026-09-22T21:02:27.974+0000] {dagbag.py:538} INFO - Filling up the DagBag from /opt/airflow/dags/wifi_pipeline_dag.py
[2026-09-22T21:02:27.990+0000] {processor.py:840} INFO - DAG(s) 'wifi_livre_sp_pipeline' retrieved from /opt/airflow/dags/wifi_pipeline_dag.py
[2026-09-22T21:02:28.019+0000] {logging_mixin.py:188} INFO - [2026-09-22T21:02:28.019+0000] {dag.py:3036} INFO - Sync 1 DAGs
[2026-09-22T21:02:28.043+0000] {logging_mixin.py:188} INFO - [2026-09-22T21:02:28.043+0000] {dag.py:3823} INFO - Setting next_dagrun for wifi_livre_sp_pipeline to 2026-09-22 00:00:00+00:00, run_after=2026-09-23 00:00:00+00:00
[2026-09-22T21:02:28.062+0000] {processor.py:183} INFO - Processing /opt/airflow/dags/wifi_pipeline_dag.py took 0.093 seconds
[2026-09-22T21:03:24.014+0000] {processor.py:161} INFO - Started process (PID=174) to work on /opt/airflow/dags/wifi_pipeline_dag.py
[2026-09-22T21:03:24.016+0000] {processor.py:830} INFO - Processing file /opt/airflow/dags/wifi_pipeline_dag.py for tasks to queue
[2026-09-22T21:03:24.018+0000] {logging_mixin.py:188} INFO - [2026-09-22T21:03:24.017+0000] {dagbag.py:538} INFO - Filling up the DagBag from /opt/airflow/dags/wifi_pipeline_dag.py
[2026-09-22T21:03:24.050+0000] {processor.py:840} INFO - DAG(s) 'wifi_livre_sp_pipeline' retrieved from /opt/airflow/dags/wifi_pipeline_dag.py
[2026-09-22T21:03:24.331+0000] {logging_mixin.py:188} INFO - [2026-09-22T21:03:24.330+0000] {override.py:1769} INFO - Created Permission View: can edit on DAG:wifi_livre_sp_pipeline
[2026-09-22T21:03:24.345+0000] {logging_mixin.py:188} INFO - [2026-09-22T21:03:24.345+0000] {override.py:1769} INFO - Created Permission View: can delete on DAG:wifi_livre_sp_pipeline
[2026-09-22T21:03:24.356+0000] {logging_mixin.py:188} INFO - [2026-09-22T21:03:24.355+0000] {override.py:1769} INFO - Created Permission View: can read on DAG:wifi_livre_sp_pipeline
[2026-09-22T21:03:24.356+0000] {logging_mixin.py:188} INFO - [2026-09-22T21:03:24.356+0000] {dag.py:3036} INFO - Sync 1 DAGs
[2026-09-22T21:03:24.371+0000] {logging_mixin.py:188} INFO - [2026-09-22T21:03:24.371+0000] {dag.py:3058} INFO - Creating ORM DAG for wifi_livre_sp_pipeline
[2026-09-22T21:03:24.390+0000] {logging_mixin.py:188} INFO - [2026-09-22T21:03:24.389+0000] {dag.py:3823} INFO - Setting next_dagrun for wifi_livre_sp_pipeline to 2026-09-21 00:00:00+00:00, run_after=2026-09-22 00:00:00+00:00
[2026-09-22T21:03:24.418+0000] {processor.py:183} INFO - Processing /opt/airflow/dags/wifi_pipeline_dag.py took 0.409 seconds
[2026-09-22T21:03:54.592+0000] {processor.py:161} INFO - Started process (PID=180) to work on /opt/airflow/dags/wifi_pipeline_dag.py
[2026-09-22T21:03:54.594+0000] {processor.py:830} INFO - Processing file /opt/airflow/dags/wifi_pipeline_dag.py for tasks to queue
[2026-09-22T21:03:54.596+0000] {logging_mixin.py:188} INFO - [2026-09-22T21:03:54.595+0000] {dagbag.py:538} INFO - Filling up the DagBag from /opt/airflow/dags/wifi_pipeline_dag.py
[2026-09-22T21:03:54.613+0000] {processor.py:840} INFO - DAG(s) 'wifi_livre_sp_pipeline' retrieved from /opt/airflow/dags/wifi_pipeline_dag.py
[2026-09-22T21:03:54.651+0000] {logging_mixin.py:188} INFO - [2026-09-22T21:03:54.650+0000] {dag.py:3036} INFO - Sync 1 DAGs
[2026-09-22T21:03:54.681+0000] {logging_mixin.py:188} INFO - [2026-09-22T21:03:54.681+0000] {dag.py:3823} INFO - Setting next_dagrun for wifi_livre_sp_pipeline to 2026-09-21 00:00:00+00:00, run_after=2026-09-22 00:00:00+00:00
[2026-09-22T21:03:54.709+0000] {processor.py:183} INFO - Processing /opt/airflow/dags/wifi_pipeline_dag.py took 0.123 seconds
[2026-09-22T21:04:24.936+0000] {processor.py:161} INFO - Started process (PID=185) to work on /opt/airflow/dags/wifi_pipeline_dag.py
[2026-09-22T21:04:24.938+0000] {processor.py:830} INFO - Processing file /opt/airflow/dags/wifi_pipeline_dag.py for tasks to queue
[2026-09-22T21:04:24.939+0000] {logging_mixin.py:188} INFO - [2026-09-22T21:04:24.938+0000] {dagbag.py:538} INFO - Filling up the DagBag from /opt/airflow/dags/wifi_pipeline_dag.py
[2026-09-22T21:04:24.952+0000] {processor.py:840} INFO - DAG(s) 'wifi_livre_sp_pipeline' retrieved from /opt/airflow/dags/wifi_pipeline_dag.py
[2026-09-22T21:04:24.990+0000] {logging_mixin.py:188} INFO - [2026-09-22T21:04:24.990+0000] {dag.py:3036} INFO - Sync 1 DAGs
[2026-09-22T21:04:25.020+0000] {logging_mixin.py:188} INFO - [2026-09-22T21:04:25.020+0000] {dag.py:3823} INFO - Setting next_dagrun for wifi_livre_sp_pipeline to 2026-09-21 00:00:00+00:00, run_after=2026-09-22 00:00:00+00:00
[2026-09-22T21:04:25.043+0000] {processor.py:183} INFO - Processing /opt/airflow/dags/wifi_pipeline_dag.py took 0.111 seconds
[2026-09-22T21:04:55.198+0000] {processor.py:161} INFO - Started process (PID=190) to work on /opt/airflow/dags/wifi_pipeline_dag.py
[2026-09-22T21:04:55.200+0000] {processor.py:830} INFO - Processing file /opt/airflow/dags/wifi_pipeline_dag.py for tasks to queue
[2026-09-22T21:04:55.201+0000] {logging_mixin.py:188} INFO - [2026-09-22T21:04:55.200+0000] {dagbag.py:538} INFO - Filling up the DagBag from /opt/airflow/dags/wifi_pipeline_dag.py
[2026-09-22T21:04:55.219+0000] {processor.py:840} INFO - DAG(s) 'wifi_livre_sp_pipeline' retrieved from /opt/airflow/dags/wifi_pipeline_dag.py
[2026-09-22T21:04:55.257+0000] {logging_mixin.py:188} INFO - [2026-09-22T21:04:55.256+0000] {dag.py:3036} INFO - Sync 1 DAGs
[2026-09-22T21:04:55.286+0000] {logging_mixin.py:188} INFO - [2026-09-22T21:04:55.286+0000] {dag.py:3823} INFO - Setting next_dagrun for wifi_livre_sp_pipeline to 2026-09-21 00:00:00+00:00, run_after=2026-09-22 00:00:00+00:00
[2026-09-22T21:04:55.304+0000] {processor.py:183} INFO - Processing /opt/airflow/dags/wifi_pipeline_dag.py took 0.111 seconds
[2026-09-22T21:05:25.623+0000] {processor.py:161} INFO - Started process (PID=195) to work on /opt/airflow/dags/wifi_pipeline_dag.py
[2026-09-22T21:05:25.625+0000] {processor.py:830} INFO - Processing file /opt/airflow/dags/wifi_pipeline_dag.py for tasks to queue
[2026-09-22T21:05:25.626+0000] {logging_mixin.py:188} INFO - [2026-09-22T21:05:25.625+0000] {dagbag.py:538} INFO - Filling up the DagBag from /opt/airflow/dags/wifi_pipeline_dag.py
[2026-09-22T21:05:25.644+0000] {processor.py:840} INFO - DAG(s) 'wifi_livre_sp_pipeline' retrieved from /opt/airflow/dags/wifi_pipeline_dag.py
[2026-09-22T21:05:25.683+0000] {logging_mixin.py:188} INFO - [2026-09-22T21:05:25.683+0000] {dag.py:3036} INFO - Sync 1 DAGs
[2026-09-22T21:05:25.716+0000] {logging_mixin.py:188} INFO - [2026-09-22T21:05:25.716+0000] {dag.py:3823} INFO - Setting next_dagrun for wifi_livre_sp_pipeline to 2026-09-21 00:00:00+00:00, run_after=2026-09-22 00:00:00+00:00
[2026-09-22T21:05:25.737+0000] {processor.py:183} INFO - Processing /opt/airflow/dags/wifi_pipeline_dag.py took 0.118 seconds
[2026-09-22T21:05:55.776+0000] {processor.py:161} INFO - Started process (PID=761) to work on /opt/airflow/dags/wifi_pipeline_dag.py
[2026-09-22T21:05:55.778+0000] {processor.py:830} INFO - Processing file /opt/airflow/dags/wifi_pipeline_dag.py for tasks to queue
[2026-09-22T21:05:55.779+0000] {logging_mixin.py:188} INFO - [2026-09-22T21:05:55.778+0000] {dagbag.py:538} INFO - Filling up the DagBag from /opt/airflow/dags/wifi_pipeline_dag.py
[2026-09-22T21:05:55.792+0000] {processor.py:840} INFO - DAG(s) 'wifi_livre_sp_pipeline' retrieved from /opt/airflow/dags/wifi_pipeline_dag.py
[2026-09-22T21:05:55.824+0000] {logging_mixin.py:188} INFO - [2026-09-22T21:05:55.823+0000] {dag.py:3036} INFO - Sync 1 DAGs
[2026-09-22T21:05:55.848+0000] {logging_mixin.py:188} INFO - [2026-09-22T21:05:55.847+0000] {dag.py:3823} INFO - Setting next_dagrun for wifi_livre_sp_pipeline to 2026-09-22 00:00:00+00:00, run_after=2026-09-23 00:00:00+00:00
[2026-09-22T21:05:55.867+0000] {processor.py:183} INFO - Processing /opt/airflow/dags/wifi_pipeline_dag.py took 0.096 seconds
[2026-09-22T21:06:25.950+0000] {processor.py:161} INFO - Started process (PID=766) to work on /opt/airflow/dags/wifi_pipeline_dag.py
[2026-09-22T21:06:25.953+0000] {processor.py:830} INFO - Processing file /opt/airflow/dags/wifi_pipeline_dag.py for tasks to queue
[2026-09-22T21:06:25.954+0000] {logging_mixin.py:188} INFO - [2026-09-22T21:06:25.954+0000] {dagbag.py:538} INFO - Filling up the DagBag from /opt/airflow/dags/wifi_pipeline_dag.py
[2026-09-22T21:06:25.976+0000] {processor.py:840} INFO - DAG(s) 'wifi_livre_sp_pipeline' retrieved from /opt/airflow/dags/wifi_pipeline_dag.py
[2026-09-22T21:06:26.018+0000] {logging_mixin.py:188} INFO - [2026-09-22T21:06:26.017+0000] {dag.py:3036} INFO - Sync 1 DAGs
[2026-09-22T21:06:26.046+0000] {logging_mixin.py:188} INFO - [2026-09-22T21:06:26.045+0000] {dag.py:3823} INFO - Setting next_dagrun for wifi_livre_sp_pipeline to 2026-09-22 00:00:00+00:00, run_after=2026-09-23 00:00:00+00:00
[2026-09-22T21:06:26.068+0000] {processor.py:183} INFO - Processing /opt/airflow/dags/wifi_pipeline_dag.py took 0.122 seconds
[2026-09-22T21:06:56.188+0000] {processor.py:161} INFO - Started process (PID=771) to work on /opt/airflow/dags/wifi_pipeline_dag.py
[2026-09-22T21:06:56.190+0000] {processor.py:830} INFO - Processing file /opt/airflow/dags/wifi_pipeline_dag.py for tasks to queue
[2026-09-22T21:06:56.190+0000] {logging_mixin.py:188} INFO - [2026-09-22T21:06:56.190+0000] {dagbag.py:538} INFO - Filling up the DagBag from /opt/airflow/dags/wifi_pipeline_dag.py
[2026-09-22T21:06:56.202+0000] {processor.py:840} INFO - DAG(s) 'wifi_livre_sp_pipeline' retrieved from /opt/airflow/dags/wifi_pipeline_dag.py
[2026-09-22T21:06:56.232+0000] {logging_mixin.py:188} INFO - [2026-09-22T21:06:56.232+0000] {dag.py:3036} INFO - Sync 1 DAGs
[2026-09-22T21:06:56.256+0000] {logging_mixin.py:188} INFO - [2026-09-22T21:06:56.256+0000] {dag.py:3823} INFO - Setting next_dagrun for wifi_livre_sp_pipeline to 2026-09-22 00:00:00+00:00, run_after=2026-09-23 00:00:00+00:00
[2026-09-22T21:06:56.275+0000] {processor.py:183} INFO - Processing /opt/airflow/dags/wifi_pipeline_dag.py took 0.091 seconds
[2026-09-22T21:07:26.464+0000] {processor.py:161} INFO - Started process (PID=776) to work on /opt/airflow/dags/wifi_pipeline_dag.py
[2026-09-22T21:07:26.467+0000] {processor.py:830} INFO - Processing file /opt/airflow/dags/wifi_pipeline_dag.py for tasks to queue
[2026-09-22T21:07:26.467+0000] {logging_mixin.py:188} INFO - [2026-09-22T21:07:26.467+0000] {dagbag.py:538} INFO - Filling up the DagBag from /opt/airflow/dags/wifi_pipeline_dag.py
[2026-09-22T21:07:26.479+0000] {processor.py:840} INFO - DAG(s) 'wifi_livre_sp_pipeline' retrieved from /opt/airflow/dags/wifi_pipeline_dag.py
[2026-09-22T21:07:26.503+0000] {logging_mixin.py:188} INFO - [2026-09-22T21:07:26.502+0000] {dag.py:3036} INFO - Sync 1 DAGs
[2026-09-22T21:07:26.525+0000] {logging_mixin.py:188} INFO - [2026-09-22T21:07:26.525+0000] {dag.py:3823} INFO - Setting next_dagrun for wifi_livre_sp_pipeline to 2026-09-22 00:00:00+00:00, run_after=2026-09-23 00:00:00+00:00
[2026-09-22T21:07:26.540+0000] {processor.py:183} INFO - Processing /opt/airflow/dags/wifi_pipeline_dag.py took 0.082 seconds
[2026-09-22T21:07:56.660+0000] {processor.py:161} INFO - Started process (PID=781) to work on /opt/airflow/dags/wifi_pipeline_dag.py
[2026-09-22T21:07:56.670+0000] {processor.py:830} INFO - Processing file /opt/airflow/dags/wifi_pipeline_dag.py for tasks to queue
[2026-09-22T21:07:56.671+0000] {logging_mixin.py:188} INFO - [2026-09-22T21:07:56.671+0000] {dagbag.py:538} INFO - Filling up the DagBag from /opt/airflow/dags/wifi_pipeline_dag.py
[2026-09-22T21:07:56.683+0000] {processor.py:840} INFO - DAG(s) 'wifi_livre_sp_pipeline' retrieved from /opt/airflow/dags/wifi_pipeline_dag.py
[2026-09-22T21:07:56.717+0000] {logging_mixin.py:188} INFO - [2026-09-22T21:07:56.716+0000] {dag.py:3036} INFO - Sync 1 DAGs
[2026-09-22T21:07:56.740+0000] {logging_mixin.py:188} INFO - [2026-09-22T21:07:56.740+0000] {dag.py:3823} INFO - Setting next_dagrun for wifi_livre_sp_pipeline to 2026-09-22 00:00:00+00:00, run_after=2026-09-23 00:00:00+00:00
[2026-09-22T21:07:56.764+0000] {processor.py:183} INFO - Processing /opt/airflow/dags/wifi_pipeline_dag.py took 0.107 seconds
[2026-09-22T21:08:26.899+0000] {processor.py:161} INFO - Started process (PID=786) to work on /opt/airflow/dags/wifi_pipeline_dag.py
[2026-09-22T21:08:26.901+0000] {processor.py:830} INFO - Processing file /opt/airflow/dags/wifi_pipeline_dag.py for tasks to queue
[2026-09-22T21:08:26.902+0000] {logging_mixin.py:188} INFO - [2026-09-22T21:08:26.902+0000] {dagbag.py:538} INFO - Filling up the DagBag from /opt/airflow/dags/wifi_pipeline_dag.py
[2026-09-22T21:08:26.920+0000] {processor.py:840} INFO - DAG(s) 'wifi_livre_sp_pipeline' retrieved from /opt/airflow/dags/wifi_pipeline_dag.py
[2026-09-22T21:08:26.952+0000] {logging_mixin.py:188} INFO - [2026-09-22T21:08:26.952+0000] {dag.py:3036} INFO - Sync 1 DAGs
[2026-09-22T21:08:26.976+0000] {logging_mixin.py:188} INFO - [2026-09-22T21:08:26.976+0000] {dag.py:3823} INFO - Setting next_dagrun for wifi_livre_sp_pipeline to 2026-09-22 00:00:00+00:00, run_after=2026-09-23 00:00:00+00:00
[2026-09-22T21:08:26.995+0000] {processor.py:183} INFO - Processing /opt/airflow/dags/wifi_pipeline_dag.py took 0.099 seconds
[2026-09-22T21:08:57.161+0000] {processor.py:161} INFO - Started process (PID=791) to work on /opt/airflow/dags/wifi_pipeline_dag.py
[2026-09-22T21:08:57.163+0000] {processor.py:830} INFO - Processing file /opt/airflow/dags/wifi_pipeline_dag.py for tasks to queue
[2026-09-22T21:08:57.163+0000] {logging_mixin.py:188} INFO - [2026-09-22T21:08:57.163+0000] {dagbag.py:538} INFO - Filling up the DagBag from /opt/airflow/dags/wifi_pipeline_dag.py
[2026-09-22T21:08:57.175+0000] {processor.py:840} INFO - DAG(s) 'wifi_livre_sp_pipeline' retrieved from /opt/airflow/dags/wifi_pipeline_dag.py
[2026-09-22T21:08:57.202+0000] {logging_mixin.py:188} INFO - [2026-09-22T21:08:57.201+0000] {dag.py:3036} INFO - Sync 1 DAGs
[2026-09-22T21:08:57.223+0000] {logging_mixin.py:188} INFO - [2026-09-22T21:08:57.223+0000] {dag.py:3823} INFO - Setting next_dagrun for wifi_livre_sp_pipeline to 2026-09-22 00:00:00+00:00, run_after=2026-09-23 00:00:00+00:00
[2026-09-22T21:08:57.239+0000] {processor.py:183} INFO - Processing /opt/airflow/dags/wifi_pipeline_dag.py took 0.081 seconds
[2026-09-22T21:09:28.192+0000] {processor.py:161} INFO - Started process (PID=796) to work on /opt/airflow/dags/wifi_pipeline_dag.py
[2026-09-22T21:09:28.193+0000] {processor.py:830} INFO - Processing file /opt/airflow/dags/wifi_pipeline_dag.py for tasks to queue
[2026-09-22T21:09:28.195+0000] {logging_mixin.py:188} INFO - [2026-09-22T21:09:28.194+0000] {dagbag.py:538} INFO - Filling up the DagBag from /opt/airflow/dags/wifi_pipeline_dag.py
[2026-09-22T21:09:28.208+0000] {processor.py:840} INFO - DAG(s) 'wifi_livre_sp_pipeline' retrieved from /opt/airflow/dags/wifi_pipeline_dag.py
[2026-09-22T21:09:28.237+0000] {logging_mixin.py:188} INFO - [2026-09-22T21:09:28.237+0000] {dag.py:3036} INFO - Sync 1 DAGs
[2026-09-22T21:09:28.264+0000] {logging_mixin.py:188} INFO - [2026-09-22T21:09:28.263+0000] {dag.py:3823} INFO - Setting next_dagrun for wifi_livre_sp_pipeline to 2026-09-22 00:00:00+00:00, run_after=2026-09-23 00:00:00+00:00
[2026-09-22T21:09:28.284+0000] {processor.py:183} INFO - Processing /opt/airflow/dags/wifi_pipeline_dag.py took 0.099 seconds
[2026-09-22T21:09:58.339+0000] {processor.py:161} INFO - Started process (PID=801) to work on /opt/airflow/dags/wifi_pipeline_dag.py
[2026-09-22T21:09:58.341+0000] {processor.py:830} INFO - Processing file /opt/airflow/dags/wifi_pipeline_dag.py for tasks to queue
[2026-09-22T21:09:58.342+0000] {logging_mixin.py:188} INFO - [2026-09-22T21:09:58.341+0000] {dagbag.py:538} INFO - Filling up the DagBag from /opt/airflow/dags/wifi_pipeline_dag.py
[2026-09-22T21:09:58.357+0000] {processor.py:840} INFO - DAG(s) 'wifi_livre_sp_pipeline' retrieved from /opt/airflow/dags/wifi_pipeline_dag.py
[2026-09-22T21:09:58.386+0000] {logging_mixin.py:188} INFO - [2026-09-22T21:09:58.385+0000] {dag.py:3036} INFO - Sync 1 DAGs
[2026-09-22T21:09:58.408+0000] {logging_mixin.py:188} INFO - [2026-09-22T21:09:58.408+0000] {dag.py:3823} INFO - Setting next_dagrun for wifi_livre_sp_pipeline to 2026-09-22 00:00:00+00:00, run_after=2026-09-23 00:00:00+00:00
[2026-09-22T21:09:58.427+0000] {processor.py:183} INFO - Processing /opt/airflow/dags/wifi_pipeline_dag.py took 0.091 seconds
[2026-09-22T21:10:28.596+0000] {processor.py:161} INFO - Started process (PID=806) to work on /opt/airflow/dags/wifi_pipeline_dag.py
[2026-09-22T21:10:28.598+0000] {processor.py:830} INFO - Processing file /opt/airflow/dags/wifi_pipeline_dag.py for tasks to queue
[2026-09-22T21:10:28.598+0000] {logging_mixin.py:188} INFO - [2026-09-22T21:10:28.598+0000] {dagbag.py:538} INFO - Filling up the DagBag from /opt/airflow/dags/wifi_pipeline_dag.py
[2026-09-22T21:10:28.611+0000] {processor.py:840} INFO - DAG(s) 'wifi_livre_sp_pipeline' retrieved from /opt/airflow/dags/wifi_pipeline_dag.py
[2026-09-22T21:10:28.638+0000] {logging_mixin.py:188} INFO - [2026-09-22T21:10:28.638+0000] {dag.py:3036} INFO - Sync 1 DAGs
[2026-09-22T21:10:28.659+0000] {logging_mixin.py:188} INFO - [2026-09-22T21:10:28.659+0000] {dag.py:3823} INFO - Setting next_dagrun for wifi_livre_sp_pipeline to 2026-09-22 00:00:00+00:00, run_after=2026-09-23 00:00:00+00:00
[2026-09-22T21:10:28.674+0000] {processor.py:183} INFO - Processing /opt/airflow/dags/wifi_pipeline_dag.py took 0.083 seconds
[2026-09-22T21:10:58.906+0000] {processor.py:161} INFO - Started process (PID=811) to work on /opt/airflow/dags/wifi_pipeline_dag.py
[2026-09-22T21:10:58.907+0000] {processor.py:830} INFO - Processing file /opt/airflow/dags/wifi_pipeline_dag.py for tasks to queue
[2026-09-22T21:10:58.908+0000] {logging_mixin.py:188} INFO - [2026-09-22T21:10:58.907+0000] {dagbag.py:538} INFO - Filling up the DagBag from /opt/airflow/dags/wifi_pipeline_dag.py
[2026-09-22T21:10:58.923+0000] {processor.py:840} INFO - DAG(s) 'wifi_livre_sp_pipeline' retrieved from /opt/airflow/dags/wifi_pipeline_dag.py
[2026-09-22T21:10:58.955+0000] {logging_mixin.py:188} INFO - [2026-09-22T21:10:58.954+0000] {dag.py:3036} INFO - Sync 1 DAGs
[2026-09-22T21:10:58.978+0000] {logging_mixin.py:188} INFO - [2026-09-22T21:10:58.978+0000] {dag.py:3823} INFO - Setting next_dagrun for wifi_livre_sp_pipeline to 2026-09-22 00:00:00+00:00, run_after=2026-09-23 00:00:00+00:00
[2026-09-22T21:10:58.999+0000] {processor.py:183} INFO - Processing /opt/airflow/dags/wifi_pipeline_dag.py took 0.098 seconds
[2026-09-22T21:11:29.058+0000] {processor.py:161} INFO - Started process (PID=816) to work on /opt/airflow/dags/wifi_pipeline_dag.py
[2026-09-22T21:11:29.060+0000] {processor.py:830} INFO - Processing file /opt/airflow/dags/wifi_pipeline_dag.py for tasks to queue
[2026-09-22T21:11:29.061+0000] {logging_mixin.py:188} INFO - [2026-09-22T21:11:29.061+0000] {dagbag.py:538} INFO - Filling up the DagBag from /opt/airflow/dags/wifi_pipeline_dag.py
[2026-09-22T21:11:29.076+0000] {processor.py:840} INFO - DAG(s) 'wifi_livre_sp_pipeline' retrieved from /opt/airflow/dags/wifi_pipeline_dag.py
[2026-09-22T21:11:29.113+0000] {logging_mixin.py:188} INFO - [2026-09-22T21:11:29.113+0000] {dag.py:3036} INFO - Sync 1 DAGs
[2026-09-22T21:11:29.146+0000] {logging_mixin.py:188} INFO - [2026-09-22T21:11:29.146+0000] {dag.py:3823} INFO - Setting next_dagrun for wifi_livre_sp_pipeline to 2026-09-22 00:00:00+00:00, run_after=2026-09-23 00:00:00+00:00
[2026-09-22T21:11:29.170+0000] {processor.py:183} INFO - Processing /opt/airflow/dags/wifi_pipeline_dag.py took 0.116 seconds
[2026-09-22T21:11:59.203+0000] {processor.py:161} INFO - Started process (PID=821) to work on /opt/airflow/dags/wifi_pipeline_dag.py
[2026-09-22T21:11:59.205+0000] {processor.py:830} INFO - Processing file /opt/airflow/dags/wifi_pipeline_dag.py for tasks to queue
[2026-09-22T21:11:59.206+0000] {logging_mixin.py:188} INFO - [2026-09-22T21:11:59.205+0000] {dagbag.py:538} INFO - Filling up the DagBag from /opt/airflow/dags/wifi_pipeline_dag.py
[2026-09-22T21:11:59.217+0000] {processor.py:840} INFO - DAG(s) 'wifi_livre_sp_pipeline' retrieved from /opt/airflow/dags/wifi_pipeline_dag.py
[2026-09-22T21:11:59.247+0000] {logging_mixin.py:188} INFO - [2026-09-22T21:11:59.247+0000] {dag.py:3036} INFO - Sync 1 DAGs
[2026-09-22T21:11:59.269+0000] {logging_mixin.py:188} INFO - [2026-09-22T21:11:59.269+0000] {dag.py:3823} INFO - Setting next_dagrun for wifi_livre_sp_pipeline to 2026-09-22 00:00:00+00:00, run_after=2026-09-23 00:00:00+00:00
[2026-09-22T21:11:59.289+0000] {processor.py:183} INFO - Processing /opt/airflow/dags/wifi_pipeline_dag.py took 0.089 seconds
[2026-09-22T21:12:29.338+0000] {processor.py:161} INFO - Started process (PID=826) to work on /opt/airflow/dags/wifi_pipeline_dag.py
[2026-09-22T21:12:29.339+0000] {processor.py:830} INFO - Processing file /opt/airflow/dags/wifi_pipeline_dag.py for tasks to queue
[2026-09-22T21:12:29.340+0000] {logging_mixin.py:188} INFO - [2026-09-22T21:12:29.340+0000] {dagbag.py:538} INFO - Filling up the DagBag from /opt/airflow/dags/wifi_pipeline_dag.py
[2026-09-22T21:12:29.353+0000] {processor.py:840} INFO - DAG(s) 'wifi_livre_sp_pipeline' retrieved from /opt/airflow/dags/wifi_pipeline_dag.py
[2026-09-22T21:12:29.378+0000] {logging_mixin.py:188} INFO - [2026-09-22T21:12:29.378+0000] {dag.py:3036} INFO - Sync 1 DAGs
[2026-09-22T21:12:29.397+0000] {logging_mixin.py:188} INFO - [2026-09-22T21:12:29.397+0000] {dag.py:3823} INFO - Setting next_dagrun for wifi_livre_sp_pipeline to 2026-09-22 00:00:00+00:00, run_after=2026-09-23 00:00:00+00:00
[2026-09-22T21:12:29.412+0000] {processor.py:183} INFO - Processing /opt/airflow/dags/wifi_pipeline_dag.py took 0.078 seconds
[2026-09-22T21:12:59.454+0000] {processor.py:161} INFO - Started process (PID=831) to work on /opt/airflow/dags/wifi_pipeline_dag.py
[2026-09-22T21:12:59.456+0000] {processor.py:830} INFO - Processing file /opt/airflow/dags/wifi_pipeline_dag.py for tasks to queue
[2026-09-22T21:12:59.457+0000] {logging_mixin.py:188} INFO - [2026-09-22T21:12:59.456+0000] {dagbag.py:538} INFO - Filling up the DagBag from /opt/airflow/dags/wifi_pipeline_dag.py
[2026-09-22T21:12:59.469+0000] {processor.py:840} INFO - DAG(s) 'wifi_livre_sp_pipeline' retrieved from /opt/airflow/dags/wifi_pipeline_dag.py
[2026-09-22T21:12:59.498+0000] {logging_mixin.py:188} INFO - [2026-09-22T21:12:59.497+0000] {dag.py:3036} INFO - Sync 1 DAGs
[2026-09-22T21:12:59.521+0000] {logging_mixin.py:188} INFO - [2026-09-22T21:12:59.521+0000] {dag.py:3823} INFO - Setting next_dagrun for wifi_livre_sp_pipeline to 2026-09-22 00:00:00+00:00, run_after=2026-09-23 00:00:00+00:00
[2026-09-22T21:12:59.538+0000] {processor.py:183} INFO - Processing /opt/airflow/dags/wifi_pipeline_dag.py took 0.088 seconds
[2026-09-22T21:13:29.726+0000] {processor.py:161} INFO - Started process (PID=836) to work on /opt/airflow/dags/wifi_pipeline_dag.py
[2026-09-22T21:13:29.728+0000] {processor.py:830} INFO - Processing file /opt/airflow/dags/wifi_pipeline_dag.py for tasks to queue
[2026-09-22T21:13:29.729+0000] {logging_mixin.py:188} INFO - [2026-09-22T21:13:29.729+0000] {dagbag.py:538} INFO - Filling up the DagBag from /opt/airflow/dags/wifi_pipeline_dag.py
[2026-09-22T21:13:29.749+0000] {processor.py:840} INFO - DAG(s) 'wifi_livre_sp_pipeline' retrieved from /opt/airflow/dags/wifi_pipeline_dag.py
[2026-09-22T21:13:29.783+0000] {logging_mixin.py:188} INFO - [2026-09-22T21:13:29.783+0000] {dag.py:3036} INFO - Sync 1 DAGs
[2026-09-22T21:13:29.811+0000] {logging_mixin.py:188} INFO - [2026-09-22T21:13:29.810+0000] {dag.py:3823} INFO - Setting next_dagrun for wifi_livre_sp_pipeline to 2026-09-22 00:00:00+00:00, run_after=2026-09-23 00:00:00+00:00
[2026-09-22T21:13:29.837+0000] {processor.py:183} INFO - Processing /opt/airflow/dags/wifi_pipeline_dag.py took 0.116 seconds
[2026-09-22T21:13:59.899+0000] {processor.py:161} INFO - Started process (PID=841) to work on /opt/airflow/dags/wifi_pipeline_dag.py
[2026-09-22T21:13:59.901+0000] {processor.py:830} INFO - Processing file /opt/airflow/dags/wifi_pipeline_dag.py for tasks to queue
[2026-09-22T21:13:59.902+0000] {logging_mixin.py:188} INFO - [2026-09-22T21:13:59.902+0000] {dagbag.py:538} INFO - Filling up the DagBag from /opt/airflow/dags/wifi_pipeline_dag.py
[2026-09-22T21:13:59.913+0000] {processor.py:840} INFO - DAG(s) 'wifi_livre_sp_pipeline' retrieved from /opt/airflow/dags/wifi_pipeline_dag.py
[2026-09-22T21:13:59.942+0000] {logging_mixin.py:188} INFO - [2026-09-22T21:13:59.941+0000] {dag.py:3036} INFO - Sync 1 DAGs
[2026-09-22T21:13:59.962+0000] {logging_mixin.py:188} INFO - [2026-09-22T21:13:59.962+0000] {dag.py:3823} INFO - Setting next_dagrun for wifi_livre_sp_pipeline to 2026-09-22 00:00:00+00:00, run_after=2026-09-23 00:00:00+00:00
[2026-09-22T21:13:59.977+0000] {processor.py:183} INFO - Processing /opt/airflow/dags/wifi_pipeline_dag.py took 0.081 seconds
[2026-09-22T21:14:30.042+0000] {processor.py:161} INFO - Started process (PID=846) to work on /opt/airflow/dags/wifi_pipeline_dag.py
[2026-09-22T21:14:30.043+0000] {processor.py:830} INFO - Processing file /opt/airflow/dags/wifi_pipeline_dag.py for tasks to queue
[2026-09-22T21:14:30.044+0000] {logging_mixin.py:188} INFO - [2026-09-22T21:14:30.044+0000] {dagbag.py:538} INFO - Filling up the DagBag from /opt/airflow/dags/wifi_pipeline_dag.py
[2026-09-22T21:14:30.059+0000] {processor.py:840} INFO - DAG(s) 'wifi_livre_sp_pipeline' retrieved from /opt/airflow/dags/wifi_pipeline_dag.py
[2026-09-22T21:14:30.090+0000] {logging_mixin.py:188} INFO - [2026-09-22T21:14:30.089+0000] {dag.py:3036} INFO - Sync 1 DAGs
[2026-09-22T21:14:30.112+0000] {logging_mixin.py:188} INFO - [2026-09-22T21:14:30.111+0000] {dag.py:3823} INFO - Setting next_dagrun for wifi_livre_sp_pipeline to 2026-09-22 00:00:00+00:00, run_after=2026-09-23 00:00:00+00:00
[2026-09-22T21:14:30.128+0000] {processor.py:183} INFO - Processing /opt/airflow/dags/wifi_pipeline_dag.py took 0.091 seconds
[2026-09-22T21:15:00.238+0000] {processor.py:161} INFO - Started process (PID=851) to work on /opt/airflow/dags/wifi_pipeline_dag.py
[2026-09-22T21:15:00.239+0000] {processor.py:830} INFO - Processing file /opt/airflow/dags/wifi_pipeline_dag.py for tasks to queue
[2026-09-22T21:15:00.240+0000] {logging_mixin.py:188} INFO - [2026-09-22T21:15:00.240+0000] {dagbag.py:538} INFO - Filling up the DagBag from /opt/airflow/dags/wifi_pipeline_dag.py
[2026-09-22T21:15:00.257+0000] {processor.py:840} INFO - DAG(s) 'wifi_livre_sp_pipeline' retrieved from /opt/airflow/dags/wifi_pipeline_dag.py
[2026-09-22T21:15:00.301+0000] {logging_mixin.py:188} INFO - [2026-09-22T21:15:00.300+0000] {dag.py:3036} INFO - Sync 1 DAGs
[2026-09-22T21:15:00.333+0000] {logging_mixin.py:188} INFO - [2026-09-22T21:15:00.332+0000] {dag.py:3823} INFO - Setting next_dagrun for wifi_livre_sp_pipeline to 2026-09-22 00:00:00+00:00, run_after=2026-09-23 00:00:00+00:00
[2026-09-22T21:15:00.360+0000] {processor.py:183} INFO - Processing /opt/airflow/dags/wifi_pipeline_dag.py took 0.126 seconds
[2026-09-22T21:15:30.512+0000] {processor.py:161} INFO - Started process (PID=856) to work on /opt/airflow/dags/wifi_pipeline_dag.py
[2026-09-22T21:15:30.514+0000] {processor.py:830} INFO - Processing file /opt/airflow/dags/wifi_pipeline_dag.py for tasks to queue
[2026-09-22T21:15:30.515+0000] {logging_mixin.py:188} INFO - [2026-09-22T21:15:30.515+0000] {dagbag.py:538} INFO - Filling up the DagBag from /opt/airflow/dags/wifi_pipeline_dag.py
[2026-09-22T21:15:30.530+0000] {processor.py:840} INFO - DAG(s) 'wifi_livre_sp_pipeline' retrieved from /opt/airflow/dags/wifi_pipeline_dag.py
[2026-09-22T21:15:30.557+0000] {logging_mixin.py:188} INFO - [2026-09-22T21:15:30.556+0000] {dag.py:3036} INFO - Sync 1 DAGs
[2026-09-22T21:15:30.578+0000] {logging_mixin.py:188} INFO - [2026-09-22T21:15:30.578+0000] {dag.py:3823} INFO - Setting next_dagrun for wifi_livre_sp_pipeline to 2026-09-22 00:00:00+00:00, run_after=2026-09-23 00:00:00+00:00
[2026-09-22T21:15:30.593+0000] {processor.py:183} INFO - Processing /opt/airflow/dags/wifi_pipeline_dag.py took 0.084 seconds
[2026-09-22T21:16:00.655+0000] {processor.py:161} INFO - Started process (PID=861) to work on /opt/airflow/dags/wifi_pipeline_dag.py
[2026-09-22T21:16:00.656+0000] {processor.py:830} INFO - Processing file /opt/airflow/dags/wifi_pipeline_dag.py for tasks to queue
[2026-09-22T21:16:00.656+0000] {logging_mixin.py:188} INFO - [2026-09-22T21:16:00.656+0000] {dagbag.py:538} INFO - Filling up the DagBag from /opt/airflow/dags/wifi_pipeline_dag.py
[2026-09-22T21:16:00.669+0000] {processor.py:840} INFO - DAG(s) 'wifi_livre_sp_pipeline' retrieved from /opt/airflow/dags/wifi_pipeline_dag.py
[2026-09-22T21:16:00.696+0000] {logging_mixin.py:188} INFO - [2026-09-22T21:16:00.695+0000] {dag.py:3036} INFO - Sync 1 DAGs
[2026-09-22T21:16:00.719+0000] {logging_mixin.py:188} INFO - [2026-09-22T21:16:00.718+0000] {dag.py:3823} INFO - Setting next_dagrun for wifi_livre_sp_pipeline to 2026-09-22 00:00:00+00:00, run_after=2026-09-23 00:00:00+00:00
[2026-09-22T21:16:00.737+0000] {processor.py:183} INFO - Processing /opt/airflow/dags/wifi_pipeline_dag.py took 0.085 seconds
[2026-09-22T21:16:30.876+0000] {processor.py:161} INFO - Started process (PID=866) to work on /opt/airflow/dags/wifi_pipeline_dag.py
[2026-09-22T21:16:30.877+0000] {processor.py:830} INFO - Processing file /opt/airflow/dags/wifi_pipeline_dag.py for tasks to queue
[2026-09-22T21:16:30.878+0000] {logging_mixin.py:188} INFO - [2026-09-22T21:16:30.878+0000] {dagbag.py:538} INFO - Filling up the DagBag from /opt/airflow/dags/wifi_pipeline_dag.py
[2026-09-22T21:16:30.891+0000] {processor.py:840} INFO - DAG(s) 'wifi_livre_sp_pipeline' retrieved from /opt/airflow/dags/wifi_pipeline_dag.py
[2026-09-22T21:16:30.921+0000] {logging_mixin.py:188} INFO - [2026-09-22T21:16:30.921+0000] {dag.py:3036} INFO - Sync 1 DAGs
[2026-09-22T21:16:30.943+0000] {logging_mixin.py:188} INFO - [2026-09-22T21:16:30.943+0000] {dag.py:3823} INFO - Setting next_dagrun for wifi_livre_sp_pipeline to 2026-09-22 00:00:00+00:00, run_after=2026-09-23 00:00:00+00:00
[2026-09-22T21:16:30.960+0000] {processor.py:183} INFO - Processing /opt/airflow/dags/wifi_pipeline_dag.py took 0.087 seconds
[2026-09-22T21:17:01.978+0000] {processor.py:161} INFO - Started process (PID=871) to work on /opt/airflow/dags/wifi_pipeline_dag.py
[2026-09-22T21:17:01.980+0000] {processor.py:830} INFO - Processing file /opt/airflow/dags/wifi_pipeline_dag.py for tasks to queue
[2026-09-22T21:17:01.981+0000] {logging_mixin.py:188} INFO - [2026-09-22T21:17:01.980+0000] {dagbag.py:538} INFO - Filling up the DagBag from /opt/airflow/dags/wifi_pipeline_dag.py
[2026-09-22T21:17:01.993+0000] {processor.py:840} INFO - DAG(s) 'wifi_livre_sp_pipeline' retrieved from /opt/airflow/dags/wifi_pipeline_dag.py
[2026-09-22T21:17:02.022+0000] {logging_mixin.py:188} INFO - [2026-09-22T21:17:02.022+0000] {dag.py:3036} INFO - Sync 1 DAGs
[2026-09-22T21:17:02.046+0000] {logging_mixin.py:188} INFO - [2026-09-22T21:17:02.045+0000] {dag.py:3823} INFO - Setting next_dagrun for wifi_livre_sp_pipeline to 2026-09-22 00:00:00+00:00, run_after=2026-09-23 00:00:00+00:00
[2026-09-22T21:17:02.066+0000] {processor.py:183} INFO - Processing /opt/airflow/dags/wifi_pipeline_dag.py took 0.091 seconds
[2026-09-22T21:17:32.173+0000] {processor.py:161} INFO - Started process (PID=876) to work on /opt/airflow/dags/wifi_pipeline_dag.py
[2026-09-22T21:17:32.175+0000] {processor.py:830} INFO - Processing file /opt/airflow/dags/wifi_pipeline_dag.py for tasks to queue
[2026-09-22T21:17:32.176+0000] {logging_mixin.py:188} INFO - [2026-09-22T21:17:32.176+0000] {dagbag.py:538} INFO - Filling up the DagBag from /opt/airflow/dags/wifi_pipeline_dag.py
[2026-09-22T21:17:32.190+0000] {processor.py:840} INFO - DAG(s) 'wifi_livre_sp_pipeline' retrieved from /opt/airflow/dags/wifi_pipeline_dag.py
[2026-09-22T21:17:32.225+0000] {logging_mixin.py:188} INFO - [2026-09-22T21:17:32.224+0000] {dag.py:3036} INFO - Sync 1 DAGs
[2026-09-22T21:17:32.255+0000] {logging_mixin.py:188} INFO - [2026-09-22T21:17:32.255+0000] {dag.py:3823} INFO - Setting next_dagrun for wifi_livre_sp_pipeline to 2026-09-22 00:00:00+00:00, run_after=2026-09-23 00:00:00+00:00
[2026-09-22T21:17:32.285+0000] {processor.py:183} INFO - Processing /opt/airflow/dags/wifi_pipeline_dag.py took 0.115 seconds
[2026-09-22T21:18:03.302+0000] {processor.py:161} INFO - Started process (PID=881) to work on /opt/airflow/dags/wifi_pipeline_dag.py
[2026-09-22T21:18:03.304+0000] {processor.py:830} INFO - Processing file /opt/airflow/dags/wifi_pipeline_dag.py for tasks to queue
[2026-09-22T21:18:03.305+0000] {logging_mixin.py:188} INFO - [2026-09-22T21:18:03.304+0000] {dagbag.py:538} INFO - Filling up the DagBag from /opt/airflow/dags/wifi_pipeline_dag.py
[2026-09-22T21:18:03.316+0000] {processor.py:840} INFO - DAG(s) 'wifi_livre_sp_pipeline' retrieved from /opt/airflow/dags/wifi_pipeline_dag.py
[2026-09-22T21:18:03.347+0000] {logging_mixin.py:188} INFO - [2026-09-22T21:18:03.346+0000] {dag.py:3036} INFO - Sync 1 DAGs
[2026-09-22T21:18:03.373+0000] {logging_mixin.py:188} INFO - [2026-09-22T21:18:03.373+0000] {dag.py:3823} INFO - Setting next_dagrun for wifi_livre_sp_pipeline to 2026-09-22 00:00:00+00:00, run_after=2026-09-23 00:00:00+00:00
[2026-09-22T21:18:03.393+0000] {processor.py:183} INFO - Processing /opt/airflow/dags/wifi_pipeline_dag.py took 0.094 seconds
[2026-09-22T21:18:33.446+0000] {processor.py:161} INFO - Started process (PID=886) to work on /opt/airflow/dags/wifi_pipeline_dag.py
[2026-09-22T21:18:33.448+0000] {processor.py:830} INFO - Processing file /opt/airflow/dags/wifi_pipeline_dag.py for tasks to queue
[2026-09-22T21:18:33.449+0000] {logging_mixin.py:188} INFO - [2026-09-22T21:18:33.449+0000] {dagbag.py:538} INFO - Filling up the DagBag from /opt/airflow/dags/wifi_pipeline_dag.py
[2026-09-22T21:18:33.463+0000] {processor.py:840} INFO - DAG(s) 'wifi_livre_sp_pipeline' retrieved from /opt/airflow/dags/wifi_pipeline_dag.py
[2026-09-22T21:18:33.494+0000] {logging_mixin.py:188} INFO - [2026-09-22T21:18:33.494+0000] {dag.py:3036} INFO - Sync 1 DAGs
[2026-09-22T21:18:33.520+0000] {logging_mixin.py:188} INFO - [2026-09-22T21:18:33.520+0000] {dag.py:3823} INFO - Setting next_dagrun for wifi_livre_sp_pipeline to 2026-09-22 00:00:00+00:00, run_after=2026-09-23 00:00:00+00:00
[2026-09-22T21:18:33.540+0000] {processor.py:183} INFO - Processing /opt/airflow/dags/wifi_pipeline_dag.py took 0.099 seconds
[2026-09-22T21:19:03.858+0000] {processor.py:161} INFO - Started process (PID=891) to work on /opt/airflow/dags/wifi_pipeline_dag.py
[2026-09-22T21:19:03.860+0000] {processor.py:830} INFO - Processing file /opt/airflow/dags/wifi_pipeline_dag.py for tasks to queue
[2026-09-22T21:19:03.861+0000] {logging_mixin.py:188} INFO - [2026-09-22T21:19:03.860+0000] {dagbag.py:538} INFO - Filling up the DagBag from /opt/airflow/dags/wifi_pipeline_dag.py
[2026-09-22T21:19:03.873+0000] {processor.py:840} INFO - DAG(s) 'wifi_livre_sp_pipeline' retrieved from /opt/airflow/dags/wifi_pipeline_dag.py
[2026-09-22T21:19:03.901+0000] {logging_mixin.py:188} INFO - [2026-09-22T21:19:03.901+0000] {dag.py:3036} INFO - Sync 1 DAGs
[2026-09-22T21:19:03.924+0000] {logging_mixin.py:188} INFO - [2026-09-22T21:19:03.924+0000] {dag.py:3823} INFO - Setting next_dagrun for wifi_livre_sp_pipeline to 2026-09-22 00:00:00+00:00, run_after=2026-09-23 00:00:00+00:00
[2026-09-22T21:19:03.944+0000] {processor.py:183} INFO - Processing /opt/airflow/dags/wifi_pipeline_dag.py took 0.089 seconds
[2026-09-22T21:19:33.838+0000] {processor.py:161} INFO - Started process (PID=896) to work on /opt/airflow/dags/wifi_pipeline_dag.py
[2026-09-22T21:19:33.839+0000] {processor.py:830} INFO - Processing file /opt/airflow/dags/wifi_pipeline_dag.py for tasks to queue
[2026-09-22T21:19:33.840+0000] {logging_mixin.py:188} INFO - [2026-09-22T21:19:33.840+0000] {dagbag.py:538} INFO - Filling up the DagBag from /opt/airflow/dags/wifi_pipeline_dag.py
[2026-09-22T21:19:33.851+0000] {processor.py:840} INFO - DAG(s) 'wifi_livre_sp_pipeline' retrieved from /opt/airflow/dags/wifi_pipeline_dag.py
[2026-09-22T21:19:33.880+0000] {logging_mixin.py:188} INFO - [2026-09-22T21:19:33.880+0000] {dag.py:3036} INFO - Sync 1 DAGs
[2026-09-22T21:19:33.903+0000] {logging_mixin.py:188} INFO - [2026-09-22T21:19:33.903+0000] {dag.py:3823} INFO - Setting next_dagrun for wifi_livre_sp_pipeline to 2026-09-22 00:00:00+00:00, run_after=2026-09-23 00:00:00+00:00
[2026-09-22T21:19:33.920+0000] {processor.py:183} INFO - Processing /opt/airflow/dags/wifi_pipeline_dag.py took 0.086 seconds
[2026-09-22T21:20:04.902+0000] {processor.py:161} INFO - Started process (PID=901) to work on /opt/airflow/dags/wifi_pipeline_dag.py
[2026-09-22T21:20:04.904+0000] {processor.py:830} INFO - Processing file /opt/airflow/dags/wifi_pipeline_dag.py for tasks to queue
[2026-09-22T21:20:04.905+0000] {logging_mixin.py:188} INFO - [2026-09-22T21:20:04.904+0000] {dagbag.py:538} INFO - Filling up the DagBag from /opt/airflow/dags/wifi_pipeline_dag.py
[2026-09-22T21:20:04.915+0000] {processor.py:840} INFO - DAG(s) 'wifi_livre_sp_pipeline' retrieved from /opt/airflow/dags/wifi_pipeline_dag.py
[2026-09-22T21:20:04.944+0000] {logging_mixin.py:188} INFO - [2026-09-22T21:20:04.943+0000] {dag.py:3036} INFO - Sync 1 DAGs
[2026-09-22T21:20:04.966+0000] {logging_mixin.py:188} INFO - [2026-09-22T21:20:04.966+0000] {dag.py:3823} INFO - Setting next_dagrun for wifi_livre_sp_pipeline to 2026-09-22 00:00:00+00:00, run_after=2026-09-23 00:00:00+00:00
[2026-09-22T21:20:04.982+0000] {processor.py:183} INFO - Processing /opt/airflow/dags/wifi_pipeline_dag.py took 0.083 seconds
[2026-09-22T21:20:35.088+0000] {processor.py:161} INFO - Started process (PID=906) to work on /opt/airflow/dags/wifi_pipeline_dag.py
[2026-09-22T21:20:35.089+0000] {processor.py:830} INFO - Processing file /opt/airflow/dags/wifi_pipeline_dag.py for tasks to queue
[2026-09-22T21:20:35.090+0000] {logging_mixin.py:188} INFO - [2026-09-22T21:20:35.090+0000] {dagbag.py:538} INFO - Filling up the DagBag from /opt/airflow/dags/wifi_pipeline_dag.py
[2026-09-22T21:20:35.101+0000] {processor.py:840} INFO - DAG(s) 'wifi_livre_sp_pipeline' retrieved from /opt/airflow/dags/wifi_pipeline_dag.py
[2026-09-22T21:20:35.126+0000] {logging_mixin.py:188} INFO - [2026-09-22T21:20:35.126+0000] {dag.py:3036} INFO - Sync 1 DAGs
[2026-09-22T21:20:35.151+0000] {logging_mixin.py:188} INFO - [2026-09-22T21:20:35.151+0000] {dag.py:3823} INFO - Setting next_dagrun for wifi_livre_sp_pipeline to 2026-09-22 00:00:00+00:00, run_after=2026-09-23 00:00:00+00:00
[2026-09-22T21:20:35.175+0000] {processor.py:183} INFO - Processing /opt/airflow/dags/wifi_pipeline_dag.py took 0.091 seconds
[2026-09-22T21:21:06.184+0000] {processor.py:161} INFO - Started process (PID=911) to work on /opt/airflow/dags/wifi_pipeline_dag.py
[2026-09-22T21:21:06.187+0000] {processor.py:830} INFO - Processing file /opt/airflow/dags/wifi_pipeline_dag.py for tasks to queue
[2026-09-22T21:21:06.188+0000] {logging_mixin.py:188} INFO - [2026-09-22T21:21:06.188+0000] {dagbag.py:538} INFO - Filling up the DagBag from /opt/airflow/dags/wifi_pipeline_dag.py
[2026-09-22T21:21:06.203+0000] {processor.py:840} INFO - DAG(s) 'wifi_livre_sp_pipeline' retrieved from /opt/airflow/dags/wifi_pipeline_dag.py
[2026-09-22T21:21:06.231+0000] {logging_mixin.py:188} INFO - [2026-09-22T21:21:06.230+0000] {dag.py:3036} INFO - Sync 1 DAGs
[2026-09-22T21:21:06.254+0000] {logging_mixin.py:188} INFO - [2026-09-22T21:21:06.254+0000] {dag.py:3823} INFO - Setting next_dagrun for wifi_livre_sp_pipeline to 2026-09-22 00:00:00+00:00, run_after=2026-09-23 00:00:00+00:00
[2026-09-22T21:21:06.272+0000] {processor.py:183} INFO - Processing /opt/airflow/dags/wifi_pipeline_dag.py took 0.097 seconds
[2026-09-22T21:21:36.361+0000] {processor.py:161} INFO - Started process (PID=916) to work on /opt/airflow/dags/wifi_pipeline_dag.py
[2026-09-22T21:21:36.363+0000] {processor.py:830} INFO - Processing file /opt/airflow/dags/wifi_pipeline_dag.py for tasks to queue
[2026-09-22T21:21:36.364+0000] {logging_mixin.py:188} INFO - [2026-09-22T21:21:36.364+0000] {dagbag.py:538} INFO - Filling up the DagBag from /opt/airflow/dags/wifi_pipeline_dag.py
[2026-09-22T21:21:36.376+0000] {processor.py:840} INFO - DAG(s) 'wifi_livre_sp_pipeline' retrieved from /opt/airflow/dags/wifi_pipeline_dag.py
[2026-09-22T21:21:36.409+0000] {logging_mixin.py:188} INFO - [2026-09-22T21:21:36.408+0000] {dag.py:3036} INFO - Sync 1 DAGs
[2026-09-22T21:21:36.432+0000] {logging_mixin.py:188} INFO - [2026-09-22T21:21:36.432+0000] {dag.py:3823} INFO - Setting next_dagrun for wifi_livre_sp_pipeline to 2026-09-22 00:00:00+00:00, run_after=2026-09-23 00:00:00+00:00
[2026-09-22T21:21:36.452+0000] {processor.py:183} INFO - Processing /opt/airflow/dags/wifi_pipeline_dag.py took 0.094 seconds
[2026-09-22T21:22:07.479+0000] {processor.py:161} INFO - Started process (PID=921) to work on /opt/airflow/dags/wifi_pipeline_dag.py
[2026-09-22T21:22:07.481+0000] {processor.py:830} INFO - Processing file /opt/airflow/dags/wifi_pipeline_dag.py for tasks to queue
[2026-09-22T21:22:07.483+0000] {logging_mixin.py:188} INFO - [2026-09-22T21:22:07.482+0000] {dagbag.py:538} INFO - Filling up the DagBag from /opt/airflow/dags/wifi_pipeline_dag.py
[2026-09-22T21:22:07.499+0000] {processor.py:840} INFO - DAG(s) 'wifi_livre_sp_pipeline' retrieved from /opt/airflow/dags/wifi_pipeline_dag.py
[2026-09-22T21:22:07.532+0000] {logging_mixin.py:188} INFO - [2026-09-22T21:22:07.532+0000] {dag.py:3036} INFO - Sync 1 DAGs
[2026-09-22T21:22:07.556+0000] {logging_mixin.py:188} INFO - [2026-09-22T21:22:07.556+0000] {dag.py:3823} INFO - Setting next_dagrun for wifi_livre_sp_pipeline to 2026-09-22 00:00:00+00:00, run_after=2026-09-23 00:00:00+00:00
[2026-09-22T21:22:07.575+0000] {processor.py:183} INFO - Processing /opt/airflow/dags/wifi_pipeline_dag.py took 0.100 seconds
