[2026-09-18T02:05:34.484+0000] {taskinstance.py:1956} INFO - Dependencies all met for dep_context=non-requeueable deps ti=<TaskInstance: wifi_livre_sp_pipeline.extrair_ingerir_csv scheduled__2026-09-17T00:00:00+00:00 [queued]>
[2026-09-18T02:05:34.497+0000] {taskinstance.py:1956} INFO - Dependencies all met for dep_context=requeueable deps ti=<TaskInstance: wifi_livre_sp_pipeline.extrair_ingerir_csv scheduled__2026-09-17T00:00:00+00:00 [queued]>
[2026-09-18T02:05:34.497+0000] {taskinstance.py:2170} INFO - Starting attempt 1 of 1
[2026-09-18T02:05:34.516+0000] {taskinstance.py:2191} INFO - Executing <Task(BashOperator): extrair_ingerir_csv> on 2026-09-17 00:00:00+00:00
[2026-09-18T02:05:34.524+0000] {standard_task_runner.py:60} INFO - Started process 197 to run task
[2026-09-18T02:05:34.529+0000] {standard_task_runner.py:87} INFO - Running: ['airflow', 'tasks', 'run', 'wifi_livre_sp_pipeline', 'extrair_ingerir_csv', 'scheduled__2026-09-17T00:00:00+00:00', '--job-id', '3', '--raw', '--subdir', 'DAGS_FOLDER/wifi_pipeline_dag.py', '--cfg-path', '/tmp/tmp5jvq3plv']
[2026-09-18T02:05:34.532+0000] {standard_task_runner.py:88} INFO - Job 3: Subtask extrair_ingerir_csv
[2026-09-18T02:05:34.557+0000] {logging_mixin.py:188} WARNING - /home/airflow/.local/lib/python3.8/site-packages/airflow/settings.py:194 DeprecationWarning: The sql_alchemy_conn option in [core] has been moved to the sql_alchemy_conn option in [database] - the old setting has been used, but please update your config.
[2026-09-18T02:05:34.611+0000] {task_command.py:423} INFO - Running <TaskInstance: wifi_livre_sp_pipeline.extrair_ingerir_csv scheduled__2026-09-17T00:00:00+00:00 [running]> on host db3ea1e434f8
[2026-09-18T02:05:34.712+0000] {taskinstance.py:2480} INFO - Exporting env vars: AIRFLOW_CTX_DAG_OWNER='infrasaber' AIRFLOW_CTX_DAG_ID='wifi_livre_sp_pipeline' AIRFLOW_CTX_TASK_ID='extrair_ingerir_csv' AIRFLOW_CTX_EXECUTION_DATE='2026-09-17T00:00:00+00:00' AIRFLOW_CTX_TRY_NUMBER='1' AIRFLOW_CTX_DAG_RUN_ID='scheduled__2026-09-17T00:00:00+00:00'
[2026-09-18T02:05:34.714+0000] {subprocess.py:63} INFO - Tmp dir root location: /tmp
[2026-09-18T02:05:34.715+0000] {subprocess.py:75} INFO - Running command: ['/usr/bin/bash', '-c', 'cd /opt/airflow/backend_app && python run_ingest_wifi.py /opt/airflow/data/brutos/pontos_internet_carapicuiba_400.csv']
[2026-09-18T02:05:34.729+0000] {subprocess.py:86} INFO - Output:
[2026-09-18T02:05:36.751+0000] {subprocess.py:93} INFO - Lendo o arquivo bruto em: /opt/airflow/data/brutos/pontos_internet_carapicuiba_400.csv
[2026-09-18T02:05:36.752+0000] {subprocess.py:93} INFO - Carga de staging foi concluída com sucesso! O total de registros procssados: 400
[2026-09-18T02:05:36.752+0000] {subprocess.py:93} INFO - OK: 400 registros inseridos no staging.
[2026-09-18T02:05:36.917+0000] {subprocess.py:97} INFO - Command exited with return code 0
[2026-09-18T02:05:36.951+0000] {taskinstance.py:1138} INFO - Marking task as SUCCESS. dag_id=wifi_livre_sp_pipeline, task_id=extrair_ingerir_csv, execution_date=20260917T000000, start_date=20260918T020534, end_date=20260918T020536
[2026-09-18T02:05:36.995+0000] {local_task_job_runner.py:234} INFO - Task exited with return code 0
[2026-09-18T02:05:37.016+0000] {taskinstance.py:3280} INFO - 1 downstream tasks scheduled from follow-on schedule check
[2026-09-18T02:12:42.005+0000] {taskinstance.py:1956} INFO - Dependencies all met for dep_context=non-requeueable deps ti=<TaskInstance: wifi_livre_sp_pipeline.extrair_ingerir_csv scheduled__2026-09-17T00:00:00+00:00 [queued]>
[2026-09-18T02:12:42.013+0000] {taskinstance.py:1956} INFO - Dependencies all met for dep_context=requeueable deps ti=<TaskInstance: wifi_livre_sp_pipeline.extrair_ingerir_csv scheduled__2026-09-17T00:00:00+00:00 [queued]>
[2026-09-18T02:12:42.013+0000] {taskinstance.py:2170} INFO - Starting attempt 1 of 1
[2026-09-18T02:12:42.028+0000] {taskinstance.py:2191} INFO - Executing <Task(BashOperator): extrair_ingerir_csv> on 2026-09-17 00:00:00+00:00
[2026-09-18T02:12:42.034+0000] {standard_task_runner.py:60} INFO - Started process 188 to run task
[2026-09-18T02:12:42.038+0000] {standard_task_runner.py:87} INFO - Running: ['airflow', 'tasks', 'run', 'wifi_livre_sp_pipeline', 'extrair_ingerir_csv', 'scheduled__2026-09-17T00:00:00+00:00', '--job-id', '2', '--raw', '--subdir', 'DAGS_FOLDER/wifi_pipeline_dag.py', '--cfg-path', '/tmp/tmpsq3bls96']
[2026-09-18T02:12:42.041+0000] {standard_task_runner.py:88} INFO - Job 2: Subtask extrair_ingerir_csv
[2026-09-18T02:12:42.061+0000] {logging_mixin.py:188} WARNING - /home/airflow/.local/lib/python3.8/site-packages/airflow/settings.py:194 DeprecationWarning: The sql_alchemy_conn option in [core] has been moved to the sql_alchemy_conn option in [database] - the old setting has been used, but please update your config.
[2026-09-18T02:12:42.106+0000] {task_command.py:423} INFO - Running <TaskInstance: wifi_livre_sp_pipeline.extrair_ingerir_csv scheduled__2026-09-17T00:00:00+00:00 [running]> on host 00962c57699f
[2026-09-18T02:12:42.205+0000] {taskinstance.py:2480} INFO - Exporting env vars: AIRFLOW_CTX_DAG_OWNER='infrasaber' AIRFLOW_CTX_DAG_ID='wifi_livre_sp_pipeline' AIRFLOW_CTX_TASK_ID='extrair_ingerir_csv' AIRFLOW_CTX_EXECUTION_DATE='2026-09-17T00:00:00+00:00' AIRFLOW_CTX_TRY_NUMBER='1' AIRFLOW_CTX_DAG_RUN_ID='scheduled__2026-09-17T00:00:00+00:00'
[2026-09-18T02:12:42.206+0000] {subprocess.py:63} INFO - Tmp dir root location: /tmp
[2026-09-18T02:12:42.208+0000] {subprocess.py:75} INFO - Running command: ['/usr/bin/bash', '-c', 'cd /opt/airflow/backend_app && python run_ingest_wifi.py /opt/airflow/data/brutos/pontos_internet_carapicuiba_400.csv']
[2026-09-18T02:12:42.224+0000] {subprocess.py:86} INFO - Output:
[2026-09-18T02:12:44.044+0000] {subprocess.py:93} INFO - Lendo o arquivo bruto em: /opt/airflow/data/brutos/pontos_internet_carapicuiba_400.csv
[2026-09-18T02:12:44.045+0000] {subprocess.py:93} INFO - Carga de staging foi concluída com sucesso! O total de registros procssados: 400
[2026-09-18T02:12:44.045+0000] {subprocess.py:93} INFO - OK: 400 registros inseridos no staging.
[2026-09-18T02:12:44.205+0000] {subprocess.py:97} INFO - Command exited with return code 0
[2026-09-18T02:12:44.231+0000] {taskinstance.py:1138} INFO - Marking task as SUCCESS. dag_id=wifi_livre_sp_pipeline, task_id=extrair_ingerir_csv, execution_date=20260917T000000, start_date=20260918T021242, end_date=20260918T021244
[2026-09-18T02:12:44.262+0000] {local_task_job_runner.py:234} INFO - Task exited with return code 0
[2026-09-18T02:12:44.290+0000] {taskinstance.py:3280} INFO - 1 downstream tasks scheduled from follow-on schedule check
[2026-09-18T02:20:42.232+0000] {taskinstance.py:1956} INFO - Dependencies all met for dep_context=non-requeueable deps ti=<TaskInstance: wifi_livre_sp_pipeline.extrair_ingerir_csv scheduled__2026-09-17T00:00:00+00:00 [queued]>
[2026-09-18T02:20:42.246+0000] {taskinstance.py:1956} INFO - Dependencies all met for dep_context=requeueable deps ti=<TaskInstance: wifi_livre_sp_pipeline.extrair_ingerir_csv scheduled__2026-09-17T00:00:00+00:00 [queued]>
[2026-09-18T02:20:42.247+0000] {taskinstance.py:2170} INFO - Starting attempt 1 of 1
[2026-09-18T02:20:42.271+0000] {taskinstance.py:2191} INFO - Executing <Task(BashOperator): extrair_ingerir_csv> on 2026-09-17 00:00:00+00:00
[2026-09-18T02:20:42.282+0000] {standard_task_runner.py:60} INFO - Started process 188 to run task
[2026-09-18T02:20:42.289+0000] {standard_task_runner.py:87} INFO - Running: ['airflow', 'tasks', 'run', 'wifi_livre_sp_pipeline', 'extrair_ingerir_csv', 'scheduled__2026-09-17T00:00:00+00:00', '--job-id', '3', '--raw', '--subdir', 'DAGS_FOLDER/wifi_pipeline_dag.py', '--cfg-path', '/tmp/tmpq28gyjvg']
[2026-09-18T02:20:42.294+0000] {standard_task_runner.py:88} INFO - Job 3: Subtask extrair_ingerir_csv
[2026-09-18T02:20:42.327+0000] {logging_mixin.py:188} WARNING - /home/airflow/.local/lib/python3.8/site-packages/airflow/settings.py:194 DeprecationWarning: The sql_alchemy_conn option in [core] has been moved to the sql_alchemy_conn option in [database] - the old setting has been used, but please update your config.
[2026-09-18T02:20:42.386+0000] {task_command.py:423} INFO - Running <TaskInstance: wifi_livre_sp_pipeline.extrair_ingerir_csv scheduled__2026-09-17T00:00:00+00:00 [running]> on host 25d2de59d9d9
[2026-09-18T02:20:42.489+0000] {taskinstance.py:2480} INFO - Exporting env vars: AIRFLOW_CTX_DAG_OWNER='infrasaber' AIRFLOW_CTX_DAG_ID='wifi_livre_sp_pipeline' AIRFLOW_CTX_TASK_ID='extrair_ingerir_csv' AIRFLOW_CTX_EXECUTION_DATE='2026-09-17T00:00:00+00:00' AIRFLOW_CTX_TRY_NUMBER='1' AIRFLOW_CTX_DAG_RUN_ID='scheduled__2026-09-17T00:00:00+00:00'
[2026-09-18T02:20:42.490+0000] {subprocess.py:63} INFO - Tmp dir root location: /tmp
[2026-09-18T02:20:42.491+0000] {subprocess.py:75} INFO - Running command: ['/usr/bin/bash', '-c', 'cd /opt/airflow/backend_app && python run_ingest_wifi.py /opt/airflow/data/brutos/pontos_internet_carapicuiba_400.csv']
[2026-09-18T02:20:42.507+0000] {subprocess.py:86} INFO - Output:
[2026-09-18T02:20:44.155+0000] {subprocess.py:93} INFO - Lendo o arquivo bruto em: /opt/airflow/data/brutos/pontos_internet_carapicuiba_400.csv
[2026-09-18T02:20:44.157+0000] {subprocess.py:93} INFO - Carga de staging foi concluída com sucesso! O total de registros procssados: 149
[2026-09-18T02:20:44.157+0000] {subprocess.py:93} INFO - OK: 149 registros inseridos no staging.
[2026-09-18T02:20:44.345+0000] {subprocess.py:97} INFO - Command exited with return code 0
[2026-09-18T02:20:44.378+0000] {taskinstance.py:1138} INFO - Marking task as SUCCESS. dag_id=wifi_livre_sp_pipeline, task_id=extrair_ingerir_csv, execution_date=20260917T000000, start_date=20260918T022042, end_date=20260918T022044
[2026-09-18T02:20:44.428+0000] {local_task_job_runner.py:234} INFO - Task exited with return code 0
[2026-09-18T02:20:44.461+0000] {taskinstance.py:3280} INFO - 1 downstream tasks scheduled from follow-on schedule check
[2026-09-18T02:58:14.220+0000] {taskinstance.py:1956} INFO - Dependencies all met for dep_context=non-requeueable deps ti=<TaskInstance: wifi_livre_sp_pipeline.extrair_ingerir_csv scheduled__2026-09-17T00:00:00+00:00 [queued]>
[2026-09-18T02:58:14.228+0000] {taskinstance.py:1956} INFO - Dependencies all met for dep_context=requeueable deps ti=<TaskInstance: wifi_livre_sp_pipeline.extrair_ingerir_csv scheduled__2026-09-17T00:00:00+00:00 [queued]>
[2026-09-18T02:58:14.228+0000] {taskinstance.py:2170} INFO - Starting attempt 1 of 1
[2026-09-18T02:58:14.240+0000] {taskinstance.py:2191} INFO - Executing <Task(BashOperator): extrair_ingerir_csv> on 2026-09-17 00:00:00+00:00
[2026-09-18T02:58:14.246+0000] {standard_task_runner.py:60} INFO - Started process 206 to run task
[2026-09-18T02:58:14.249+0000] {standard_task_runner.py:87} INFO - Running: ['airflow', 'tasks', 'run', 'wifi_livre_sp_pipeline', 'extrair_ingerir_csv', 'scheduled__2026-09-17T00:00:00+00:00', '--job-id', '2', '--raw', '--subdir', 'DAGS_FOLDER/wifi_pipeline_dag.py', '--cfg-path', '/tmp/tmpamtw7lzl']
[2026-09-18T02:58:14.251+0000] {standard_task_runner.py:88} INFO - Job 2: Subtask extrair_ingerir_csv
[2026-09-18T02:58:14.271+0000] {logging_mixin.py:188} WARNING - /home/airflow/.local/lib/python3.8/site-packages/airflow/settings.py:194 DeprecationWarning: The sql_alchemy_conn option in [core] has been moved to the sql_alchemy_conn option in [database] - the old setting has been used, but please update your config.
[2026-09-18T02:58:14.313+0000] {task_command.py:423} INFO - Running <TaskInstance: wifi_livre_sp_pipeline.extrair_ingerir_csv scheduled__2026-09-17T00:00:00+00:00 [running]> on host d346419215d9
[2026-09-18T02:58:14.395+0000] {taskinstance.py:2480} INFO - Exporting env vars: AIRFLOW_CTX_DAG_OWNER='infrasaber' AIRFLOW_CTX_DAG_ID='wifi_livre_sp_pipeline' AIRFLOW_CTX_TASK_ID='extrair_ingerir_csv' AIRFLOW_CTX_EXECUTION_DATE='2026-09-17T00:00:00+00:00' AIRFLOW_CTX_TRY_NUMBER='1' AIRFLOW_CTX_DAG_RUN_ID='scheduled__2026-09-17T00:00:00+00:00'
[2026-09-18T02:58:14.396+0000] {subprocess.py:63} INFO - Tmp dir root location: /tmp
[2026-09-18T02:58:14.397+0000] {subprocess.py:75} INFO - Running command: ['/usr/bin/bash', '-c', 'cd /opt/airflow/backend_app && python run_ingest_wifi.py /opt/airflow/data/brutos/pontos_internet_carapicuiba_400.csv']
[2026-09-18T02:58:14.410+0000] {subprocess.py:86} INFO - Output:
[2026-09-18T02:58:16.188+0000] {subprocess.py:93} INFO - Lendo o arquivo bruto em: /opt/airflow/data/brutos/pontos_internet_carapicuiba_400.csv
[2026-09-18T02:58:16.189+0000] {subprocess.py:93} INFO - Carga de staging foi concluída com sucesso! O total de registros procssados: 149
[2026-09-18T02:58:16.189+0000] {subprocess.py:93} INFO - OK: 149 registros inseridos no staging.
[2026-09-18T02:58:16.355+0000] {subprocess.py:97} INFO - Command exited with return code 0
[2026-09-18T02:58:16.386+0000] {taskinstance.py:1138} INFO - Marking task as SUCCESS. dag_id=wifi_livre_sp_pipeline, task_id=extrair_ingerir_csv, execution_date=20260917T000000, start_date=20260918T025814, end_date=20260918T025816
[2026-09-18T02:58:16.435+0000] {local_task_job_runner.py:234} INFO - Task exited with return code 0
[2026-09-18T02:58:16.458+0000] {taskinstance.py:3280} INFO - 1 downstream tasks scheduled from follow-on schedule check
[2026-09-18T14:16:04.704+0000] {taskinstance.py:1956} INFO - Dependencies all met for dep_context=non-requeueable deps ti=<TaskInstance: wifi_livre_sp_pipeline.extrair_ingerir_csv scheduled__2026-09-17T00:00:00+00:00 [queued]>
[2026-09-18T14:16:04.713+0000] {taskinstance.py:1956} INFO - Dependencies all met for dep_context=requeueable deps ti=<TaskInstance: wifi_livre_sp_pipeline.extrair_ingerir_csv scheduled__2026-09-17T00:00:00+00:00 [queued]>
[2026-09-18T14:16:04.713+0000] {taskinstance.py:2170} INFO - Starting attempt 1 of 1
[2026-09-18T14:16:04.728+0000] {taskinstance.py:2191} INFO - Executing <Task(BashOperator): extrair_ingerir_csv> on 2026-09-17 00:00:00+00:00
[2026-09-18T14:16:04.735+0000] {standard_task_runner.py:60} INFO - Started process 186 to run task
[2026-09-18T14:16:04.739+0000] {standard_task_runner.py:87} INFO - Running: ['airflow', 'tasks', 'run', 'wifi_livre_sp_pipeline', 'extrair_ingerir_csv', 'scheduled__2026-09-17T00:00:00+00:00', '--job-id', '2', '--raw', '--subdir', 'DAGS_FOLDER/wifi_pipeline_dag.py', '--cfg-path', '/tmp/tmp12v1hzzj']
[2026-09-18T14:16:04.742+0000] {standard_task_runner.py:88} INFO - Job 2: Subtask extrair_ingerir_csv
[2026-09-18T14:16:04.763+0000] {logging_mixin.py:188} WARNING - /home/airflow/.local/lib/python3.8/site-packages/airflow/settings.py:194 DeprecationWarning: The sql_alchemy_conn option in [core] has been moved to the sql_alchemy_conn option in [database] - the old setting has been used, but please update your config.
[2026-09-18T14:16:04.812+0000] {task_command.py:423} INFO - Running <TaskInstance: wifi_livre_sp_pipeline.extrair_ingerir_csv scheduled__2026-09-17T00:00:00+00:00 [running]> on host ec3e628142ce
[2026-09-18T14:16:04.959+0000] {taskinstance.py:2480} INFO - Exporting env vars: AIRFLOW_CTX_DAG_OWNER='infrasaber' AIRFLOW_CTX_DAG_ID='wifi_livre_sp_pipeline' AIRFLOW_CTX_TASK_ID='extrair_ingerir_csv' AIRFLOW_CTX_EXECUTION_DATE='2026-09-17T00:00:00+00:00' AIRFLOW_CTX_TRY_NUMBER='1' AIRFLOW_CTX_DAG_RUN_ID='scheduled__2026-09-17T00:00:00+00:00'
[2026-09-18T14:16:04.961+0000] {subprocess.py:63} INFO - Tmp dir root location: /tmp
[2026-09-18T14:16:04.963+0000] {subprocess.py:75} INFO - Running command: ['/usr/bin/bash', '-c', 'cd /opt/airflow/backend_app && python run_ingest_wifi.py /opt/airflow/data/brutos/pontos_internet_carapicuiba_400.csv']
[2026-09-18T14:16:04.988+0000] {subprocess.py:86} INFO - Output:
[2026-09-18T14:16:06.391+0000] {subprocess.py:93} INFO - Lendo o arquivo bruto em: /opt/airflow/data/brutos/pontos_internet_carapicuiba_400.csv
[2026-09-18T14:16:06.392+0000] {subprocess.py:93} INFO - Carga de staging foi concluída com sucesso! O total de registros procssados: 149
[2026-09-18T14:16:06.392+0000] {subprocess.py:93} INFO - OK: 149 registros inseridos no staging.
[2026-09-18T14:16:06.525+0000] {subprocess.py:97} INFO - Command exited with return code 0
[2026-09-18T14:16:06.555+0000] {taskinstance.py:1138} INFO - Marking task as SUCCESS. dag_id=wifi_livre_sp_pipeline, task_id=extrair_ingerir_csv, execution_date=20260917T000000, start_date=20260918T141604, end_date=20260918T141606
[2026-09-18T14:16:06.577+0000] {local_task_job_runner.py:234} INFO - Task exited with return code 0
[2026-09-18T14:16:06.599+0000] {taskinstance.py:3280} INFO - 1 downstream tasks scheduled from follow-on schedule check
[2026-09-18T14:52:05.643+0000] {taskinstance.py:1956} INFO - Dependencies all met for dep_context=non-requeueable deps ti=<TaskInstance: wifi_livre_sp_pipeline.extrair_ingerir_csv scheduled__2026-09-17T00:00:00+00:00 [queued]>
[2026-09-18T14:52:05.658+0000] {taskinstance.py:1956} INFO - Dependencies all met for dep_context=requeueable deps ti=<TaskInstance: wifi_livre_sp_pipeline.extrair_ingerir_csv scheduled__2026-09-17T00:00:00+00:00 [queued]>
[2026-09-18T14:52:05.658+0000] {taskinstance.py:2170} INFO - Starting attempt 1 of 1
[2026-09-18T14:52:05.681+0000] {taskinstance.py:2191} INFO - Executing <Task(BashOperator): extrair_ingerir_csv> on 2026-09-17 00:00:00+00:00
[2026-09-18T14:52:05.690+0000] {standard_task_runner.py:60} INFO - Started process 181 to run task
[2026-09-18T14:52:05.694+0000] {standard_task_runner.py:87} INFO - Running: ['airflow', 'tasks', 'run', 'wifi_livre_sp_pipeline', 'extrair_ingerir_csv', 'scheduled__2026-09-17T00:00:00+00:00', '--job-id', '2', '--raw', '--subdir', 'DAGS_FOLDER/wifi_pipeline_dag.py', '--cfg-path', '/tmp/tmpe6h0mnn0']
[2026-09-18T14:52:05.696+0000] {standard_task_runner.py:88} INFO - Job 2: Subtask extrair_ingerir_csv
[2026-09-18T14:52:05.720+0000] {logging_mixin.py:188} WARNING - /home/airflow/.local/lib/python3.8/site-packages/airflow/settings.py:194 DeprecationWarning: The sql_alchemy_conn option in [core] has been moved to the sql_alchemy_conn option in [database] - the old setting has been used, but please update your config.
[2026-09-18T14:52:05.762+0000] {task_command.py:423} INFO - Running <TaskInstance: wifi_livre_sp_pipeline.extrair_ingerir_csv scheduled__2026-09-17T00:00:00+00:00 [running]> on host f78edba80e73
[2026-09-18T14:52:05.844+0000] {taskinstance.py:2480} INFO - Exporting env vars: AIRFLOW_CTX_DAG_OWNER='infrasaber' AIRFLOW_CTX_DAG_ID='wifi_livre_sp_pipeline' AIRFLOW_CTX_TASK_ID='extrair_ingerir_csv' AIRFLOW_CTX_EXECUTION_DATE='2026-09-17T00:00:00+00:00' AIRFLOW_CTX_TRY_NUMBER='1' AIRFLOW_CTX_DAG_RUN_ID='scheduled__2026-09-17T00:00:00+00:00'
[2026-09-18T14:52:05.845+0000] {subprocess.py:63} INFO - Tmp dir root location: /tmp
[2026-09-18T14:52:05.846+0000] {subprocess.py:75} INFO - Running command: ['/usr/bin/bash', '-c', 'cd /opt/airflow/backend_app && python run_ingest_wifi.py /opt/airflow/data/brutos/pontos_internet_carapicuiba_400.csv']
[2026-09-18T14:52:05.858+0000] {subprocess.py:86} INFO - Output:
[2026-09-18T14:52:07.687+0000] {subprocess.py:93} INFO - Lendo o arquivo bruto em: /opt/airflow/data/brutos/pontos_internet_carapicuiba_400.csv
[2026-09-18T14:52:07.687+0000] {subprocess.py:93} INFO - Carga de staging foi concluída com sucesso! O total de registros procssados: 149
[2026-09-18T14:52:07.688+0000] {subprocess.py:93} INFO - OK: 149 registros inseridos no staging.
[2026-09-18T14:52:07.855+0000] {subprocess.py:97} INFO - Command exited with return code 0
[2026-09-18T14:52:07.885+0000] {taskinstance.py:1138} INFO - Marking task as SUCCESS. dag_id=wifi_livre_sp_pipeline, task_id=extrair_ingerir_csv, execution_date=20260917T000000, start_date=20260918T145205, end_date=20260918T145207
[2026-09-18T14:52:07.913+0000] {local_task_job_runner.py:234} INFO - Task exited with return code 0
[2026-09-18T14:52:07.936+0000] {taskinstance.py:3280} INFO - 1 downstream tasks scheduled from follow-on schedule check
[2026-09-18T14:59:32.897+0000] {taskinstance.py:1956} INFO - Dependencies all met for dep_context=non-requeueable deps ti=<TaskInstance: wifi_livre_sp_pipeline.extrair_ingerir_csv scheduled__2026-09-17T00:00:00+00:00 [queued]>
[2026-09-18T14:59:32.905+0000] {taskinstance.py:1956} INFO - Dependencies all met for dep_context=requeueable deps ti=<TaskInstance: wifi_livre_sp_pipeline.extrair_ingerir_csv scheduled__2026-09-17T00:00:00+00:00 [queued]>
[2026-09-18T14:59:32.906+0000] {taskinstance.py:2170} INFO - Starting attempt 1 of 1
[2026-09-18T14:59:32.919+0000] {taskinstance.py:2191} INFO - Executing <Task(BashOperator): extrair_ingerir_csv> on 2026-09-17 00:00:00+00:00
[2026-09-18T14:59:32.925+0000] {standard_task_runner.py:60} INFO - Started process 202 to run task
[2026-09-18T14:59:32.929+0000] {standard_task_runner.py:87} INFO - Running: ['airflow', 'tasks', 'run', 'wifi_livre_sp_pipeline', 'extrair_ingerir_csv', 'scheduled__2026-09-17T00:00:00+00:00', '--job-id', '3', '--raw', '--subdir', 'DAGS_FOLDER/wifi_pipeline_dag.py', '--cfg-path', '/tmp/tmpslncs4d4']
[2026-09-18T14:59:32.931+0000] {standard_task_runner.py:88} INFO - Job 3: Subtask extrair_ingerir_csv
[2026-09-18T14:59:32.953+0000] {logging_mixin.py:188} WARNING - /home/airflow/.local/lib/python3.8/site-packages/airflow/settings.py:194 DeprecationWarning: The sql_alchemy_conn option in [core] has been moved to the sql_alchemy_conn option in [database] - the old setting has been used, but please update your config.
[2026-09-18T14:59:32.996+0000] {task_command.py:423} INFO - Running <TaskInstance: wifi_livre_sp_pipeline.extrair_ingerir_csv scheduled__2026-09-17T00:00:00+00:00 [running]> on host 0918b50b7f38
[2026-09-18T14:59:33.085+0000] {taskinstance.py:2480} INFO - Exporting env vars: AIRFLOW_CTX_DAG_OWNER='infrasaber' AIRFLOW_CTX_DAG_ID='wifi_livre_sp_pipeline' AIRFLOW_CTX_TASK_ID='extrair_ingerir_csv' AIRFLOW_CTX_EXECUTION_DATE='2026-09-17T00:00:00+00:00' AIRFLOW_CTX_TRY_NUMBER='1' AIRFLOW_CTX_DAG_RUN_ID='scheduled__2026-09-17T00:00:00+00:00'
[2026-09-18T14:59:33.085+0000] {subprocess.py:63} INFO - Tmp dir root location: /tmp
[2026-09-18T14:59:33.086+0000] {subprocess.py:75} INFO - Running command: ['/usr/bin/bash', '-c', 'cd /opt/airflow/backend_app && python run_ingest_wifi.py /opt/airflow/data/brutos/pontos_internet_carapicuiba_400.csv']
[2026-09-18T14:59:33.099+0000] {subprocess.py:86} INFO - Output:
[2026-09-18T14:59:34.475+0000] {subprocess.py:93} INFO - Lendo o arquivo bruto em: /opt/airflow/data/brutos/pontos_internet_carapicuiba_400.csv
[2026-09-18T14:59:34.476+0000] {subprocess.py:93} INFO - Carga de staging foi concluída com sucesso! O total de registros procssados: 149
[2026-09-18T14:59:34.476+0000] {subprocess.py:93} INFO - OK: 149 registros inseridos no staging.
[2026-09-18T14:59:34.611+0000] {subprocess.py:97} INFO - Command exited with return code 0
[2026-09-18T14:59:34.638+0000] {taskinstance.py:1138} INFO - Marking task as SUCCESS. dag_id=wifi_livre_sp_pipeline, task_id=extrair_ingerir_csv, execution_date=20260917T000000, start_date=20260918T145932, end_date=20260918T145934
[2026-09-18T14:59:34.666+0000] {local_task_job_runner.py:234} INFO - Task exited with return code 0
[2026-09-18T14:59:34.686+0000] {taskinstance.py:3280} INFO - 1 downstream tasks scheduled from follow-on schedule check
[2026-09-18T15:08:25.484+0000] {taskinstance.py:1956} INFO - Dependencies all met for dep_context=non-requeueable deps ti=<TaskInstance: wifi_livre_sp_pipeline.extrair_ingerir_csv scheduled__2026-09-17T00:00:00+00:00 [queued]>
[2026-09-18T15:08:25.494+0000] {taskinstance.py:1956} INFO - Dependencies all met for dep_context=requeueable deps ti=<TaskInstance: wifi_livre_sp_pipeline.extrair_ingerir_csv scheduled__2026-09-17T00:00:00+00:00 [queued]>
[2026-09-18T15:08:25.494+0000] {taskinstance.py:2170} INFO - Starting attempt 1 of 1
[2026-09-18T15:08:25.508+0000] {taskinstance.py:2191} INFO - Executing <Task(BashOperator): extrair_ingerir_csv> on 2026-09-17 00:00:00+00:00
[2026-09-18T15:08:25.514+0000] {standard_task_runner.py:60} INFO - Started process 211 to run task
[2026-09-18T15:08:25.518+0000] {standard_task_runner.py:87} INFO - Running: ['airflow', 'tasks', 'run', 'wifi_livre_sp_pipeline', 'extrair_ingerir_csv', 'scheduled__2026-09-17T00:00:00+00:00', '--job-id', '2', '--raw', '--subdir', 'DAGS_FOLDER/wifi_pipeline_dag.py', '--cfg-path', '/tmp/tmplyzaghag']
[2026-09-18T15:08:25.520+0000] {standard_task_runner.py:88} INFO - Job 2: Subtask extrair_ingerir_csv
[2026-09-18T15:08:25.540+0000] {logging_mixin.py:188} WARNING - /home/airflow/.local/lib/python3.8/site-packages/airflow/settings.py:194 DeprecationWarning: The sql_alchemy_conn option in [core] has been moved to the sql_alchemy_conn option in [database] - the old setting has been used, but please update your config.
[2026-09-18T15:08:25.584+0000] {task_command.py:423} INFO - Running <TaskInstance: wifi_livre_sp_pipeline.extrair_ingerir_csv scheduled__2026-09-17T00:00:00+00:00 [running]> on host 48d9b3badee2
[2026-09-18T15:08:25.667+0000] {taskinstance.py:2480} INFO - Exporting env vars: AIRFLOW_CTX_DAG_OWNER='infrasaber' AIRFLOW_CTX_DAG_ID='wifi_livre_sp_pipeline' AIRFLOW_CTX_TASK_ID='extrair_ingerir_csv' AIRFLOW_CTX_EXECUTION_DATE='2026-09-17T00:00:00+00:00' AIRFLOW_CTX_TRY_NUMBER='1' AIRFLOW_CTX_DAG_RUN_ID='scheduled__2026-09-17T00:00:00+00:00'
[2026-09-18T15:08:25.668+0000] {subprocess.py:63} INFO - Tmp dir root location: /tmp
[2026-09-18T15:08:25.669+0000] {subprocess.py:75} INFO - Running command: ['/usr/bin/bash', '-c', 'cd /opt/airflow/backend_app && python run_ingest_wifi.py /opt/airflow/data/brutos/pontos_internet_carapicuiba_400.csv']
[2026-09-18T15:08:25.680+0000] {subprocess.py:86} INFO - Output:
[2026-09-18T15:08:27.538+0000] {subprocess.py:93} INFO - Lendo o arquivo bruto em: /opt/airflow/data/brutos/pontos_internet_carapicuiba_400.csv
[2026-09-18T15:08:27.539+0000] {subprocess.py:93} INFO - Carga de staging foi concluída com sucesso! O total de registros procssados: 149
[2026-09-18T15:08:27.539+0000] {subprocess.py:93} INFO - OK: 149 registros inseridos no staging.
[2026-09-18T15:08:27.660+0000] {subprocess.py:97} INFO - Command exited with return code 0
[2026-09-18T15:08:27.687+0000] {taskinstance.py:1138} INFO - Marking task as SUCCESS. dag_id=wifi_livre_sp_pipeline, task_id=extrair_ingerir_csv, execution_date=20260917T000000, start_date=20260918T150825, end_date=20260918T150827
[2026-09-18T15:08:27.706+0000] {local_task_job_runner.py:234} INFO - Task exited with return code 0
[2026-09-18T15:08:27.728+0000] {taskinstance.py:3280} INFO - 1 downstream tasks scheduled from follow-on schedule check
[2026-09-18T15:15:13.900+0000] {taskinstance.py:1956} INFO - Dependencies all met for dep_context=non-requeueable deps ti=<TaskInstance: wifi_livre_sp_pipeline.extrair_ingerir_csv scheduled__2026-09-17T00:00:00+00:00 [queued]>
[2026-09-18T15:15:13.908+0000] {taskinstance.py:1956} INFO - Dependencies all met for dep_context=requeueable deps ti=<TaskInstance: wifi_livre_sp_pipeline.extrair_ingerir_csv scheduled__2026-09-17T00:00:00+00:00 [queued]>
[2026-09-18T15:15:13.908+0000] {taskinstance.py:2170} INFO - Starting attempt 1 of 1
[2026-09-18T15:15:13.921+0000] {taskinstance.py:2191} INFO - Executing <Task(BashOperator): extrair_ingerir_csv> on 2026-09-17 00:00:00+00:00
[2026-09-18T15:15:13.927+0000] {standard_task_runner.py:60} INFO - Started process 191 to run task
[2026-09-18T15:15:13.931+0000] {standard_task_runner.py:87} INFO - Running: ['airflow', 'tasks', 'run', 'wifi_livre_sp_pipeline', 'extrair_ingerir_csv', 'scheduled__2026-09-17T00:00:00+00:00', '--job-id', '2', '--raw', '--subdir', 'DAGS_FOLDER/wifi_pipeline_dag.py', '--cfg-path', '/tmp/tmp8evq74g2']
[2026-09-18T15:15:13.933+0000] {standard_task_runner.py:88} INFO - Job 2: Subtask extrair_ingerir_csv
[2026-09-18T15:15:13.953+0000] {logging_mixin.py:188} WARNING - /home/airflow/.local/lib/python3.8/site-packages/airflow/settings.py:194 DeprecationWarning: The sql_alchemy_conn option in [core] has been moved to the sql_alchemy_conn option in [database] - the old setting has been used, but please update your config.
[2026-09-18T15:15:14.002+0000] {task_command.py:423} INFO - Running <TaskInstance: wifi_livre_sp_pipeline.extrair_ingerir_csv scheduled__2026-09-17T00:00:00+00:00 [running]> on host de709bdb67c0
[2026-09-18T15:15:14.098+0000] {taskinstance.py:2480} INFO - Exporting env vars: AIRFLOW_CTX_DAG_OWNER='infrasaber' AIRFLOW_CTX_DAG_ID='wifi_livre_sp_pipeline' AIRFLOW_CTX_TASK_ID='extrair_ingerir_csv' AIRFLOW_CTX_EXECUTION_DATE='2026-09-17T00:00:00+00:00' AIRFLOW_CTX_TRY_NUMBER='1' AIRFLOW_CTX_DAG_RUN_ID='scheduled__2026-09-17T00:00:00+00:00'
[2026-09-18T15:15:14.099+0000] {subprocess.py:63} INFO - Tmp dir root location: /tmp
[2026-09-18T15:15:14.100+0000] {subprocess.py:75} INFO - Running command: ['/usr/bin/bash', '-c', 'cd /opt/airflow/backend_app && python run_ingest_wifi.py /opt/airflow/data/brutos/pontos_internet_carapicuiba_400.csv']
[2026-09-18T15:15:14.114+0000] {subprocess.py:86} INFO - Output:
[2026-09-18T15:15:16.032+0000] {subprocess.py:93} INFO - Lendo o arquivo bruto em: /opt/airflow/data/brutos/pontos_internet_carapicuiba_400.csv
[2026-09-18T15:15:16.033+0000] {subprocess.py:93} INFO - Carga de staging foi concluída com sucesso! O total de registros procssados: 149
[2026-09-18T15:15:16.034+0000] {subprocess.py:93} INFO - OK: 149 registros inseridos no staging.
[2026-09-18T15:15:16.205+0000] {subprocess.py:97} INFO - Command exited with return code 0
[2026-09-18T15:15:16.242+0000] {taskinstance.py:1138} INFO - Marking task as SUCCESS. dag_id=wifi_livre_sp_pipeline, task_id=extrair_ingerir_csv, execution_date=20260917T000000, start_date=20260918T151513, end_date=20260918T151516
[2026-09-18T15:15:16.286+0000] {local_task_job_runner.py:234} INFO - Task exited with return code 0
[2026-09-18T15:15:16.310+0000] {taskinstance.py:3280} INFO - 1 downstream tasks scheduled from follow-on schedule check
[2026-09-18T15:21:13.258+0000] {taskinstance.py:1956} INFO - Dependencies all met for dep_context=non-requeueable deps ti=<TaskInstance: wifi_livre_sp_pipeline.extrair_ingerir_csv scheduled__2026-09-17T00:00:00+00:00 [queued]>
[2026-09-18T15:21:13.267+0000] {taskinstance.py:1956} INFO - Dependencies all met for dep_context=requeueable deps ti=<TaskInstance: wifi_livre_sp_pipeline.extrair_ingerir_csv scheduled__2026-09-17T00:00:00+00:00 [queued]>
[2026-09-18T15:21:13.268+0000] {taskinstance.py:2170} INFO - Starting attempt 1 of 1
[2026-09-18T15:21:13.282+0000] {taskinstance.py:2191} INFO - Executing <Task(BashOperator): extrair_ingerir_csv> on 2026-09-17 00:00:00+00:00
[2026-09-18T15:21:13.289+0000] {standard_task_runner.py:60} INFO - Started process 186 to run task
[2026-09-18T15:21:13.293+0000] {standard_task_runner.py:87} INFO - Running: ['airflow', 'tasks', 'run', 'wifi_livre_sp_pipeline', 'extrair_ingerir_csv', 'scheduled__2026-09-17T00:00:00+00:00', '--job-id', '2', '--raw', '--subdir', 'DAGS_FOLDER/wifi_pipeline_dag.py', '--cfg-path', '/tmp/tmpaskyljpg']
[2026-09-18T15:21:13.296+0000] {standard_task_runner.py:88} INFO - Job 2: Subtask extrair_ingerir_csv
[2026-09-18T15:21:13.318+0000] {logging_mixin.py:188} WARNING - /home/airflow/.local/lib/python3.8/site-packages/airflow/settings.py:194 DeprecationWarning: The sql_alchemy_conn option in [core] has been moved to the sql_alchemy_conn option in [database] - the old setting has been used, but please update your config.
[2026-09-18T15:21:13.378+0000] {task_command.py:423} INFO - Running <TaskInstance: wifi_livre_sp_pipeline.extrair_ingerir_csv scheduled__2026-09-17T00:00:00+00:00 [running]> on host 6aadb29c979e
[2026-09-18T15:21:13.476+0000] {taskinstance.py:2480} INFO - Exporting env vars: AIRFLOW_CTX_DAG_OWNER='infrasaber' AIRFLOW_CTX_DAG_ID='wifi_livre_sp_pipeline' AIRFLOW_CTX_TASK_ID='extrair_ingerir_csv' AIRFLOW_CTX_EXECUTION_DATE='2026-09-17T00:00:00+00:00' AIRFLOW_CTX_TRY_NUMBER='1' AIRFLOW_CTX_DAG_RUN_ID='scheduled__2026-09-17T00:00:00+00:00'
[2026-09-18T15:21:13.477+0000] {subprocess.py:63} INFO - Tmp dir root location: /tmp
[2026-09-18T15:21:13.478+0000] {subprocess.py:75} INFO - Running command: ['/usr/bin/bash', '-c', 'cd /opt/airflow/backend_app && python run_ingest_wifi.py /opt/airflow/data/brutos/pontos_internet_carapicuiba_400.csv']
[2026-09-18T15:21:13.492+0000] {subprocess.py:86} INFO - Output:
[2026-09-18T15:21:15.476+0000] {subprocess.py:93} INFO - Lendo o arquivo bruto em: /opt/airflow/data/brutos/pontos_internet_carapicuiba_400.csv
[2026-09-18T15:21:15.476+0000] {subprocess.py:93} INFO - Carga de staging foi concluída com sucesso! O total de registros procssados: 149
[2026-09-18T15:21:15.476+0000] {subprocess.py:93} INFO - OK: 149 registros inseridos no staging.
[2026-09-18T15:21:15.630+0000] {subprocess.py:97} INFO - Command exited with return code 0
[2026-09-18T15:21:15.665+0000] {taskinstance.py:1138} INFO - Marking task as SUCCESS. dag_id=wifi_livre_sp_pipeline, task_id=extrair_ingerir_csv, execution_date=20260917T000000, start_date=20260918T152113, end_date=20260918T152115
[2026-09-18T15:21:15.689+0000] {local_task_job_runner.py:234} INFO - Task exited with return code 0
[2026-09-18T15:21:15.712+0000] {taskinstance.py:3280} INFO - 1 downstream tasks scheduled from follow-on schedule check
[2026-09-18T15:50:09.936+0000] {taskinstance.py:1956} INFO - Dependencies all met for dep_context=non-requeueable deps ti=<TaskInstance: wifi_livre_sp_pipeline.extrair_ingerir_csv scheduled__2026-09-17T00:00:00+00:00 [queued]>
[2026-09-18T15:50:09.951+0000] {taskinstance.py:1956} INFO - Dependencies all met for dep_context=requeueable deps ti=<TaskInstance: wifi_livre_sp_pipeline.extrair_ingerir_csv scheduled__2026-09-17T00:00:00+00:00 [queued]>
[2026-09-18T15:50:09.951+0000] {taskinstance.py:2170} INFO - Starting attempt 1 of 1
[2026-09-18T15:50:09.973+0000] {taskinstance.py:2191} INFO - Executing <Task(BashOperator): extrair_ingerir_csv> on 2026-09-17 00:00:00+00:00
[2026-09-18T15:50:09.983+0000] {standard_task_runner.py:60} INFO - Started process 201 to run task
[2026-09-18T15:50:09.987+0000] {standard_task_runner.py:87} INFO - Running: ['airflow', 'tasks', 'run', 'wifi_livre_sp_pipeline', 'extrair_ingerir_csv', 'scheduled__2026-09-17T00:00:00+00:00', '--job-id', '2', '--raw', '--subdir', 'DAGS_FOLDER/wifi_pipeline_dag.py', '--cfg-path', '/tmp/tmpssefqx0b']
[2026-09-18T15:50:09.990+0000] {standard_task_runner.py:88} INFO - Job 2: Subtask extrair_ingerir_csv
[2026-09-18T15:50:10.013+0000] {logging_mixin.py:188} WARNING - /home/airflow/.local/lib/python3.8/site-packages/airflow/settings.py:194 DeprecationWarning: The sql_alchemy_conn option in [core] has been moved to the sql_alchemy_conn option in [database] - the old setting has been used, but please update your config.
[2026-09-18T15:50:10.058+0000] {task_command.py:423} INFO - Running <TaskInstance: wifi_livre_sp_pipeline.extrair_ingerir_csv scheduled__2026-09-17T00:00:00+00:00 [running]> on host 468c0d6fad67
[2026-09-18T15:50:10.145+0000] {taskinstance.py:2480} INFO - Exporting env vars: AIRFLOW_CTX_DAG_OWNER='infrasaber' AIRFLOW_CTX_DAG_ID='wifi_livre_sp_pipeline' AIRFLOW_CTX_TASK_ID='extrair_ingerir_csv' AIRFLOW_CTX_EXECUTION_DATE='2026-09-17T00:00:00+00:00' AIRFLOW_CTX_TRY_NUMBER='1' AIRFLOW_CTX_DAG_RUN_ID='scheduled__2026-09-17T00:00:00+00:00'
[2026-09-18T15:50:10.146+0000] {subprocess.py:63} INFO - Tmp dir root location: /tmp
[2026-09-18T15:50:10.147+0000] {subprocess.py:75} INFO - Running command: ['/usr/bin/bash', '-c', 'cd /opt/airflow/backend_app && python run_ingest_wifi.py /opt/airflow/data/brutos/pontos_internet_carapicuiba_400.csv']
[2026-09-18T15:50:10.160+0000] {subprocess.py:86} INFO - Output:
[2026-09-18T15:50:12.066+0000] {subprocess.py:93} INFO - Lendo o arquivo bruto em: /opt/airflow/data/brutos/pontos_internet_carapicuiba_400.csv
[2026-09-18T15:50:12.066+0000] {subprocess.py:93} INFO - Carga de staging foi concluída com sucesso! O total de registros procssados: 149
[2026-09-18T15:50:12.067+0000] {subprocess.py:93} INFO - OK: 149 registros inseridos no staging.
[2026-09-18T15:50:12.245+0000] {subprocess.py:97} INFO - Command exited with return code 0
[2026-09-18T15:50:12.278+0000] {taskinstance.py:1138} INFO - Marking task as SUCCESS. dag_id=wifi_livre_sp_pipeline, task_id=extrair_ingerir_csv, execution_date=20260917T000000, start_date=20260918T155009, end_date=20260918T155012
[2026-09-18T15:50:12.297+0000] {local_task_job_runner.py:234} INFO - Task exited with return code 0
[2026-09-18T15:50:12.318+0000] {taskinstance.py:3280} INFO - 1 downstream tasks scheduled from follow-on schedule check
[2026-09-18T20:52:35.736+0000] {taskinstance.py:1956} INFO - Dependencies all met for dep_context=non-requeueable deps ti=<TaskInstance: wifi_livre_sp_pipeline.extrair_ingerir_csv scheduled__2026-09-17T00:00:00+00:00 [queued]>
[2026-09-18T20:52:35.745+0000] {taskinstance.py:1956} INFO - Dependencies all met for dep_context=requeueable deps ti=<TaskInstance: wifi_livre_sp_pipeline.extrair_ingerir_csv scheduled__2026-09-17T00:00:00+00:00 [queued]>
[2026-09-18T20:52:35.745+0000] {taskinstance.py:2170} INFO - Starting attempt 1 of 1
[2026-09-18T20:52:35.759+0000] {taskinstance.py:2191} INFO - Executing <Task(BashOperator): extrair_ingerir_csv> on 2026-09-17 00:00:00+00:00
[2026-09-18T20:52:35.766+0000] {standard_task_runner.py:60} INFO - Started process 416 to run task
[2026-09-18T20:52:35.771+0000] {standard_task_runner.py:87} INFO - Running: ['airflow', 'tasks', 'run', 'wifi_livre_sp_pipeline', 'extrair_ingerir_csv', 'scheduled__2026-09-17T00:00:00+00:00', '--job-id', '4', '--raw', '--subdir', 'DAGS_FOLDER/wifi_pipeline_dag.py', '--cfg-path', '/tmp/tmp5yrz8gnr']
[2026-09-18T20:52:35.774+0000] {standard_task_runner.py:88} INFO - Job 4: Subtask extrair_ingerir_csv
[2026-09-18T20:52:35.796+0000] {logging_mixin.py:188} WARNING - /home/airflow/.local/lib/python3.8/site-packages/airflow/settings.py:194 DeprecationWarning: The sql_alchemy_conn option in [core] has been moved to the sql_alchemy_conn option in [database] - the old setting has been used, but please update your config.
[2026-09-18T20:52:35.847+0000] {task_command.py:423} INFO - Running <TaskInstance: wifi_livre_sp_pipeline.extrair_ingerir_csv scheduled__2026-09-17T00:00:00+00:00 [running]> on host c5ea1cd5cea5
[2026-09-18T20:52:35.945+0000] {taskinstance.py:2480} INFO - Exporting env vars: AIRFLOW_CTX_DAG_OWNER='infrasaber' AIRFLOW_CTX_DAG_ID='wifi_livre_sp_pipeline' AIRFLOW_CTX_TASK_ID='extrair_ingerir_csv' AIRFLOW_CTX_EXECUTION_DATE='2026-09-17T00:00:00+00:00' AIRFLOW_CTX_TRY_NUMBER='1' AIRFLOW_CTX_DAG_RUN_ID='scheduled__2026-09-17T00:00:00+00:00'
[2026-09-18T20:52:35.947+0000] {subprocess.py:63} INFO - Tmp dir root location: /tmp
[2026-09-18T20:52:35.948+0000] {subprocess.py:75} INFO - Running command: ['/usr/bin/bash', '-c', 'cd /opt/airflow/backend_app && python run_ingest_wifi.py /opt/airflow/data/brutos/pontos_internet_carapicuiba_400.csv']
[2026-09-18T20:52:35.963+0000] {subprocess.py:86} INFO - Output:
[2026-09-18T20:52:37.996+0000] {subprocess.py:93} INFO - Lendo o arquivo bruto em: /opt/airflow/data/brutos/pontos_internet_carapicuiba_400.csv
[2026-09-18T20:52:37.997+0000] {subprocess.py:93} INFO - Carga de staging foi concluída com sucesso! O total de registros procssados: 149
[2026-09-18T20:52:37.998+0000] {subprocess.py:93} INFO - OK: 149 registros inseridos no staging.
[2026-09-18T20:52:38.217+0000] {subprocess.py:97} INFO - Command exited with return code 0
[2026-09-18T20:52:38.253+0000] {taskinstance.py:1138} INFO - Marking task as SUCCESS. dag_id=wifi_livre_sp_pipeline, task_id=extrair_ingerir_csv, execution_date=20260917T000000, start_date=20260918T205235, end_date=20260918T205238
[2026-09-18T20:52:38.289+0000] {local_task_job_runner.py:234} INFO - Task exited with return code 0
[2026-09-18T20:52:38.317+0000] {taskinstance.py:3280} INFO - 1 downstream tasks scheduled from follow-on schedule check
[2026-09-18T21:02:02.805+0000] {taskinstance.py:1956} INFO - Dependencies all met for dep_context=non-requeueable deps ti=<TaskInstance: wifi_livre_sp_pipeline.extrair_ingerir_csv scheduled__2026-09-17T00:00:00+00:00 [queued]>
[2026-09-18T21:02:02.814+0000] {taskinstance.py:1956} INFO - Dependencies all met for dep_context=requeueable deps ti=<TaskInstance: wifi_livre_sp_pipeline.extrair_ingerir_csv scheduled__2026-09-17T00:00:00+00:00 [queued]>
[2026-09-18T21:02:02.815+0000] {taskinstance.py:2170} INFO - Starting attempt 1 of 1
[2026-09-18T21:02:02.830+0000] {taskinstance.py:2191} INFO - Executing <Task(BashOperator): extrair_ingerir_csv> on 2026-09-17 00:00:00+00:00
[2026-09-18T21:02:02.838+0000] {standard_task_runner.py:60} INFO - Started process 217 to run task
[2026-09-18T21:02:02.842+0000] {standard_task_runner.py:87} INFO - Running: ['airflow', 'tasks', 'run', 'wifi_livre_sp_pipeline', 'extrair_ingerir_csv', 'scheduled__2026-09-17T00:00:00+00:00', '--job-id', '2', '--raw', '--subdir', 'DAGS_FOLDER/wifi_pipeline_dag.py', '--cfg-path', '/tmp/tmpe09qyk13']
[2026-09-18T21:02:02.845+0000] {standard_task_runner.py:88} INFO - Job 2: Subtask extrair_ingerir_csv
[2026-09-18T21:02:02.868+0000] {logging_mixin.py:188} WARNING - /home/airflow/.local/lib/python3.8/site-packages/airflow/settings.py:194 DeprecationWarning: The sql_alchemy_conn option in [core] has been moved to the sql_alchemy_conn option in [database] - the old setting has been used, but please update your config.
[2026-09-18T21:02:02.919+0000] {task_command.py:423} INFO - Running <TaskInstance: wifi_livre_sp_pipeline.extrair_ingerir_csv scheduled__2026-09-17T00:00:00+00:00 [running]> on host b45712a75ff5
[2026-09-18T21:02:03.016+0000] {taskinstance.py:2480} INFO - Exporting env vars: AIRFLOW_CTX_DAG_OWNER='infrasaber' AIRFLOW_CTX_DAG_ID='wifi_livre_sp_pipeline' AIRFLOW_CTX_TASK_ID='extrair_ingerir_csv' AIRFLOW_CTX_EXECUTION_DATE='2026-09-17T00:00:00+00:00' AIRFLOW_CTX_TRY_NUMBER='1' AIRFLOW_CTX_DAG_RUN_ID='scheduled__2026-09-17T00:00:00+00:00'
[2026-09-18T21:02:03.017+0000] {subprocess.py:63} INFO - Tmp dir root location: /tmp
[2026-09-18T21:02:03.018+0000] {subprocess.py:75} INFO - Running command: ['/usr/bin/bash', '-c', 'cd /opt/airflow/backend_app && python run_ingest_wifi.py /opt/airflow/data/brutos/pontos_internet_carapicuiba_400.csv']
[2026-09-18T21:02:03.031+0000] {subprocess.py:86} INFO - Output:
[2026-09-18T21:02:05.273+0000] {subprocess.py:93} INFO - Lendo o arquivo bruto em: /opt/airflow/data/brutos/pontos_internet_carapicuiba_400.csv
[2026-09-18T21:02:05.274+0000] {subprocess.py:93} INFO - Carga de staging foi concluída com sucesso! O total de registros procssados: 149
[2026-09-18T21:02:05.274+0000] {subprocess.py:93} INFO - OK: 149 registros inseridos no staging.
[2026-09-18T21:02:05.470+0000] {subprocess.py:97} INFO - Command exited with return code 0
[2026-09-18T21:02:05.536+0000] {taskinstance.py:1138} INFO - Marking task as SUCCESS. dag_id=wifi_livre_sp_pipeline, task_id=extrair_ingerir_csv, execution_date=20260917T000000, start_date=20260918T210202, end_date=20260918T210205
[2026-09-18T21:02:05.612+0000] {local_task_job_runner.py:234} INFO - Task exited with return code 0
[2026-09-18T21:02:05.644+0000] {taskinstance.py:3280} INFO - 1 downstream tasks scheduled from follow-on schedule check
