[2026-09-18T02:58:18.367+0000] {taskinstance.py:1956} INFO - Dependencies all met for dep_context=non-requeueable deps ti=<TaskInstance: wifi_livre_sp_pipeline.transformar_pyspark manual__2026-09-18T02:58:14.885159+00:00 [queued]>
[2026-09-18T02:58:18.380+0000] {taskinstance.py:1956} INFO - Dependencies all met for dep_context=requeueable deps ti=<TaskInstance: wifi_livre_sp_pipeline.transformar_pyspark manual__2026-09-18T02:58:14.885159+00:00 [queued]>
[2026-09-18T02:58:18.381+0000] {taskinstance.py:2170} INFO - Starting attempt 1 of 1
[2026-09-18T02:58:18.401+0000] {taskinstance.py:2191} INFO - Executing <Task(BashOperator): transformar_pyspark> on 2026-09-18 02:58:14.885159+00:00
[2026-09-18T02:58:18.409+0000] {standard_task_runner.py:60} INFO - Started process 319 to run task
[2026-09-18T02:58:18.413+0000] {standard_task_runner.py:87} INFO - Running: ['airflow', 'tasks', 'run', 'wifi_livre_sp_pipeline', 'transformar_pyspark', 'manual__2026-09-18T02:58:14.885159+00:00', '--job-id', '5', '--raw', '--subdir', 'DAGS_FOLDER/wifi_pipeline_dag.py', '--cfg-path', '/tmp/tmpiridhslh']
[2026-09-18T02:58:18.416+0000] {standard_task_runner.py:88} INFO - Job 5: Subtask transformar_pyspark
[2026-09-18T02:58:18.444+0000] {logging_mixin.py:188} WARNING - /home/airflow/.local/lib/python3.8/site-packages/airflow/settings.py:194 DeprecationWarning: The sql_alchemy_conn option in [core] has been moved to the sql_alchemy_conn option in [database] - the old setting has been used, but please update your config.
[2026-09-18T02:58:18.492+0000] {task_command.py:423} INFO - Running <TaskInstance: wifi_livre_sp_pipeline.transformar_pyspark manual__2026-09-18T02:58:14.885159+00:00 [running]> on host d346419215d9
[2026-09-18T02:58:18.588+0000] {taskinstance.py:2480} INFO - Exporting env vars: AIRFLOW_CTX_DAG_OWNER='infrasaber' AIRFLOW_CTX_DAG_ID='wifi_livre_sp_pipeline' AIRFLOW_CTX_TASK_ID='transformar_pyspark' AIRFLOW_CTX_EXECUTION_DATE='2026-09-18T02:58:14.885159+00:00' AIRFLOW_CTX_TRY_NUMBER='1' AIRFLOW_CTX_DAG_RUN_ID='manual__2026-09-18T02:58:14.885159+00:00'
[2026-09-18T02:58:18.589+0000] {subprocess.py:63} INFO - Tmp dir root location: /tmp
[2026-09-18T02:58:18.591+0000] {subprocess.py:75} INFO - Running command: ['/usr/bin/bash', '-c', 'python /opt/airflow/spark_jobs/wifi_transform.py']
[2026-09-18T02:58:18.608+0000] {subprocess.py:86} INFO - Output:
[2026-09-18T02:58:20.515+0000] {subprocess.py:93} INFO - :: loading settings :: url = jar:file:/home/airflow/.local/lib/python3.8/site-packages/pyspark/jars/ivy-2.5.1.jar!/org/apache/ivy/core/settings/ivysettings.xml
[2026-09-18T02:58:20.616+0000] {subprocess.py:93} INFO - Ivy Default Cache set to: /home/airflow/.ivy2/cache
[2026-09-18T02:58:20.616+0000] {subprocess.py:93} INFO - The jars for the packages stored in: /home/airflow/.ivy2/jars
[2026-09-18T02:58:20.622+0000] {subprocess.py:93} INFO - org.postgresql#postgresql added as a dependency
[2026-09-18T02:58:20.623+0000] {subprocess.py:93} INFO - :: resolving dependencies :: org.apache.spark#spark-submit-parent-d122f9ac-5ea0-41d0-998c-0062bdb84b05;1.0
[2026-09-18T02:58:20.623+0000] {subprocess.py:93} INFO - 	confs: [default]
[2026-09-18T02:58:20.765+0000] {subprocess.py:93} INFO - 	found org.postgresql#postgresql;42.7.3 in central
[2026-09-18T02:58:20.792+0000] {subprocess.py:93} INFO - 	found org.checkerframework#checker-qual;3.42.0 in central
[2026-09-18T02:58:20.816+0000] {subprocess.py:93} INFO - :: resolution report :: resolve 183ms :: artifacts dl 9ms
[2026-09-18T02:58:20.817+0000] {subprocess.py:93} INFO - 	:: modules in use:
[2026-09-18T02:58:20.817+0000] {subprocess.py:93} INFO - 	org.checkerframework#checker-qual;3.42.0 from central in [default]
[2026-09-18T02:58:20.818+0000] {subprocess.py:93} INFO - 	org.postgresql#postgresql;42.7.3 from central in [default]
[2026-09-18T02:58:20.818+0000] {subprocess.py:93} INFO - 	---------------------------------------------------------------------
[2026-09-18T02:58:20.818+0000] {subprocess.py:93} INFO - 	|                  |            modules            ||   artifacts   |
[2026-09-18T02:58:20.819+0000] {subprocess.py:93} INFO - 	|       conf       | number| search|dwnlded|evicted|| number|dwnlded|
[2026-09-18T02:58:20.819+0000] {subprocess.py:93} INFO - 	---------------------------------------------------------------------
[2026-09-18T02:58:20.819+0000] {subprocess.py:93} INFO - 	|      default     |   2   |   0   |   0   |   0   ||   2   |   0   |
[2026-09-18T02:58:20.819+0000] {subprocess.py:93} INFO - 	---------------------------------------------------------------------
[2026-09-18T02:58:20.826+0000] {subprocess.py:93} INFO - :: retrieving :: org.apache.spark#spark-submit-parent-d122f9ac-5ea0-41d0-998c-0062bdb84b05
[2026-09-18T02:58:20.829+0000] {subprocess.py:93} INFO - 	confs: [default]
[2026-09-18T02:58:20.838+0000] {subprocess.py:93} INFO - 	0 artifacts copied, 2 already retrieved (0kB/12ms)
[2026-09-18T02:58:21.109+0000] {subprocess.py:93} INFO - 26/09/18 02:58:21 WARN NativeCodeLoader: Unable to load native-hadoop library for your platform... using builtin-java classes where applicable
[2026-09-18T02:58:21.328+0000] {subprocess.py:93} INFO - Setting default log level to "WARN".
[2026-09-18T02:58:21.329+0000] {subprocess.py:93} INFO - To adjust logging level use sc.setLogLevel(newLevel). For SparkR, use setLogLevel(newLevel).
[2026-09-18T02:58:22.175+0000] {subprocess.py:93} INFO - 26/09/18 02:58:22 WARN Utils: Service 'SparkUI' could not bind on port 4040. Attempting port 4041.
[2026-09-18T02:58:25.210+0000] {subprocess.py:93} INFO - 26/09/18 02:58:25 WARN SparkStringUtils: Truncated the string representation of a plan since it was too large. This behavior can be adjusted by setting 'spark.sql.debug.maxToStringFields'.
[2026-09-18T02:58:30.679+0000] {subprocess.py:93} INFO - [Stage 0:>                                                          (0 + 1) / 1][Stage 2:>                                                          (0 + 1) / 1]                                                                                Concluído: 149 pontos tratados, 19 bairros agregados.
[2026-09-18T02:58:31.165+0000] {subprocess.py:97} INFO - Command exited with return code 0
[2026-09-18T02:58:31.197+0000] {taskinstance.py:1138} INFO - Marking task as SUCCESS. dag_id=wifi_livre_sp_pipeline, task_id=transformar_pyspark, execution_date=20260918T025814, start_date=20260918T025818, end_date=20260918T025831
[2026-09-18T02:58:31.259+0000] {local_task_job_runner.py:234} INFO - Task exited with return code 0
[2026-09-18T02:58:31.281+0000] {taskinstance.py:3280} INFO - 0 downstream tasks scheduled from follow-on schedule check
